### 2026-09-27T06:25:17Z /c/Users/U439644/AppData/Local/Programs/CLion/bin/cmake/win/x64/bin/cmake.exe --preset debug -B build/timing/debug -DFETCHCONTENT_SOURCE_DIR_CATCH2=C:\Users\U439644\Projects\untitled/build/_deps-cache/catch2 -DFETCHCONTENT_SOURCE_DIR_SDL3=C:\Users\U439644\Projects\untitled/build/_deps-cache/sdl3 -DFETCHCONTENT_SOURCE_DIR_VK_BOOTSTRAP=C:\Users\U439644\Projects\untitled/build/_deps-cache/vk_bootstrap -DFETCHCONTENT_SOURCE_DIR_VMA=C:\Users\U439644\Projects\untitled/build/_deps-cache/vma -DFETCHCONTENT_SOURCE_DIR_VULKAN_HEADERS=C:\Users\U439644\Projects\untitled/build/_deps-cache/vulkan_headers
-- The C compiler identification is Clang 23.1.0 with GNU-like command-line
-- The CXX compiler identification is Clang 23.1.0 with GNU-like command-line
-- Detecting C compiler ABI info
-- Detecting C compiler ABI info - done
-- Check for working C compiler: C:/GitHub/clang+llvm-23.1.0-x86_64-pc-windows-msvc/bin/clang.exe - skipped
-- Detecting C compile features
-- Detecting C compile features - done
-- Detecting CXX compiler ABI info
-- Detecting CXX compiler ABI info - done
-- Check for working CXX compiler: C:/GitHub/clang+llvm-23.1.0-x86_64-pc-windows-msvc/bin/clang++.exe - skipped
-- Detecting CXX compile features
-- Detecting CXX compile features - done
-- Populating mp_units
-- Configuring done (0.7s)
-- Generating done (0.3s)
-- Build files have been written to: C:/Users/U439644/Projects/untitled/build/timing/debug/_deps/mp_units-subbuild
[1/9] Creating directories for 'mp_units-populate'
[1/9] Performing download step (git clone) for 'mp_units-populate'
Cloning into 'mp_units-src'...
HEAD is now at 27d2def9 feat: 2.5.0 released
[2/9] Performing update step for 'mp_units-populate'
-- Already at requested tag: v2.5.0
[3/9] No patch step for 'mp_units-populate'
[5/9] No configure step for 'mp_units-populate'
[6/9] No build step for 'mp_units-populate'
[7/9] No install step for 'mp_units-populate'
[8/9] No test step for 'mp_units-populate'
[9/9] Completed 'mp_units-populate'
-- Checking if libc++ is being used
--   Looking for _LIBCPP_VERSION
--   Looking for _LIBCPP_VERSION - not found
-- Checking if libc++ is being used - not found
-- MP_UNITS_BUILD_CXX_MODULES: OFF
-- MP_UNITS_BUILD_INSTALL: OFF
-- Checking C++ feature test macro '__cpp_lib_format'
-- Checking C++ feature test macro '__cpp_lib_format' - SUCCESS
-- Checking C++ feature test macro '__cpp_explicit_this_parameter'
-- Checking C++ feature test macro '__cpp_explicit_this_parameter' - SUCCESS
-- Checking C++ feature test macro '__cpp_constexpr_exceptions >= 202411L'
-- Checking C++ feature test macro '__cpp_constexpr_exceptions >= 202411L' - FAIL
-- MP_UNITS_API_STD_FORMAT: ON
-- MP_UNITS_API_NO_CRTP: ON
-- MP_UNITS_API_THROWING_CONSTRAINTS: OFF
-- MP_UNITS_API_FREESTANDING: OFF
-- MP_UNITS_API_CONTRACTS: NONE
-- MP_UNITS_API_NATURAL_UNITS: ON
-- Populating erfa
-- Configuring done (0.4s)
-- Generating done (0.3s)
-- Build files have been written to: C:/Users/U439644/Projects/untitled/build/timing/debug/_deps/erfa-subbuild
[1/9] Creating directories for 'erfa-populate'
[1/9] Performing download step (git clone) for 'erfa-populate'
Cloning into 'erfa-src'...
HEAD is now at 9915ba3 Also update configure.ac for 2.0.1
[2/9] Performing update step for 'erfa-populate'
-- Already at requested tag: v2.0.1
[3/9] No patch step for 'erfa-populate'
[5/9] No configure step for 'erfa-populate'
[6/9] No build step for 'erfa-populate'
[7/9] No install step for 'erfa-populate'
[8/9] No test step for 'erfa-populate'
[9/9] Completed 'erfa-populate'
-- Populating stb
-- Configuring done (0.2s)
-- Generating done (0.2s)
-- Build files have been written to: C:/Users/U439644/Projects/untitled/build/timing/debug/_deps/stb-subbuild
[1/9] Creating directories for 'stb-populate'
[1/9] Performing download step (git clone) for 'stb-populate'
Cloning into 'stb-src'...
HEAD is now at 2c980bb Merge pull request #1984 from ruby-R53/patch-1
[2/9] Performing update step for 'stb-populate'
-- Already at requested ref: 2c980bb59875b0d32144a71867fbdebb2f77cd20
[3/9] No patch step for 'stb-populate'
[5/9] No configure step for 'stb-populate'
[6/9] No build step for 'stb-populate'
[7/9] No install step for 'stb-populate'
[8/9] No test step for 'stb-populate'
[9/9] Completed 'stb-populate'
-- Populating lodepng
-- Configuring done (0.4s)
-- Generating done (0.3s)
-- Build files have been written to: C:/Users/U439644/Projects/untitled/build/timing/debug/_deps/lodepng-subbuild
[1/9] Creating directories for 'lodepng-populate'
[1/9] Performing download step (git clone) for 'lodepng-populate'
Cloning into 'lodepng-src'...
HEAD is now at ed6fe58 fix pngdetail utility exif out of bounds issue on 32-bit systems
[2/9] Performing update step for 'lodepng-populate'
-- Already at requested ref: ed6fe5825c6a4fbb7f58ab35a4231c7543cd452a
[3/9] No patch step for 'lodepng-populate'
[5/9] No configure step for 'lodepng-populate'
[6/9] No build step for 'lodepng-populate'
[7/9] No install step for 'lodepng-populate'
[8/9] No test step for 'lodepng-populate'
[9/9] Completed 'lodepng-populate'
-- Populating openexr
-- Configuring done (0.2s)
-- Generating done (0.1s)
-- Build files have been written to: C:/Users/U439644/Projects/untitled/build/timing/debug/_deps/openexr-subbuild
[1/9] Creating directories for 'openexr-populate'
[1/9] Performing download step (git clone) for 'openexr-populate'
Cloning into 'openexr-src'...
HEAD is now at 490f4cb drop vfx 2021/2022 from CI
M	src/test/OpenEXRFuzzTest/oss-fuzz
[2/9] Performing update step for 'openexr-populate'
-- Already at requested tag: v3.5.1
[3/9] No patch step for 'openexr-populate'
[5/9] No configure step for 'openexr-populate'
[6/9] No build step for 'openexr-populate'
[7/9] No install step for 'openexr-populate'
[8/9] No test step for 'openexr-populate'
[9/9] Completed 'openexr-populate'
-- OpenEXR is configuring as a cmake subproject
-- Building against C++ Standard: 23
-- libdeflate forced internal, using vendored code
-- openjph forced internal, using vendored code, version 0.32.0
-- Imath forced internal, fetching from https://github.com/AcademySoftwareFoundation/Imath.git @ v3.2.3
-- Populating imath
-- Configuring done (0.4s)
-- Generating done (0.3s)
-- Build files have been written to: C:/Users/U439644/Projects/untitled/build/timing/debug/_deps/imath-subbuild
[1/9] Creating directories for 'imath-populate'
[1/9] Performing download step (git clone) for 'imath-populate'
Cloning into 'imath-src'...
HEAD is now at 5f27ba2 Release notes for v3.2.3
[2/9] Performing update step for 'imath-populate'
-- Already at requested tag: v3.2.3
[3/9] No patch step for 'imath-populate'
[5/9] No configure step for 'imath-populate'
[6/9] No build step for 'imath-populate'
[7/9] No install step for 'imath-populate'
[8/9] No test step for 'imath-populate'
[9/9] Completed 'imath-populate'
-- Imath is configuring as a cmake sub project
-- Configure Imath 3.2.3, library API version: 30.3.2.3
-- Imath pkg-config generation disabled
-- Looking for sin in m
-- Looking for sin in m - not found
-- zstd forced internal, using vendored code, version 1.5.7
-- Performing Test OPENEXR_IMF_HAVE_SYSCONF_NPROCESSORS_ONLN
-- Performing Test OPENEXR_IMF_HAVE_SYSCONF_NPROCESSORS_ONLN - Failed
-- Performing Test OPENEXR_IMF_HAVE_GCC_INLINE_ASM_AVX
-- Performing Test OPENEXR_IMF_HAVE_GCC_INLINE_ASM_AVX - Success
-- Looking for include file ucontext.h
-- Looking for include file ucontext.h - not found
-- OpenEXR pkg-config generation disabled
-- Configure OpenEXR 3.5.1, library API version: 34.3.5.1
-- Building OpenEXR libraries
-- The ASM compiler identification is Clang with GNU-like command-line
-- Found assembler: C:/GitHub/clang+llvm-23.1.0-x86_64-pc-windows-msvc/bin/clang.exe
-- OpenJPH library version: 0.32.0
-- CPU Architecture is OJPH_ARCH_X86_64
-- Building Debug
-- C Standard is set to 11
-- C++ Standard is set to 23
-- Looking for aligned_alloc
-- Looking for aligned_alloc - not found
-- Looking for posix_memalign
-- Looking for posix_memalign - not found
-- Performing Test HAVE_FLAG__ffile_prefix_map_C__Users_U439644_Projects_untitled_build__deps_cache_catch2__
-- Performing Test HAVE_FLAG__ffile_prefix_map_C__Users_U439644_Projects_untitled_build__deps_cache_catch2__ - Success
-- Populating vulkan_utility_libraries
-- Configuring done (0.4s)
-- Generating done (0.2s)
-- Build files have been written to: C:/Users/U439644/Projects/untitled/build/timing/debug/_deps/vulkan_utility_libraries-subbuild
[1/9] Creating directories for 'vulkan_utility_libraries-populate'
[1/9] Performing download step (git clone) for 'vulkan_utility_libraries-populate'
Cloning into 'vulkan_utility_libraries-src'...
HEAD is now at b538fb5 build: Update to header 1.3.302
[2/9] Performing update step for 'vulkan_utility_libraries-populate'
-- Already at requested tag: v1.3.302
[3/9] No patch step for 'vulkan_utility_libraries-populate'
[5/9] No configure step for 'vulkan_utility_libraries-populate'
[6/9] No build step for 'vulkan_utility_libraries-populate'
[7/9] No install step for 'vulkan_utility_libraries-populate'
[8/9] No test step for 'vulkan_utility_libraries-populate'
[9/9] Completed 'vulkan_utility_libraries-populate'
-- Could NOT find VulkanHeaders (missing: VulkanHeaders_DIR)
-- Could NOT find PkgConfig (missing: PKG_CONFIG_EXECUTABLE) 
-- Detecting Target CPU Architecture
-- Detecting Target CPU Architecture - X64
-- Performing Test HAVE_GCC_WALL
-- Performing Test HAVE_GCC_WALL - Success
-- Performing Test HAVE_GCC_WUNDEF
-- Performing Test HAVE_GCC_WUNDEF - Success
-- Performing Test HAVE_GCC_WFLOAT_CONVERSION
-- Performing Test HAVE_GCC_WFLOAT_CONVERSION - Success
-- Performing Test HAVE_GCC_NO_STRICT_ALIASING
-- Performing Test HAVE_GCC_NO_STRICT_ALIASING - Success
-- Performing Test HAVE_GCC_WDOCUMENTATION
-- Performing Test HAVE_GCC_WDOCUMENTATION - Success
-- Performing Test HAVE_GCC_WDOCUMENTATION_UNKNOWN_COMMAND
-- Performing Test HAVE_GCC_WDOCUMENTATION_UNKNOWN_COMMAND - Success
-- Performing Test HAVE_GCC_COMMENT_BLOCK_COMMANDS
-- Performing Test HAVE_GCC_COMMENT_BLOCK_COMMANDS - Success
-- Performing Test HAVE_GCC_WSHADOW
-- Performing Test HAVE_GCC_WSHADOW - Success
-- Performing Test HAVE_GCC_WUNUSED_LOCAL_TYPEDEFS
-- Performing Test HAVE_GCC_WUNUSED_LOCAL_TYPEDEFS - Success
-- Performing Test HAVE_GCC_WIMPLICIT_FALLTHROUGH
-- Performing Test HAVE_GCC_WIMPLICIT_FALLTHROUGH - Success
-- Performing Test COMPILER_SUPPORTS_FCOLOR_DIAGNOSTICS
-- Performing Test COMPILER_SUPPORTS_FCOLOR_DIAGNOSTICS - Success
-- Looking for __GLIBC__
-- Looking for __GLIBC__ - not found
-- Performing Test HAVE_WL_VERSION_SCRIPT
-- Performing Test HAVE_WL_VERSION_SCRIPT - Success
-- Performing Test COMPILER_SUPPORTS_GCC_ATOMICS
-- Performing Test COMPILER_SUPPORTS_GCC_ATOMICS - Success
-- Performing Test HAVE_GCC_FVISIBILITY
-- Performing Test HAVE_GCC_FVISIBILITY - Failed
-- Performing Test LINKER_SUPPORTS_WL_NO_UNDEFINED
-- Performing Test LINKER_SUPPORTS_WL_NO_UNDEFINED - Success
-- Performing Test COMPILER_SUPPORTS_MMX
-- Performing Test COMPILER_SUPPORTS_MMX - Success
-- Performing Test COMPILER_SUPPORTS_SSE
-- Performing Test COMPILER_SUPPORTS_SSE - Success
-- Performing Test COMPILER_SUPPORTS_SSE2
-- Performing Test COMPILER_SUPPORTS_SSE2 - Success
-- Performing Test COMPILER_SUPPORTS_SSE3
-- Performing Test COMPILER_SUPPORTS_SSE3 - Success
-- Performing Test COMPILER_SUPPORTS_SSE4_1
-- Performing Test COMPILER_SUPPORTS_SSE4_1 - Success
-- Performing Test COMPILER_SUPPORTS_SSE4_2
-- Performing Test COMPILER_SUPPORTS_SSE4_2 - Success
-- Performing Test COMPILER_SUPPORTS_AVX
-- Performing Test COMPILER_SUPPORTS_AVX - Success
-- Performing Test COMPILER_SUPPORTS_AVX2
-- Performing Test COMPILER_SUPPORTS_AVX2 - Success
-- Performing Test COMPILER_SUPPORTS_AVX512F
-- Performing Test COMPILER_SUPPORTS_AVX512F - Success
-- Looking for alloca.h
-- Looking for alloca.h - not found
-- Looking for float.h
-- Looking for float.h - found
-- Looking for iconv.h
-- Looking for iconv.h - not found
-- Looking for inttypes.h
-- Looking for inttypes.h - found
-- Looking for limits.h
-- Looking for limits.h - found
-- Looking for malloc.h
-- Looking for malloc.h - found
-- Looking for math.h
-- Looking for math.h - found
-- Looking for memory.h
-- Looking for memory.h - found
-- Looking for signal.h
-- Looking for signal.h - found
-- Looking for stdarg.h
-- Looking for stdarg.h - found
-- Looking for stdbool.h
-- Looking for stdbool.h - found
-- Looking for stddef.h
-- Looking for stddef.h - found
-- Looking for stdint.h
-- Looking for stdint.h - found
-- Looking for stdio.h
-- Looking for stdio.h - found
-- Looking for stdlib.h
-- Looking for stdlib.h - found
-- Looking for string.h
-- Looking for string.h - found
-- Looking for strings.h
-- Looking for strings.h - not found
-- Looking for sys/types.h
-- Looking for sys/types.h - found
-- Looking for time.h
-- Looking for time.h - found
-- Looking for wchar.h
-- Looking for wchar.h - found
-- Looking for pow in m
-- Looking for pow in m - not found
-- Looking for abs
-- Looking for abs - found
-- Looking for acos
-- Looking for acos - found
-- Looking for acosf
-- Looking for acosf - found
-- Looking for asin
-- Looking for asin - found
-- Looking for asinf
-- Looking for asinf - found
-- Looking for atan
-- Looking for atan - found
-- Looking for atan2
-- Looking for atan2 - found
-- Looking for atan2f
-- Looking for atan2f - found
-- Looking for atanf
-- Looking for atanf - found
-- Looking for atof
-- Looking for atof - found
-- Looking for atoi
-- Looking for atoi - found
-- Looking for bcopy
-- Looking for bcopy - not found
-- Looking for ceil
-- Looking for ceil - found
-- Looking for ceilf
-- Looking for ceilf - found
-- Looking for copysign
-- Looking for copysign - found
-- Looking for copysignf
-- Looking for copysignf - found
-- Looking for cos
-- Looking for cos - found
-- Looking for cosf
-- Looking for cosf - found
-- Looking for _Exit
-- Looking for _Exit - found
-- Looking for exp
-- Looking for exp - found
-- Looking for expf
-- Looking for expf - found
-- Looking for fabs
-- Looking for fabs - found
-- Looking for fabsf
-- Looking for fabsf - found
-- Looking for floor
-- Looking for floor - found
-- Looking for floorf
-- Looking for floorf - found
-- Looking for fmod
-- Looking for fmod - found
-- Looking for fmodf
-- Looking for fmodf - found
-- Looking for fopen64
-- Looking for fopen64 - not found
-- Looking for fseeko
-- Looking for fseeko - not found
-- Looking for fseeko64
-- Looking for fseeko64 - not found
-- Looking for getenv
-- Looking for getenv - found
-- Looking for _i64toa
-- Looking for _i64toa - found
-- Looking for index
-- Looking for index - not found
-- Looking for itoa
-- Looking for itoa - found
-- Looking for log
-- Looking for log - found
-- Looking for log10
-- Looking for log10 - found
-- Looking for log10f
-- Looking for log10f - found
-- Looking for logf
-- Looking for logf - found
-- Looking for lround
-- Looking for lround - found
-- Looking for lroundf
-- Looking for lroundf - found
-- Looking for _ltoa
-- Looking for _ltoa - found
-- Looking for malloc
-- Looking for malloc - found
-- Looking for memcmp
-- Looking for memcmp - found
-- Looking for memcpy
-- Looking for memcpy - found
-- Looking for memmove
-- Looking for memmove - found
-- Looking for memset
-- Looking for memset - found
-- Looking for modf
-- Looking for modf - found
-- Looking for modff
-- Looking for modff - found
-- Looking for pow
-- Looking for pow - found
-- Looking for powf
-- Looking for powf - found
-- Looking for putenv
-- Looking for putenv - found
-- Looking for rindex
-- Looking for rindex - not found
-- Looking for round
-- Looking for round - found
-- Looking for roundf
-- Looking for roundf - found
-- Looking for scalbn
-- Looking for scalbn - found
-- Looking for scalbnf
-- Looking for scalbnf - found
-- Looking for setenv
-- Looking for setenv - not found
-- Looking for sin
-- Looking for sin - found
-- Looking for sinf
-- Looking for sinf - found
-- Looking for sqr
-- Looking for sqr - not found
-- Looking for sqrt
-- Looking for sqrt - found
-- Looking for sqrtf
-- Looking for sqrtf - found
-- Looking for sscanf
-- Looking for sscanf - found
-- Looking for strchr
-- Looking for strchr - found
-- Looking for strcmp
-- Looking for strcmp - found
-- Looking for strlcat
-- Looking for strlcat - not found
-- Looking for strlcpy
-- Looking for strlcpy - not found
-- Looking for strlen
-- Looking for strlen - found
-- Looking for strncmp
-- Looking for strncmp - found
-- Looking for strnlen
-- Looking for strnlen - found
-- Looking for strpbrk
-- Looking for strpbrk - found
-- Looking for strrchr
-- Looking for strrchr - found
-- Looking for strstr
-- Looking for strstr - found
-- Looking for strnstr
-- Looking for strnstr - not found
-- Looking for strtod
-- Looking for strtod - found
-- Looking for strtok_r
-- Looking for strtok_r - not found
-- Looking for strtol
-- Looking for strtol - found
-- Looking for strtoll
-- Looking for strtoll - found
-- Looking for strtoul
-- Looking for strtoul - found
-- Looking for strtoull
-- Looking for strtoull - found
-- Looking for tan
-- Looking for tan - found
-- Looking for tanf
-- Looking for tanf - found
-- Looking for trunc
-- Looking for trunc - found
-- Looking for truncf
-- Looking for truncf - found
-- Looking for unsetenv
-- Looking for unsetenv - not found
-- Looking for vsnprintf
-- Looking for vsnprintf - found
-- Looking for vsscanf
-- Looking for vsscanf - found
-- Looking for wcsnlen
-- Looking for wcsnlen - found
-- Looking for wcscmp
-- Looking for wcscmp - found
-- Looking for wcsdup
-- Looking for wcsdup - found
-- Looking for wcslcat
-- Looking for wcslcat - not found
-- Looking for wcslcpy
-- Looking for wcslcpy - not found
-- Looking for wcslen
-- Looking for wcslen - found
-- Looking for wcsncmp
-- Looking for wcsncmp - found
-- Looking for wcsstr
-- Looking for wcsstr - found
-- Looking for wcstol
-- Looking for wcstol - found
-- Looking for _copysign
-- Looking for _copysign - found
-- Looking for _fseeki64
-- Looking for _fseeki64 - found
-- Looking for _strrev
-- Looking for _strrev - found
-- Looking for _ui64toa
-- Looking for _ui64toa - found
-- Looking for _ultoa
-- Looking for _ultoa - found
-- Looking for _wcsdup
-- Looking for _wcsdup - found
-- Performing Test LIBC_HAS_ISINF
-- Performing Test LIBC_HAS_ISINF - Success
-- Performing Test LIBC_ISINF_HANDLES_FLOAT
-- Performing Test LIBC_ISINF_HANDLES_FLOAT - Success
-- Performing Test LIBC_HAS_ISINFF
-- Performing Test LIBC_HAS_ISINFF - Failed
-- Performing Test LIBC_HAS_ISNAN
-- Performing Test LIBC_HAS_ISNAN - Success
-- Performing Test LIBC_ISNAN_HANDLES_FLOAT
-- Performing Test LIBC_ISNAN_HANDLES_FLOAT - Success
-- Performing Test LIBC_HAS_ISNANF
-- Performing Test LIBC_HAS_ISNANF - Failed
-- Performing Test HAVE_WIN32_CC
-- Performing Test HAVE_WIN32_CC - Success
-- Performing Test HAVE_D3D9_H
-- Performing Test HAVE_D3D9_H - Success
-- Performing Test HAVE_D3D11_H
-- Performing Test HAVE_D3D11_H - Success
-- Performing Test HAVE_DDRAW_H
-- Performing Test HAVE_DDRAW_H - Success
-- Performing Test HAVE_DSOUND_H
-- Performing Test HAVE_DSOUND_H - Success
-- Performing Test HAVE_DINPUT_H
-- Performing Test HAVE_DINPUT_H - Success
-- Looking for dxgi.h
-- Looking for dxgi.h - found
-- Performing Test HAVE_XINPUT_H
-- Performing Test HAVE_XINPUT_H - Success
-- Performing Test HAVE_WINDOWS_GAMING_INPUT_H
-- Performing Test HAVE_WINDOWS_GAMING_INPUT_H - Success
-- Performing Test HAVE_GAMEINPUT_H
-- Performing Test HAVE_GAMEINPUT_H - Success
-- Looking for dxgi1_5.h
-- Looking for dxgi1_5.h - found
-- Looking for dxgi1_6.h
-- Looking for dxgi1_6.h - found
-- Looking for tpcshrd.h
-- Looking for tpcshrd.h - found
-- Looking for roapi.h
-- Looking for roapi.h - found
-- Looking for mmdeviceapi.h
-- Looking for mmdeviceapi.h - found
-- Looking for audioclient.h
-- Looking for audioclient.h - found
-- Looking for sensorsapi.h
-- Looking for sensorsapi.h - found
-- Looking for shellscalingapi.h
-- Looking for shellscalingapi.h - found
-- Performing Test HAVE_MFAPI_H
-- Performing Test HAVE_MFAPI_H - Success
-- Could NOT find LibUSB (missing: LibUSB_LIBRARY LibUSB_INCLUDE_PATH) (found version "LibUSB_VERSION-NOTFOUND")
-- 
-- SDL3 was configured with the following options:
-- 
-- Platform: Windows-10.0.26100
-- 64-bit:   TRUE
-- Compiler: C:/GitHub/clang+llvm-23.1.0-x86_64-pc-windows-msvc/bin/clang.exe
-- Revision: SDL-3.4.16-release-3.4.16
-- Vendor:   
-- 
-- Subsystems:
--   Audio:    ON
--   Video:    ON
--   GPU:      ON
--   Render:   ON
--   Camera:   ON
--   Joystick: ON
--   Haptic:   ON
--   Hidapi:   ON
--   Power:    ON
--   Sensor:   ON
--   Dialog:   ON
--   Tray:     ON
-- 
-- Options:
--   SDL_ALSA                    (Wanted: OFF): OFF
--   SDL_ALSA_SHARED             (Wanted: OFF): OFF
--   SDL_ALTIVEC                 (Wanted: OFF): OFF
--   SDL_ARMNEON                 (Wanted: OFF): OFF
--   SDL_ASAN                    (Wanted: OFF): OFF
--   SDL_ASSEMBLY                (Wanted: ON): ON
--   SDL_ASSERTIONS              (Wanted: auto): auto
--   SDL_AVX                     (Wanted: ON): ON
--   SDL_AVX2                    (Wanted: ON): ON
--   SDL_AVX512F                 (Wanted: ON): ON
--   SDL_BACKGROUNDING_SIGNAL    (Wanted: OFF): OFF
--   SDL_CCACHE                  (Wanted: OFF): OFF
--   SDL_CLANG_TIDY              (Wanted: OFF): OFF
--   SDL_CLOCK_GETTIME           (Wanted: OFF): OFF
--   SDL_COCOA                   (Wanted: OFF): OFF
--   SDL_DBUS                    (Wanted: OFF): OFF
--   SDL_DEPS_SHARED             (Wanted: ON): OFF
--   SDL_DIRECTX                 (Wanted: ON): ON
--   SDL_DISKAUDIO               (Wanted: ON): ON
--   SDL_DLOPEN_NOTES            (Wanted: OFF): OFF
--   SDL_DUMMYAUDIO              (Wanted: ON): ON
--   SDL_DUMMYCAMERA             (Wanted: ON): ON
--   SDL_DUMMYVIDEO              (Wanted: ON): ON
--   SDL_EXAMPLES                (Wanted: OFF): OFF
--   SDL_EXAMPLES_LINK_SHARED    (Wanted: ON): OFF
--   SDL_FOREGROUNDING_SIGNAL    (Wanted: OFF): OFF
--   SDL_FRIBIDI                 (Wanted: OFF): OFF
--   SDL_FRIBIDI_SHARED          (Wanted: OFF): OFF
--   SDL_GCC_ATOMICS             (Wanted: ON): ON
--   SDL_HIDAPI                  (Wanted: ON): ON
--   SDL_HIDAPI_JOYSTICK         (Wanted: ON): ON
--   SDL_HIDAPI_LIBUSB           (Wanted: ON): OFF
--   SDL_HIDAPI_LIBUSB_SHARED    (Wanted: ON): OFF
--   SDL_IBUS                    (Wanted: OFF): OFF
--   SDL_INSTALL                 (Wanted: OFF): OFF
--   SDL_INSTALL_TESTS           (Wanted: OFF): OFF
--   SDL_JACK                    (Wanted: OFF): OFF
--   SDL_JACK_SHARED             (Wanted: OFF): OFF
--   SDL_KMSDRM                  (Wanted: OFF): OFF
--   SDL_KMSDRM_SHARED           (Wanted: OFF): OFF
--   SDL_LASX                    (Wanted: OFF): OFF
--   SDL_LIBC                    (Wanted: ON): ON
--   SDL_LIBICONV                (Wanted: OFF): OFF
--   SDL_LIBTHAI                 (Wanted: OFF): OFF
--   SDL_LIBTHAI_SHARED          (Wanted: OFF): OFF
--   SDL_LIBUDEV                 (Wanted: ON): OFF
--   SDL_LIBURING                (Wanted: OFF): OFF
--   SDL_LSX                     (Wanted: OFF): OFF
--   SDL_METAL                   (Wanted: OFF): OFF
--   SDL_MMX                     (Wanted: ON): ON
--   SDL_OFFSCREEN               (Wanted: ON): ON
--   SDL_OPENGL                  (Wanted: ON): ON
--   SDL_OPENGLES                (Wanted: ON): ON
--   SDL_OPENVR                  (Wanted: OFF): OFF
--   SDL_OSS                     (Wanted: OFF): OFF
--   SDL_PIPEWIRE                (Wanted: OFF): OFF
--   SDL_PIPEWIRE_SHARED         (Wanted: OFF): OFF
--   SDL_PTHREADS                (Wanted: OFF): OFF
--   SDL_PTHREADS_SEM            (Wanted: OFF): OFF
--   SDL_PULSEAUDIO              (Wanted: OFF): OFF
--   SDL_PULSEAUDIO_SHARED       (Wanted: OFF): OFF
--   SDL_RENDER_D3D              (Wanted: ON): ON
--   SDL_RENDER_D3D11            (Wanted: ON): ON
--   SDL_RENDER_D3D12            (Wanted: ON): ON
--   SDL_RENDER_GPU              (Wanted: ON): ON
--   SDL_RENDER_METAL            (Wanted: OFF): OFF
--   SDL_RENDER_VULKAN           (Wanted: ON): ON
--   SDL_ROCKCHIP                (Wanted: OFF): OFF
--   SDL_RPATH                   (Wanted: OFF): OFF
--   SDL_RPI                     (Wanted: OFF): OFF
--   SDL_SNDIO                   (Wanted: OFF): OFF
--   SDL_SNDIO_SHARED            (Wanted: OFF): OFF
--   SDL_SSE                     (Wanted: ON): ON
--   SDL_SSE2                    (Wanted: ON): ON
--   SDL_SSE3                    (Wanted: ON): ON
--   SDL_SSE4_1                  (Wanted: ON): ON
--   SDL_SSE4_2                  (Wanted: ON): ON
--   SDL_SYSTEM_ICONV            (Wanted: OFF): OFF
--   SDL_TESTS                   (Wanted: OFF): OFF
--   SDL_TESTS_LINK_SHARED       (Wanted: ON): OFF
--   SDL_UNINSTALL               (Wanted: OFF): OFF
--   SDL_VIRTUAL_JOYSTICK        (Wanted: ON): ON
--   SDL_VIVANTE                 (Wanted: OFF): OFF
--   SDL_VULKAN                  (Wanted: ON): ON
--   SDL_WASAPI                  (Wanted: ON): ON
--   SDL_WAYLAND                 (Wanted: OFF): OFF
--   SDL_WAYLAND_LIBDECOR        (Wanted: OFF): OFF
--   SDL_WAYLAND_LIBDECOR_SHARED (Wanted: OFF): OFF
--   SDL_WAYLAND_SHARED          (Wanted: OFF): OFF
--   SDL_X11                     (Wanted: OFF): OFF
--   SDL_X11_SHARED              (Wanted: OFF): OFF
--   SDL_X11_XCURSOR             (Wanted: OFF): OFF
--   SDL_X11_XDBE                (Wanted: OFF): OFF
--   SDL_X11_XFIXES              (Wanted: OFF): OFF
--   SDL_X11_XINPUT              (Wanted: OFF): OFF
--   SDL_X11_XRANDR              (Wanted: OFF): OFF
--   SDL_X11_XSCRNSAVER          (Wanted: OFF): OFF
--   SDL_X11_XSHAPE              (Wanted: OFF): OFF
--   SDL_X11_XSYNC               (Wanted: OFF): OFF
--   SDL_X11_XTEST               (Wanted: OFF): OFF
--   SDL_XINPUT                  (Wanted: ON): ON
-- 
--  Build Shared Library: ON
--  Build Static Library: OFF
-- 
-- Enabled backends:
--   Video drivers: dummy offscreen windows
--   Render drivers: d3d d3d11 d3d12 gpu ogl ogl_es2 vulkan
--   GPU drivers: d3d12 vulkan
--   Audio drivers: disk dsound dummy wasapi
--   Joystick drivers: dinput gameinput hidapi rawinput virtual wgi xinput
--   Camera drivers: dummy mediafoundation
-- 
-- Found Vulkan: C:/VulkanSDK/1.4.357.0/Lib/vulkan-1.lib (found version "1.4.357") found components: glslc glslangValidator
-- Configuring done (522.1s)
-- Generating done (4.8s)
-- Build files have been written to: C:/Users/U439644/Projects/untitled/build/timing/debug
