STEP relwithdebinfo.lint-j10 exit=0 seconds=313.1
STEP debug.lint-j10 exit=0 seconds=267.4
STEP debug.ctest exit=0 seconds=113.0
STEP relwithdebinfo-repeat.configure exit=0 seconds=519.6
STEP relwithdebinfo-repeat.compile exit=0 seconds=215.0
STEP relwithdebinfo-repeat.lint-j10 exit=0 seconds=228.2
STEP relwithdebinfo-repeat.format-check exit=0 seconds=2.4
STEP relwithdebinfo-repeat.doc-links exit=0 seconds=3.5
STEP relwithdebinfo-repeat.mutant-anchors exit=0 seconds=1.0
STEP relwithdebinfo-repeat.ctest exit=0 seconds=51.6
STEP asan.configure exit=0 seconds=596.3
STEP asan.compile exit=0 seconds=197.5
STEP asan.lint-j10 exit=0 seconds=206.4
STEP asan.format-check exit=0 seconds=2.2
STEP asan.doc-links exit=0 seconds=1.0
STEP asan.mutant-anchors exit=0 seconds=1.0
STEP asan.ctest exit=0 seconds=98.3
STEP windows-msvc.configure exit=0 seconds=305.3
STEP windows-msvc.compile exit=0 seconds=190.9
STEP windows-msvc.lint-j10 exit=1 seconds=47.0
STEP windows-msvc.format-check exit=0 seconds=10.0
STEP windows-msvc.doc-links exit=0 seconds=11.1
STEP windows-msvc.mutant-anchors exit=0 seconds=7.6
STEP windows-msvc.ctest exit=0 seconds=121.2
STEP linux-sanitize.configure exit=0 seconds=346.0
