### 2026-09-27T07:47:32Z wsl_ cmake --build build/timing/linux-sanitize
[0/2] Re-checking globbed directories...
[1/604] Building C object CMakeFiles/orbsim_erfa.dir/_deps/erfa-src/src/a2af.c.o
[2/604] Building C object CMakeFiles/orbsim_erfa.dir/_deps/erfa-src/src/a2tf.c.o
[3/604] Building C object CMakeFiles/orbsim_erfa.dir/_deps/erfa-src/src/ab.c.o
[4/604] Building C object CMakeFiles/orbsim_erfa.dir/_deps/erfa-src/src/ae2hd.c.o
[5/604] Building C object CMakeFiles/orbsim_erfa.dir/_deps/erfa-src/src/af2a.c.o
[6/604] Building C object CMakeFiles/orbsim_erfa.dir/_deps/erfa-src/src/anpm.c.o
[7/604] Building C object CMakeFiles/orbsim_erfa.dir/_deps/erfa-src/src/apcg13.c.o
[8/604] Building C object CMakeFiles/orbsim_erfa.dir/_deps/erfa-src/src/anp.c.o
[9/604] Building C object CMakeFiles/orbsim_erfa.dir/_deps/erfa-src/src/apcg.c.o
[10/604] Building C object CMakeFiles/orbsim_erfa.dir/_deps/erfa-src/src/apci.c.o
[11/604] Building C object CMakeFiles/orbsim_erfa.dir/_deps/erfa-src/src/apci13.c.o
[12/604] Building C object CMakeFiles/orbsim_erfa.dir/_deps/erfa-src/src/apco.c.o
[13/604] Building C object CMakeFiles/orbsim_erfa.dir/_deps/erfa-src/src/apco13.c.o
[14/604] Building C object CMakeFiles/orbsim_erfa.dir/_deps/erfa-src/src/apcs.c.o
[15/604] Building C object CMakeFiles/orbsim_erfa.dir/_deps/erfa-src/src/apcs13.c.o
[16/604] Building C object CMakeFiles/orbsim_erfa.dir/_deps/erfa-src/src/aper.c.o
[17/604] Building C object CMakeFiles/orbsim_erfa.dir/_deps/erfa-src/src/aper13.c.o
[18/604] Building C object CMakeFiles/orbsim_erfa.dir/_deps/erfa-src/src/apio.c.o
[19/604] Building C object CMakeFiles/orbsim_erfa.dir/_deps/erfa-src/src/apio13.c.o
[20/604] Building C object CMakeFiles/orbsim_erfa.dir/_deps/erfa-src/src/atcc13.c.o
[21/604] Building C object CMakeFiles/orbsim_erfa.dir/_deps/erfa-src/src/atccq.c.o
[22/604] Building C object CMakeFiles/orbsim_erfa.dir/_deps/erfa-src/src/atci13.c.o
[23/604] Building C object CMakeFiles/orbsim_erfa.dir/_deps/erfa-src/src/atciq.c.o
[24/604] Building C object CMakeFiles/orbsim_erfa.dir/_deps/erfa-src/src/atciqn.c.o
[25/604] Building C object CMakeFiles/orbsim_erfa.dir/_deps/erfa-src/src/atciqz.c.o
[26/604] Building C object CMakeFiles/orbsim_erfa.dir/_deps/erfa-src/src/atco13.c.o
[27/604] Building C object CMakeFiles/orbsim_erfa.dir/_deps/erfa-src/src/atic13.c.o
[28/604] Building C object CMakeFiles/orbsim_erfa.dir/_deps/erfa-src/src/aticq.c.o
[29/604] Building C object CMakeFiles/orbsim_erfa.dir/_deps/erfa-src/src/aticqn.c.o
[30/604] Building C object CMakeFiles/orbsim_erfa.dir/_deps/erfa-src/src/atio13.c.o
[31/604] Building C object CMakeFiles/orbsim_erfa.dir/_deps/erfa-src/src/atioq.c.o
[32/604] Building C object CMakeFiles/orbsim_erfa.dir/_deps/erfa-src/src/atoc13.c.o
[33/604] Building C object CMakeFiles/orbsim_erfa.dir/_deps/erfa-src/src/atoi13.c.o
[34/604] Building C object CMakeFiles/orbsim_erfa.dir/_deps/erfa-src/src/atoiq.c.o
[35/604] Building C object CMakeFiles/orbsim_erfa.dir/_deps/erfa-src/src/bi00.c.o
[36/604] Building C object CMakeFiles/orbsim_erfa.dir/_deps/erfa-src/src/bp00.c.o
[37/604] Building C object CMakeFiles/orbsim_erfa.dir/_deps/erfa-src/src/bp06.c.o
[38/604] Building C object CMakeFiles/orbsim_erfa.dir/_deps/erfa-src/src/bpn2xy.c.o
[39/604] Building C object CMakeFiles/orbsim_erfa.dir/_deps/erfa-src/src/c2i00a.c.o
[40/604] Building C object CMakeFiles/orbsim_erfa.dir/_deps/erfa-src/src/c2i00b.c.o
[41/604] Building C object CMakeFiles/orbsim_erfa.dir/_deps/erfa-src/src/c2i06a.c.o
[42/604] Building C object CMakeFiles/orbsim_erfa.dir/_deps/erfa-src/src/c2ibpn.c.o
[43/604] Building C object CMakeFiles/orbsim_erfa.dir/_deps/erfa-src/src/c2ixy.c.o
[44/604] Building C object CMakeFiles/orbsim_erfa.dir/_deps/erfa-src/src/c2ixys.c.o
[45/604] Building C object CMakeFiles/orbsim_erfa.dir/_deps/erfa-src/src/c2s.c.o
[46/604] Building C object CMakeFiles/orbsim_erfa.dir/_deps/erfa-src/src/c2t00a.c.o
[47/604] Building C object CMakeFiles/orbsim_erfa.dir/_deps/erfa-src/src/c2t00b.c.o
[48/604] Building C object CMakeFiles/orbsim_erfa.dir/_deps/erfa-src/src/c2t06a.c.o
[49/604] Building C object CMakeFiles/orbsim_erfa.dir/_deps/erfa-src/src/c2tcio.c.o
[50/604] Building C object CMakeFiles/orbsim_erfa.dir/_deps/erfa-src/src/c2teqx.c.o
[51/604] Building C object CMakeFiles/orbsim_erfa.dir/_deps/erfa-src/src/c2tpe.c.o
[52/604] Building C object CMakeFiles/orbsim_erfa.dir/_deps/erfa-src/src/c2txy.c.o
[53/604] Building C object CMakeFiles/orbsim_erfa.dir/_deps/erfa-src/src/cal2jd.c.o
[54/604] Building C object CMakeFiles/orbsim_erfa.dir/_deps/erfa-src/src/cp.c.o
[55/604] Building C object CMakeFiles/orbsim_erfa.dir/_deps/erfa-src/src/cpv.c.o
[56/604] Building C object CMakeFiles/orbsim_erfa.dir/_deps/erfa-src/src/cr.c.o
[57/604] Building C object CMakeFiles/orbsim_erfa.dir/_deps/erfa-src/src/d2dtf.c.o
[58/604] Building C object CMakeFiles/orbsim_erfa.dir/_deps/erfa-src/src/d2tf.c.o
[59/604] Building C object CMakeFiles/orbsim_erfa.dir/_deps/erfa-src/src/dat.c.o
[60/604] Building C object CMakeFiles/orbsim_erfa.dir/_deps/erfa-src/src/dtdb.c.o
[61/604] Building C object CMakeFiles/orbsim_erfa.dir/_deps/erfa-src/src/dtf2d.c.o
[62/604] Building C object CMakeFiles/orbsim_erfa.dir/_deps/erfa-src/src/eceq06.c.o
[63/604] Building C object CMakeFiles/orbsim_erfa.dir/_deps/erfa-src/src/ecm06.c.o
[64/604] Building C object CMakeFiles/orbsim_erfa.dir/_deps/erfa-src/src/ee00.c.o
[65/604] Building C object CMakeFiles/orbsim_erfa.dir/_deps/erfa-src/src/ee00a.c.o
[66/604] Building C object CMakeFiles/orbsim_erfa.dir/_deps/erfa-src/src/ee00b.c.o
[67/604] Building C object CMakeFiles/orbsim_erfa.dir/_deps/erfa-src/src/ee06a.c.o
[68/604] Building C object CMakeFiles/orbsim_erfa.dir/_deps/erfa-src/src/eect00.c.o
[69/604] Building C object CMakeFiles/orbsim_erfa.dir/_deps/erfa-src/src/eform.c.o
[70/604] Building C object CMakeFiles/orbsim_erfa.dir/_deps/erfa-src/src/eo06a.c.o
[71/604] Building C object CMakeFiles/orbsim_erfa.dir/_deps/erfa-src/src/eors.c.o
[72/604] Building C object CMakeFiles/orbsim_erfa.dir/_deps/erfa-src/src/epb.c.o
[73/604] Building C object CMakeFiles/orbsim_erfa.dir/_deps/erfa-src/src/epb2jd.c.o
[74/604] Building C object CMakeFiles/orbsim_erfa.dir/_deps/erfa-src/src/epj.c.o
[75/604] Building C object CMakeFiles/orbsim_erfa.dir/_deps/erfa-src/src/epj2jd.c.o
[76/604] Building C object CMakeFiles/orbsim_erfa.dir/_deps/erfa-src/src/epv00.c.o
[77/604] Building C object CMakeFiles/orbsim_erfa.dir/_deps/erfa-src/src/eqec06.c.o
[78/604] Building C object CMakeFiles/orbsim_erfa.dir/_deps/erfa-src/src/eqeq94.c.o
[79/604] Building C object CMakeFiles/orbsim_erfa.dir/_deps/erfa-src/src/era00.c.o
[80/604] Building C object CMakeFiles/orbsim_erfa.dir/_deps/erfa-src/src/erfadatextra.c.o
[81/604] Building C object CMakeFiles/orbsim_erfa.dir/_deps/erfa-src/src/erfaversion.c.o
[82/604] Building C object CMakeFiles/orbsim_erfa.dir/_deps/erfa-src/src/fad03.c.o
[83/604] Building C object CMakeFiles/orbsim_erfa.dir/_deps/erfa-src/src/fae03.c.o
[84/604] Building C object CMakeFiles/orbsim_erfa.dir/_deps/erfa-src/src/faf03.c.o
[85/604] Building C object CMakeFiles/orbsim_erfa.dir/_deps/erfa-src/src/faju03.c.o
[86/604] Building C object CMakeFiles/orbsim_erfa.dir/_deps/erfa-src/src/fal03.c.o
[87/604] Building C object CMakeFiles/orbsim_erfa.dir/_deps/erfa-src/src/falp03.c.o
[88/604] Building C object CMakeFiles/orbsim_erfa.dir/_deps/erfa-src/src/fama03.c.o
[89/604] Building C object CMakeFiles/orbsim_erfa.dir/_deps/erfa-src/src/fame03.c.o
[90/604] Building C object CMakeFiles/orbsim_erfa.dir/_deps/erfa-src/src/fane03.c.o
[91/604] Building C object CMakeFiles/orbsim_erfa.dir/_deps/erfa-src/src/faom03.c.o
[92/604] Building C object CMakeFiles/orbsim_erfa.dir/_deps/erfa-src/src/fapa03.c.o
[93/604] Building C object CMakeFiles/orbsim_erfa.dir/_deps/erfa-src/src/fasa03.c.o
[94/604] Building C object CMakeFiles/orbsim_erfa.dir/_deps/erfa-src/src/faur03.c.o
[95/604] Building C object CMakeFiles/orbsim_erfa.dir/_deps/erfa-src/src/fave03.c.o
[96/604] Building C object CMakeFiles/orbsim_erfa.dir/_deps/erfa-src/src/fk425.c.o
[97/604] Building C object CMakeFiles/orbsim_erfa.dir/_deps/erfa-src/src/fk45z.c.o
[98/604] Building C object CMakeFiles/orbsim_erfa.dir/_deps/erfa-src/src/fk524.c.o
[99/604] Building C object CMakeFiles/orbsim_erfa.dir/_deps/erfa-src/src/fk52h.c.o
[100/604] Building C object CMakeFiles/orbsim_erfa.dir/_deps/erfa-src/src/fk54z.c.o
[101/604] Building C object CMakeFiles/orbsim_erfa.dir/_deps/erfa-src/src/fk5hip.c.o
[102/604] Building C object CMakeFiles/orbsim_erfa.dir/_deps/erfa-src/src/fk5hz.c.o
[103/604] Building C object CMakeFiles/orbsim_erfa.dir/_deps/erfa-src/src/fw2m.c.o
[104/604] Building C object CMakeFiles/orbsim_erfa.dir/_deps/erfa-src/src/fw2xy.c.o
[105/604] Building C object CMakeFiles/orbsim_erfa.dir/_deps/erfa-src/src/g2icrs.c.o
[106/604] Building C object CMakeFiles/orbsim_erfa.dir/_deps/erfa-src/src/gc2gd.c.o
[107/604] Building C object CMakeFiles/orbsim_erfa.dir/_deps/erfa-src/src/gc2gde.c.o
[108/604] Building C object CMakeFiles/orbsim_erfa.dir/_deps/erfa-src/src/gd2gc.c.o
[109/604] Building C object CMakeFiles/orbsim_erfa.dir/_deps/erfa-src/src/gd2gce.c.o
[110/604] Building C object CMakeFiles/orbsim_erfa.dir/_deps/erfa-src/src/gmst00.c.o
[111/604] Building C object CMakeFiles/orbsim_erfa.dir/_deps/erfa-src/src/gmst06.c.o
[112/604] Building C object CMakeFiles/orbsim_erfa.dir/_deps/erfa-src/src/gmst82.c.o
[113/604] Building C object CMakeFiles/orbsim_erfa.dir/_deps/erfa-src/src/gst00a.c.o
[114/604] Building C object CMakeFiles/orbsim_erfa.dir/_deps/erfa-src/src/gst00b.c.o
[115/604] Building C object CMakeFiles/orbsim_erfa.dir/_deps/erfa-src/src/gst06.c.o
[116/604] Building C object CMakeFiles/orbsim_erfa.dir/_deps/erfa-src/src/gst06a.c.o
[117/604] Building C object CMakeFiles/orbsim_erfa.dir/_deps/erfa-src/src/gst94.c.o
[118/604] Building C object CMakeFiles/orbsim_erfa.dir/_deps/erfa-src/src/h2fk5.c.o
[119/604] Building C object CMakeFiles/orbsim_erfa.dir/_deps/erfa-src/src/hd2ae.c.o
[120/604] Building C object CMakeFiles/orbsim_erfa.dir/_deps/erfa-src/src/hd2pa.c.o
[121/604] Building C object CMakeFiles/orbsim_erfa.dir/_deps/erfa-src/src/hfk5z.c.o
[122/604] Building C object CMakeFiles/orbsim_erfa.dir/_deps/erfa-src/src/icrs2g.c.o
[123/604] Building C object CMakeFiles/orbsim_erfa.dir/_deps/erfa-src/src/ir.c.o
[124/604] Building C object CMakeFiles/orbsim_erfa.dir/_deps/erfa-src/src/jd2cal.c.o
[125/604] Building C object CMakeFiles/orbsim_erfa.dir/_deps/erfa-src/src/jdcalf.c.o
[126/604] Building C object CMakeFiles/orbsim_erfa.dir/_deps/erfa-src/src/ld.c.o
[127/604] Building C object CMakeFiles/orbsim_erfa.dir/_deps/erfa-src/src/ldn.c.o
[128/604] Building C object CMakeFiles/orbsim_erfa.dir/_deps/erfa-src/src/ldsun.c.o
[129/604] Building C object CMakeFiles/orbsim_erfa.dir/_deps/erfa-src/src/lteceq.c.o
[130/604] Building C object CMakeFiles/orbsim_erfa.dir/_deps/erfa-src/src/ltecm.c.o
[131/604] Building C object CMakeFiles/orbsim_erfa.dir/_deps/erfa-src/src/lteqec.c.o
[132/604] Building C object CMakeFiles/orbsim_erfa.dir/_deps/erfa-src/src/ltp.c.o
[133/604] Building C object CMakeFiles/orbsim_erfa.dir/_deps/erfa-src/src/ltpb.c.o
[134/604] Building C object CMakeFiles/orbsim_erfa.dir/_deps/erfa-src/src/ltpecl.c.o
[135/604] Building C object CMakeFiles/orbsim_erfa.dir/_deps/erfa-src/src/ltpequ.c.o
[136/604] Building C object CMakeFiles/orbsim_erfa.dir/_deps/erfa-src/src/moon98.c.o
[137/604] Building C object CMakeFiles/orbsim_erfa.dir/_deps/erfa-src/src/num00a.c.o
[138/604] Building C object CMakeFiles/orbsim_erfa.dir/_deps/erfa-src/src/num00b.c.o
[139/604] Building C object CMakeFiles/orbsim_erfa.dir/_deps/erfa-src/src/num06a.c.o
[140/604] Building C object CMakeFiles/orbsim_erfa.dir/_deps/erfa-src/src/numat.c.o
[141/604] Building C object CMakeFiles/orbsim_erfa.dir/_deps/erfa-src/src/nut00a.c.o
[142/604] Building C object CMakeFiles/orbsim_erfa.dir/_deps/erfa-src/src/nut00b.c.o
[143/604] Building C object CMakeFiles/orbsim_erfa.dir/_deps/erfa-src/src/nut06a.c.o
[144/604] Building C object CMakeFiles/orbsim_erfa.dir/_deps/erfa-src/src/nut80.c.o
[145/604] Building C object CMakeFiles/orbsim_erfa.dir/_deps/erfa-src/src/nutm80.c.o
[146/604] Building C object CMakeFiles/orbsim_erfa.dir/_deps/erfa-src/src/obl06.c.o
[147/604] Building C object CMakeFiles/orbsim_erfa.dir/_deps/erfa-src/src/obl80.c.o
[148/604] Building C object CMakeFiles/orbsim_erfa.dir/_deps/erfa-src/src/p06e.c.o
[149/604] Building C object CMakeFiles/orbsim_erfa.dir/_deps/erfa-src/src/p2pv.c.o
[150/604] Building C object CMakeFiles/orbsim_erfa.dir/_deps/erfa-src/src/p2s.c.o
[151/604] Building C object CMakeFiles/orbsim_erfa.dir/_deps/erfa-src/src/pap.c.o
[152/604] Building C object CMakeFiles/orbsim_erfa.dir/_deps/erfa-src/src/pas.c.o
[153/604] Building C object CMakeFiles/orbsim_erfa.dir/_deps/erfa-src/src/pb06.c.o
[154/604] Building C object CMakeFiles/orbsim_erfa.dir/_deps/erfa-src/src/pdp.c.o
[155/604] Building C object CMakeFiles/orbsim_erfa.dir/_deps/erfa-src/src/pfw06.c.o
[156/604] Building C object CMakeFiles/orbsim_erfa.dir/_deps/erfa-src/src/plan94.c.o
[157/604] Building C object CMakeFiles/orbsim_erfa.dir/_deps/erfa-src/src/pm.c.o
[158/604] Building C object CMakeFiles/orbsim_erfa.dir/_deps/erfa-src/src/pmat00.c.o
[159/604] Building C object CMakeFiles/orbsim_erfa.dir/_deps/erfa-src/src/pmat06.c.o
[160/604] Building C object CMakeFiles/orbsim_erfa.dir/_deps/erfa-src/src/pmat76.c.o
[161/604] Building C object CMakeFiles/orbsim_erfa.dir/_deps/erfa-src/src/pmp.c.o
[162/604] Building C object CMakeFiles/orbsim_erfa.dir/_deps/erfa-src/src/pmpx.c.o
[163/604] Building C object CMakeFiles/orbsim_erfa.dir/_deps/erfa-src/src/pmsafe.c.o
[164/604] Building C object CMakeFiles/orbsim_erfa.dir/_deps/erfa-src/src/pn.c.o
[165/604] Building C object CMakeFiles/orbsim_erfa.dir/_deps/erfa-src/src/pn00.c.o
[166/604] Building C object CMakeFiles/orbsim_erfa.dir/_deps/erfa-src/src/pn00a.c.o
[167/604] Building C object CMakeFiles/orbsim_erfa.dir/_deps/erfa-src/src/pn00b.c.o
[168/604] Building C object CMakeFiles/orbsim_erfa.dir/_deps/erfa-src/src/pn06.c.o
[169/604] Building C object CMakeFiles/orbsim_erfa.dir/_deps/erfa-src/src/pn06a.c.o
[170/604] Building C object CMakeFiles/orbsim_erfa.dir/_deps/erfa-src/src/pnm00a.c.o
[171/604] Building C object CMakeFiles/orbsim_erfa.dir/_deps/erfa-src/src/pnm00b.c.o
[172/604] Building C object CMakeFiles/orbsim_erfa.dir/_deps/erfa-src/src/pnm06a.c.o
[173/604] Building C object CMakeFiles/orbsim_erfa.dir/_deps/erfa-src/src/pnm80.c.o
[174/604] Building C object CMakeFiles/orbsim_erfa.dir/_deps/erfa-src/src/pom00.c.o
[175/604] Building C object CMakeFiles/orbsim_erfa.dir/_deps/erfa-src/src/ppp.c.o
[176/604] Building C object CMakeFiles/orbsim_erfa.dir/_deps/erfa-src/src/ppsp.c.o
[177/604] Building C object CMakeFiles/orbsim_erfa.dir/_deps/erfa-src/src/pr00.c.o
[178/604] Building C object CMakeFiles/orbsim_erfa.dir/_deps/erfa-src/src/prec76.c.o
[179/604] Building C object CMakeFiles/orbsim_erfa.dir/_deps/erfa-src/src/pv2p.c.o
[180/604] Building C object CMakeFiles/orbsim_erfa.dir/_deps/erfa-src/src/pv2s.c.o
[181/604] Building C object CMakeFiles/orbsim_erfa.dir/_deps/erfa-src/src/pvdpv.c.o
[182/604] Building C object CMakeFiles/orbsim_erfa.dir/_deps/erfa-src/src/pvm.c.o
[183/604] Building C object CMakeFiles/orbsim_erfa.dir/_deps/erfa-src/src/pvmpv.c.o
[184/604] Building C object CMakeFiles/orbsim_erfa.dir/_deps/erfa-src/src/pvppv.c.o
[185/604] Building C object CMakeFiles/orbsim_erfa.dir/_deps/erfa-src/src/pvstar.c.o
[186/604] Building C object CMakeFiles/orbsim_erfa.dir/_deps/erfa-src/src/pvtob.c.o
[187/604] Building C object CMakeFiles/orbsim_erfa.dir/_deps/erfa-src/src/pvu.c.o
[188/604] Building C object CMakeFiles/orbsim_erfa.dir/_deps/erfa-src/src/pvup.c.o
[189/604] Building C object CMakeFiles/orbsim_erfa.dir/_deps/erfa-src/src/pvxpv.c.o
[190/604] Building C object CMakeFiles/orbsim_erfa.dir/_deps/erfa-src/src/pxp.c.o
[191/604] Building C object CMakeFiles/orbsim_erfa.dir/_deps/erfa-src/src/refco.c.o
[192/604] Building C object CMakeFiles/orbsim_erfa.dir/_deps/erfa-src/src/rm2v.c.o
[193/604] Building C object CMakeFiles/orbsim_erfa.dir/_deps/erfa-src/src/rv2m.c.o
[194/604] Building C object CMakeFiles/orbsim_erfa.dir/_deps/erfa-src/src/rx.c.o
[195/604] Building C object CMakeFiles/orbsim_erfa.dir/_deps/erfa-src/src/rxp.c.o
[196/604] Building C object CMakeFiles/orbsim_erfa.dir/_deps/erfa-src/src/rxpv.c.o
[197/604] Building C object CMakeFiles/orbsim_erfa.dir/_deps/erfa-src/src/rxr.c.o
[198/604] Building C object CMakeFiles/orbsim_erfa.dir/_deps/erfa-src/src/ry.c.o
[199/604] Building C object CMakeFiles/orbsim_erfa.dir/_deps/erfa-src/src/rz.c.o
[200/604] Building C object CMakeFiles/orbsim_erfa.dir/_deps/erfa-src/src/s00.c.o
[201/604] Building C object CMakeFiles/orbsim_erfa.dir/_deps/erfa-src/src/s00a.c.o
[202/604] Building C object CMakeFiles/orbsim_erfa.dir/_deps/erfa-src/src/s00b.c.o
[203/604] Building C object CMakeFiles/orbsim_erfa.dir/_deps/erfa-src/src/s06.c.o
[204/604] Building C object CMakeFiles/orbsim_erfa.dir/_deps/erfa-src/src/s06a.c.o
[205/604] Building C object CMakeFiles/orbsim_erfa.dir/_deps/erfa-src/src/s2c.c.o
[206/604] Building C object CMakeFiles/orbsim_erfa.dir/_deps/erfa-src/src/s2p.c.o
[207/604] Building C object CMakeFiles/orbsim_erfa.dir/_deps/erfa-src/src/s2pv.c.o
[208/604] Building C object CMakeFiles/orbsim_erfa.dir/_deps/erfa-src/src/s2xpv.c.o
[209/604] Building C object CMakeFiles/orbsim_erfa.dir/_deps/erfa-src/src/sepp.c.o
[210/604] Building C object CMakeFiles/orbsim_erfa.dir/_deps/erfa-src/src/seps.c.o
[211/604] Building C object CMakeFiles/orbsim_erfa.dir/_deps/erfa-src/src/sp00.c.o
[212/604] Building C object CMakeFiles/orbsim_erfa.dir/_deps/erfa-src/src/starpm.c.o
[213/604] Building C object CMakeFiles/orbsim_erfa.dir/_deps/erfa-src/src/starpv.c.o
[214/604] Building C object CMakeFiles/orbsim_erfa.dir/_deps/erfa-src/src/sxp.c.o
[215/604] Building C object CMakeFiles/orbsim_erfa.dir/_deps/erfa-src/src/sxpv.c.o
[216/604] Building C object CMakeFiles/orbsim_erfa.dir/_deps/erfa-src/src/taitt.c.o
[217/604] Building C object CMakeFiles/orbsim_erfa.dir/_deps/erfa-src/src/taiut1.c.o
[218/604] Building C object CMakeFiles/orbsim_erfa.dir/_deps/erfa-src/src/taiutc.c.o
[219/604] Building C object CMakeFiles/orbsim_erfa.dir/_deps/erfa-src/src/tcbtdb.c.o
[220/604] Building C object CMakeFiles/orbsim_erfa.dir/_deps/erfa-src/src/tcgtt.c.o
[221/604] Building C object CMakeFiles/orbsim_erfa.dir/_deps/erfa-src/src/tdbtcb.c.o
[222/604] Building C object CMakeFiles/orbsim_erfa.dir/_deps/erfa-src/src/tdbtt.c.o
[223/604] Building C object CMakeFiles/orbsim_erfa.dir/_deps/erfa-src/src/tf2a.c.o
[224/604] Building C object CMakeFiles/orbsim_erfa.dir/_deps/erfa-src/src/tf2d.c.o
[225/604] Building C object CMakeFiles/orbsim_erfa.dir/_deps/erfa-src/src/tpors.c.o
[226/604] Building C object CMakeFiles/orbsim_erfa.dir/_deps/erfa-src/src/tporv.c.o
[227/604] Building C object CMakeFiles/orbsim_erfa.dir/_deps/erfa-src/src/tpsts.c.o
[228/604] Building C object CMakeFiles/orbsim_erfa.dir/_deps/erfa-src/src/tpstv.c.o
[229/604] Building C object CMakeFiles/orbsim_erfa.dir/_deps/erfa-src/src/tpxes.c.o
[230/604] Building C object CMakeFiles/orbsim_erfa.dir/_deps/erfa-src/src/tpxev.c.o
[231/604] Building C object CMakeFiles/orbsim_erfa.dir/_deps/erfa-src/src/tr.c.o
[232/604] Building C object CMakeFiles/orbsim_erfa.dir/_deps/erfa-src/src/trxp.c.o
[233/604] Building C object CMakeFiles/orbsim_erfa.dir/_deps/erfa-src/src/trxpv.c.o
[234/604] Building C object CMakeFiles/orbsim_erfa.dir/_deps/erfa-src/src/tttai.c.o
[235/604] Building C object CMakeFiles/orbsim_erfa.dir/_deps/erfa-src/src/tttcg.c.o
[236/604] Building C object CMakeFiles/orbsim_erfa.dir/_deps/erfa-src/src/tttdb.c.o
[237/604] Building C object CMakeFiles/orbsim_erfa.dir/_deps/erfa-src/src/ttut1.c.o
[238/604] Building C object CMakeFiles/orbsim_erfa.dir/_deps/erfa-src/src/ut1tai.c.o
[239/604] Building C object CMakeFiles/orbsim_erfa.dir/_deps/erfa-src/src/ut1tt.c.o
[240/604] Building C object CMakeFiles/orbsim_erfa.dir/_deps/erfa-src/src/ut1utc.c.o
[241/604] Building C object CMakeFiles/orbsim_erfa.dir/_deps/erfa-src/src/utctai.c.o
[242/604] Building C object CMakeFiles/orbsim_erfa.dir/_deps/erfa-src/src/utcut1.c.o
[243/604] Building C object CMakeFiles/orbsim_erfa.dir/_deps/erfa-src/src/xy06.c.o
[244/604] Building C object CMakeFiles/orbsim_erfa.dir/_deps/erfa-src/src/xys00a.c.o
[245/604] Building C object CMakeFiles/orbsim_erfa.dir/_deps/erfa-src/src/xys00b.c.o
[246/604] Building C object CMakeFiles/orbsim_erfa.dir/_deps/erfa-src/src/xys06a.c.o
[247/604] Building C object CMakeFiles/orbsim_erfa.dir/_deps/erfa-src/src/zp.c.o
[248/604] Building C object CMakeFiles/orbsim_erfa.dir/_deps/erfa-src/src/zpv.c.o
[249/604] Building C object CMakeFiles/orbsim_erfa.dir/_deps/erfa-src/src/zr.c.o
[250/604] Building CXX object _deps/imath-build/src/Imath/CMakeFiles/Imath.dir/ImathFun.cpp.o
[251/604] Building CXX object _deps/imath-build/src/Imath/CMakeFiles/Imath.dir/ImathRandom.cpp.o
[252/604] Building CXX object _deps/catch2-build/src/CMakeFiles/Catch2.dir/catch2/generators/catch_generator_exception.cpp.o
[253/604] Building CXX object _deps/catch2-build/src/CMakeFiles/Catch2.dir/catch2/benchmark/detail/catch_stats.cpp.o
[254/604] Building CXX object _deps/catch2-build/src/CMakeFiles/Catch2.dir/catch2/generators/catch_generators_throw.cpp.o
[255/604] Building CXX object _deps/catch2-build/src/CMakeFiles/Catch2.dir/catch2/benchmark/catch_chronometer.cpp.o
[256/604] Building CXX object _deps/catch2-build/src/CMakeFiles/Catch2.dir/catch2/reporters/catch_reporter_registrars.cpp.o
[257/604] Building CXX object _deps/catch2-build/src/CMakeFiles/Catch2.dir/catch2/benchmark/detail/catch_benchmark_function.cpp.o
[258/604] Building CXX object _deps/catch2-build/src/CMakeFiles/Catch2.dir/catch2/benchmark/detail/catch_analyse.cpp.o
[259/604] Building CXX object _deps/catch2-build/src/CMakeFiles/Catch2.dir/catch2/benchmark/detail/catch_run_for_at_least.cpp.o
[260/604] Building CXX object _deps/catch2-build/src/CMakeFiles/Catch2.dir/catch2/reporters/catch_reporter_automake.cpp.o
[261/604] Building CXX object _deps/catch2-build/src/CMakeFiles/Catch2.dir/catch2/generators/catch_generators.cpp.o
[262/604] Building CXX object _deps/catch2-build/src/CMakeFiles/Catch2.dir/catch2/reporters/catch_reporter_compact.cpp.o
[263/604] Building CXX object _deps/catch2-build/src/CMakeFiles/Catch2.dir/catch2/reporters/catch_reporter_common_base.cpp.o
[264/604] Building CXX object _deps/catch2-build/src/CMakeFiles/Catch2.dir/catch2/generators/catch_generators_random.cpp.o
[265/604] Building CXX object _deps/catch2-build/src/CMakeFiles/Catch2.dir/catch2/reporters/catch_reporter_event_listener.cpp.o
[266/604] Building CXX object _deps/catch2-build/src/CMakeFiles/Catch2.dir/catch2/benchmark/catch_benchmark.cpp.o
[267/604] Building CXX object _deps/imath-build/src/Imath/CMakeFiles/Imath.dir/ImathColorAlgo.cpp.o
[268/604] Building CXX object _deps/imath-build/src/Imath/CMakeFiles/Imath.dir/half.cpp.o
[269/604] Building CXX object _deps/catch2-build/src/CMakeFiles/Catch2.dir/catch2/reporters/catch_reporter_console.cpp.o
[270/604] Building CXX object _deps/catch2-build/src/CMakeFiles/Catch2.dir/catch2/reporters/catch_reporter_helpers.cpp.o
[271/604] Building CXX object _deps/catch2-build/src/CMakeFiles/Catch2.dir/catch2/reporters/catch_reporter_multi.cpp.o
[272/604] Building CXX object _deps/catch2-build/src/CMakeFiles/Catch2.dir/catch2/reporters/catch_reporter_cumulative_base.cpp.o
[273/604] Building CXX object _deps/catch2-build/src/CMakeFiles/Catch2.dir/catch2/interfaces/catch_interfaces_testcase.cpp.o
[274/604] Building CXX object _deps/catch2-build/src/CMakeFiles/Catch2.dir/catch2/interfaces/catch_interfaces_exception.cpp.o
[275/604] Building CXX object _deps/imath-build/src/Imath/CMakeFiles/Imath.dir/ImathMatrixAlgo.cpp.o
[276/604] Building CXX object _deps/catch2-build/src/CMakeFiles/Catch2.dir/catch2/interfaces/catch_interfaces_registry_hub.cpp.o
[277/604] Building CXX object _deps/catch2-build/src/CMakeFiles/Catch2.dir/catch2/interfaces/catch_interfaces_reporter_factory.cpp.o
[278/604] Building CXX object _deps/catch2-build/src/CMakeFiles/Catch2.dir/catch2/reporters/catch_reporter_junit.cpp.o
[279/604] Building CXX object _deps/catch2-build/src/CMakeFiles/Catch2.dir/catch2/reporters/catch_reporter_json.cpp.o
[280/604] Building CXX object _deps/catch2-build/src/CMakeFiles/Catch2.dir/catch2/catch_totals.cpp.o
[281/604] Building CXX object _deps/catch2-build/src/CMakeFiles/Catch2.dir/catch2/catch_tag_alias_autoregistrar.cpp.o
[282/604] Building CXX object _deps/catch2-build/src/CMakeFiles/Catch2.dir/catch2/interfaces/catch_interfaces_capture.cpp.o
[283/604] Building CXX object _deps/catch2-build/src/CMakeFiles/Catch2.dir/catch2/reporters/catch_reporter_streaming_base.cpp.o
[284/604] Building CXX object _deps/catch2-build/src/CMakeFiles/Catch2.dir/catch2/catch_translate_exception.cpp.o
[285/604] Building CXX object _deps/catch2-build/src/CMakeFiles/Catch2.dir/catch2/reporters/catch_reporter_sonarqube.cpp.o
[286/604] Building CXX object _deps/catch2-build/src/CMakeFiles/Catch2.dir/catch2/interfaces/catch_interfaces_config.cpp.o
[287/604] Building CXX object _deps/catch2-build/src/CMakeFiles/Catch2.dir/catch2/reporters/catch_reporter_teamcity.cpp.o
[288/604] Building CXX object _deps/catch2-build/src/CMakeFiles/Catch2.dir/catch2/reporters/catch_reporter_tap.cpp.o
[289/604] Building CXX object _deps/catch2-build/src/CMakeFiles/Catch2.dir/catch2/reporters/catch_reporter_xml.cpp.o
[290/604] Building CXX object _deps/catch2-build/src/CMakeFiles/Catch2.dir/catch2/internal/catch_context.cpp.o
[291/604] Building CXX object _deps/catch2-build/src/CMakeFiles/Catch2.dir/catch2/catch_assertion_result.cpp.o
[292/604] Building CXX object _deps/catch2-build/src/CMakeFiles/Catch2.dir/catch2/interfaces/catch_interfaces_generatortracker.cpp.o
[293/604] Building CXX object _deps/catch2-build/src/CMakeFiles/Catch2.dir/catch2/internal/catch_case_insensitive_comparisons.cpp.o
[294/604] Building CXX object _deps/catch2-build/src/CMakeFiles/Catch2.dir/catch2/catch_get_random_seed.cpp.o
[295/604] Building CXX object _deps/catch2-build/src/CMakeFiles/Catch2.dir/catch2/interfaces/catch_interfaces_reporter.cpp.o
[296/604] Building CXX object _deps/catch2-build/src/CMakeFiles/Catch2.dir/catch2/catch_test_case_info.cpp.o
[297/604] Building CXX object _deps/catch2-build/src/CMakeFiles/Catch2.dir/catch2/internal/catch_errno_guard.cpp.o
[298/604] Building CXX object _deps/catch2-build/src/CMakeFiles/Catch2.dir/catch2/catch_version.cpp.o
[299/604] Building CXX object _deps/catch2-build/src/CMakeFiles/Catch2.dir/catch2/catch_timer.cpp.o
[300/604] Building CXX object _deps/catch2-build/src/CMakeFiles/Catch2.dir/catch2/catch_approx.cpp.o
[301/604] Building CXX object _deps/catch2-build/src/CMakeFiles/Catch2.dir/catch2/internal/catch_getenv.cpp.o
[302/604] Building CXX object _deps/catch2-build/src/CMakeFiles/Catch2.dir/catch2/catch_test_spec.cpp.o
[303/604] Building CXX object _deps/catch2-build/src/CMakeFiles/Catch2.dir/catch2/catch_registry_hub.cpp.o
[304/604] Building CXX object _deps/catch2-build/src/CMakeFiles/Catch2.dir/catch2/internal/catch_floating_point_helpers.cpp.o
[305/604] Building CXX object _deps/catch2-build/src/CMakeFiles/Catch2.dir/catch2/catch_message.cpp.o
[306/604] Building CXX object _deps/catch2-build/src/CMakeFiles/Catch2.dir/catch2/catch_config.cpp.o
[307/604] Building CXX object _deps/catch2-build/src/CMakeFiles/Catch2.dir/catch2/internal/catch_enum_info.cpp.o
[308/604] Building CXX object _deps/catch2-build/src/CMakeFiles/Catch2.dir/catch2/catch_tostring.cpp.o
[309/604] Building CXX object _deps/catch2-build/src/CMakeFiles/Catch2.dir/catch2/internal/catch_random_number_generator.cpp.o
[310/604] Building CXX object _deps/catch2-build/src/CMakeFiles/Catch2.dir/catch2/internal/catch_leak_detector.cpp.o
[311/604] Building CXX object _deps/catch2-build/src/CMakeFiles/Catch2.dir/catch2/internal/catch_debug_console.cpp.o
[312/604] Building CXX object _deps/catch2-build/src/CMakeFiles/Catch2.dir/catch2/internal/catch_polyfills.cpp.o
[313/604] Building CXX object _deps/catch2-build/src/CMakeFiles/Catch2.dir/catch2/internal/catch_message_info.cpp.o
[314/604] Building CXX object _deps/catch2-build/src/CMakeFiles/Catch2.dir/catch2/internal/catch_debugger.cpp.o
[315/604] Building CXX object _deps/catch2-build/src/CMakeFiles/Catch2.dir/catch2/internal/catch_enforce.cpp.o
[316/604] Building CXX object _deps/catch2-build/src/CMakeFiles/Catch2.dir/catch2/internal/catch_parse_numbers.cpp.o
[317/604] Building CXX object _deps/catch2-build/src/CMakeFiles/Catch2.dir/catch2/catch_session.cpp.o
[318/604] Building CXX object _deps/catch2-build/src/CMakeFiles/Catch2.dir/catch2/internal/catch_assertion_handler.cpp.o
[319/604] Building CXX object _deps/catch2-build/src/CMakeFiles/Catch2.dir/catch2/internal/catch_console_colour.cpp.o
[320/604] Building CXX object _deps/catch2-build/src/CMakeFiles/Catch2.dir/catch2/internal/catch_decomposer.cpp.o
[321/604] Building CXX object _deps/catch2-build/src/CMakeFiles/Catch2.dir/catch2/internal/catch_singletons.cpp.o
[322/604] Building CXX object _deps/catch2-build/src/CMakeFiles/Catch2.dir/catch2/internal/catch_section.cpp.o
[323/604] Building CXX object _deps/catch2-build/src/CMakeFiles/Catch2.dir/catch2/internal/catch_startup_exception_registry.cpp.o
[324/604] Building CXX object _deps/catch2-build/src/CMakeFiles/Catch2.dir/catch2/internal/catch_fatal_condition_handler.cpp.o
[325/604] Building CXX object _deps/catch2-build/src/CMakeFiles/Catch2.dir/catch2/internal/catch_exception_translator_registry.cpp.o
[326/604] Building CXX object _deps/catch2-build/src/CMakeFiles/Catch2.dir/catch2/internal/catch_istream.cpp.o
[327/604] Building CXX object _deps/catch2-build/src/CMakeFiles/Catch2.dir/catch2/internal/catch_clara.cpp.o
[328/604] Building CXX object _deps/catch2-build/src/CMakeFiles/Catch2.dir/catch2/internal/catch_jsonwriter.cpp.o
[329/604] Building CXX object _deps/catch2-build/src/CMakeFiles/Catch2.dir/catch2/internal/catch_uncaught_exceptions.cpp.o
[330/604] Building CXX object _deps/catch2-build/src/CMakeFiles/Catch2.dir/catch2/internal/catch_test_case_info_hasher.cpp.o
[331/604] Building CXX object _deps/catch2-build/src/CMakeFiles/Catch2.dir/catch2/internal/catch_output_redirect.cpp.o
[332/604] Building CXX object _deps/catch2-build/src/CMakeFiles/Catch2.dir/catch2/internal/catch_lazy_expr.cpp.o
[333/604] Building CXX object _deps/catch2-build/src/CMakeFiles/Catch2.dir/catch2/internal/catch_random_seed_generation.cpp.o
[334/604] Building CXX object _deps/catch2-build/src/CMakeFiles/Catch2.dir/catch2/internal/catch_reusable_string_stream.cpp.o
[335/604] Building CXX object _deps/catch2-build/src/CMakeFiles/Catch2.dir/catch2/internal/catch_test_registry.cpp.o
[336/604] Building CXX object _deps/catch2-build/src/CMakeFiles/Catch2.dir/catch2/internal/catch_source_line_info.cpp.o
[337/604] Building CXX object _deps/catch2-build/src/CMakeFiles/Catch2.dir/catch2/internal/catch_commandline.cpp.o
[338/604] Building CXX object _deps/catch2-build/src/CMakeFiles/Catch2.dir/catch2/internal/catch_test_spec_parser.cpp.o
[339/604] Building CXX object _deps/catch2-build/src/CMakeFiles/Catch2.dir/catch2/internal/catch_list.cpp.o
[340/604] Building CXX object _deps/catch2-build/src/CMakeFiles/Catch2.dir/catch2/internal/catch_stdstreams.cpp.o
[341/604] Building CXX object _deps/catch2-build/src/CMakeFiles/Catch2.dir/catch2/internal/catch_reporter_spec_parser.cpp.o
[342/604] Building CXX object _deps/catch2-build/src/CMakeFiles/Catch2.dir/catch2/internal/catch_stringref.cpp.o
[343/604] Building CXX object _deps/catch2-build/src/CMakeFiles/Catch2.dir/catch2/internal/catch_string_manip.cpp.o
[344/604] Building CXX object _deps/catch2-build/src/CMakeFiles/Catch2.dir/catch2/internal/catch_tag_alias_registry.cpp.o
[345/604] Building CXX object _deps/catch2-build/src/CMakeFiles/Catch2.dir/catch2/internal/catch_test_failure_exception.cpp.o
[346/604] Building CXX object _deps/catch2-build/src/CMakeFiles/Catch2.dir/catch2/internal/catch_reporter_registry.cpp.o
[347/604] Building CXX object _deps/catch2-build/src/CMakeFiles/Catch2.dir/catch2/internal/catch_test_case_tracker.cpp.o
[348/604] Building CXX object _deps/catch2-build/src/CMakeFiles/Catch2.dir/catch2/internal/catch_textflow.cpp.o
[349/604] Building CXX object _deps/catch2-build/src/CMakeFiles/Catch2.dir/catch2/internal/catch_wildcard_pattern.cpp.o
[350/604] Building CXX object _deps/catch2-build/src/CMakeFiles/Catch2.dir/catch2/internal/catch_run_context.cpp.o
[351/604] Building CXX object _deps/catch2-build/src/CMakeFiles/Catch2.dir/catch2/internal/catch_xmlwriter.cpp.o
[352/604] Building CXX object CMakeFiles/orbsim_core.dir/src/core/LeapSeconds.cpp.o
[353/604] Building CXX object _deps/catch2-build/src/CMakeFiles/Catch2.dir/catch2/internal/catch_test_case_registry_impl.cpp.o
[354/604] Building CXX object CMakeFiles/orbsim_lodepng.dir/_deps/lodepng-src/lodepng.cpp.o
[355/604] Building CXX object _deps/catch2-build/src/CMakeFiles/Catch2.dir/catch2/matchers/catch_matchers.cpp.o
[356/604] Linking CXX static library _deps/imath-build/src/Imath/libImath-3_2_d.a
[357/604] Building CXX object _deps/catch2-build/src/CMakeFiles/Catch2.dir/catch2/matchers/catch_matchers_container_properties.cpp.o
[358/604] Building C object _deps/openexr-build/src/lib/OpenEXRCore/CMakeFiles/OpenEXRCore.dir/internal_b44_table.c.o
[359/604] Building C object _deps/openexr-build/src/lib/OpenEXRCore/CMakeFiles/OpenEXRCore.dir/internal_dwa_table.c.o
[360/604] Building CXX object _deps/catch2-build/src/CMakeFiles/Catch2.dir/catch2/matchers/catch_matchers_exception.cpp.o
[361/604] Building CXX object _deps/catch2-build/src/CMakeFiles/Catch2.dir/catch2/matchers/catch_matchers_predicate.cpp.o
[362/604] Building CXX object _deps/catch2-build/src/CMakeFiles/Catch2.dir/catch2/matchers/internal/catch_matchers_impl.cpp.o
[363/604] Building CXX object _deps/catch2-build/src/CMakeFiles/Catch2.dir/catch2/matchers/catch_matchers_quantifiers.cpp.o
[364/604] Building CXX object _deps/catch2-build/src/CMakeFiles/Catch2.dir/catch2/matchers/catch_matchers_templated.cpp.o
[365/604] Building CXX object _deps/catch2-build/src/CMakeFiles/Catch2.dir/catch2/matchers/catch_matchers_floating_point.cpp.o
[366/604] Building C object _deps/openexr-build/src/lib/OpenEXRCore/CMakeFiles/OpenEXRCore.dir/attributes.c.o
[367/604] Building C object _deps/openexr-build/src/lib/OpenEXRCore/CMakeFiles/OpenEXRCore.dir/string.c.o
[368/604] Building C object _deps/openexr-build/src/lib/OpenEXRCore/CMakeFiles/OpenEXRCore.dir/string_vector.c.o
[369/604] Building C object _deps/openexr-build/src/lib/OpenEXRCore/CMakeFiles/OpenEXRCore.dir/float_vector.c.o
[370/604] Building CXX object _deps/catch2-build/src/CMakeFiles/Catch2.dir/catch2/matchers/catch_matchers_string.cpp.o
[371/604] Building C object _deps/openexr-build/src/lib/OpenEXRCore/CMakeFiles/OpenEXRCore.dir/channel_list.c.o
[372/604] Building C object _deps/openexr-build/src/lib/OpenEXRCore/CMakeFiles/OpenEXRCore.dir/opaque.c.o
[373/604] Building C object _deps/openexr-build/src/lib/OpenEXRCore/CMakeFiles/OpenEXRCore.dir/internal_rle.c.o
[374/604] Building C object _deps/openexr-build/src/lib/OpenEXRCore/CMakeFiles/OpenEXRCore.dir/internal_zip.c.o
[375/604] Building C object _deps/openexr-build/src/lib/OpenEXRCore/CMakeFiles/OpenEXRCore.dir/internal_pxr24.c.o
[376/604] Building C object _deps/openexr-build/src/lib/OpenEXRCore/CMakeFiles/OpenEXRCore.dir/internal_b44.c.o
[377/604] Building C object _deps/openexr-build/src/lib/OpenEXRCore/CMakeFiles/OpenEXRCore.dir/internal_b44_table_init.c.o
[378/604] Building C object _deps/openexr-build/src/lib/OpenEXRCore/CMakeFiles/OpenEXRCore.dir/base.c.o
[379/604] Building C object _deps/openexr-build/src/lib/OpenEXRCore/CMakeFiles/OpenEXRCore.dir/bytes.c.o
[380/604] Building C object _deps/openexr-build/src/lib/OpenEXRCore/CMakeFiles/OpenEXRCore.dir/preview.c.o
[381/604] Building C object _deps/openexr-build/src/lib/OpenEXRCore/CMakeFiles/OpenEXRCore.dir/internal_piz.c.o
[382/604] Building C object _deps/openexr-build/src/lib/OpenEXRCore/CMakeFiles/OpenEXRCore.dir/memory.c.o
[383/604] Building C object _deps/openexr-build/src/lib/OpenEXRCore/CMakeFiles/OpenEXRCore.dir/internal_zstd_delta.c.o
[384/604] Building C object _deps/openexr-build/src/lib/OpenEXRCore/CMakeFiles/OpenEXRCore.dir/internal_zstd_shuffle.c.o
[385/604] Building C object _deps/openexr-build/src/lib/OpenEXRCore/CMakeFiles/OpenEXRCore.dir/internal_dwa_table_init.c.o
[386/604] Building C object _deps/openexr-build/src/lib/OpenEXRCore/CMakeFiles/OpenEXRCore.dir/part.c.o
[387/604] Building C object _deps/openexr-build/src/lib/OpenEXRCore/CMakeFiles/OpenEXRCore.dir/std_attr.c.o
[388/604] Building C object _deps/openexr-build/src/lib/OpenEXRCore/CMakeFiles/OpenEXRCore.dir/internal_huf.c.o
[389/604] Building C object _deps/openexr-build/src/lib/OpenEXRCore/CMakeFiles/OpenEXRCore.dir/internal_structs.c.o
[390/604] Building C object _deps/openexr-build/src/lib/OpenEXRCore/CMakeFiles/OpenEXRCore.dir/context.c.o
[391/604] Building C object _deps/openexr-build/src/lib/OpenEXRCore/CMakeFiles/OpenEXRCore.dir/internal_dwa.c.o
[392/604] Building C object _deps/openexr-build/src/lib/OpenEXRCore/CMakeFiles/OpenEXRCore.dir/color_metadata.c.o
[393/604] Building C object _deps/openexr-build/src/lib/OpenEXRCore/CMakeFiles/OpenEXRCore.dir/internal_zstd.c.o
[394/604] Building C object _deps/openexr-build/src/lib/OpenEXRCore/CMakeFiles/OpenEXRCore.dir/part_attr.c.o
[395/604] Building C object _deps/openexr-build/src/lib/OpenEXRCore/CMakeFiles/OpenEXRCore.dir/write_header.c.o
[396/604] Building C object _deps/openexr-build/src/lib/OpenEXRCore/CMakeFiles/OpenEXRCore.dir/__/__/__/external/zstd/lib/common/debug.c.o
[397/604] Building C object _deps/openexr-build/src/lib/OpenEXRCore/CMakeFiles/OpenEXRCore.dir/parse_header.c.o
[398/604] Building C object _deps/openexr-build/src/lib/OpenEXRCore/CMakeFiles/OpenEXRCore.dir/__/__/__/external/zstd/lib/common/threading.c.o
[399/604] Building C object _deps/openexr-build/src/lib/OpenEXRCore/CMakeFiles/OpenEXRCore.dir/validation.c.o
[400/604] Building C object _deps/openexr-build/src/lib/OpenEXRCore/CMakeFiles/OpenEXRCore.dir/debug.c.o
[401/604] Building C object _deps/openexr-build/src/lib/OpenEXRCore/CMakeFiles/OpenEXRCore.dir/__/__/__/external/zstd/lib/common/xxhash.c.o
[402/604] Building CXX object _deps/openexr-build/src/lib/OpenEXRCore/CMakeFiles/OpenEXRCore.dir/internal_ht_common.cpp.o
[403/604] Building CXX object _deps/openexr-build/src/lib/OpenEXRCore/CMakeFiles/OpenEXRCore.dir/internal_ht.cpp.o
[404/604] Building C object _deps/openexr-build/src/lib/OpenEXRCore/CMakeFiles/OpenEXRCore.dir/chunk.c.o
[405/604] Building C object _deps/openexr-build/src/lib/OpenEXRCore/CMakeFiles/OpenEXRCore.dir/decoding.c.o
[406/604] Building C object _deps/openexr-build/src/lib/OpenEXRCore/CMakeFiles/OpenEXRCore.dir/coding.c.o
[407/604] Building C object _deps/openexr-build/src/lib/OpenEXRCore/CMakeFiles/OpenEXRCore.dir/__/__/__/external/zstd/lib/common/entropy_common.c.o
[408/604] Building C object _deps/openexr-build/src/lib/OpenEXRCore/CMakeFiles/OpenEXRCore.dir/__/__/__/external/zstd/lib/common/error_private.c.o
[409/604] Building C object _deps/openexr-build/src/lib/OpenEXRCore/CMakeFiles/OpenEXRCore.dir/encoding.c.o
[410/604] Building C object _deps/openexr-build/src/lib/OpenEXRCore/CMakeFiles/OpenEXRCore.dir/pack.c.o
[411/604] Building C object _deps/openexr-build/src/lib/OpenEXRCore/CMakeFiles/OpenEXRCore.dir/__/__/__/external/zstd/lib/common/fse_decompress.c.o
[412/604] Building C object _deps/openexr-build/src/lib/OpenEXRCore/CMakeFiles/OpenEXRCore.dir/__/__/__/external/zstd/lib/common/pool.c.o
[413/604] Building C object _deps/openexr-build/src/lib/OpenEXRCore/CMakeFiles/OpenEXRCore.dir/unpack.c.o
[414/604] Building C object _deps/openexr-build/src/lib/OpenEXRCore/CMakeFiles/OpenEXRCore.dir/__/__/__/external/zstd/lib/common/zstd_common.c.o
[415/604] Building C object _deps/openexr-build/src/lib/OpenEXRCore/CMakeFiles/OpenEXRCore.dir/__/__/__/external/zstd/lib/compress/hist.c.o
[416/604] Building C object _deps/openexr-build/src/lib/OpenEXRCore/CMakeFiles/OpenEXRCore.dir/__/__/__/external/zstd/lib/compress/fse_compress.c.o
[417/604] Building C object _deps/openexr-build/src/lib/OpenEXRCore/CMakeFiles/OpenEXRCore.dir/compression.c.o
[418/604] Building C object _deps/openexr-build/src/lib/OpenEXRCore/CMakeFiles/OpenEXRCore.dir/__/__/__/external/zstd/lib/compress/huf_compress.c.o
[419/604] Building ASM object _deps/openexr-build/src/lib/OpenEXRCore/CMakeFiles/OpenEXRCore.dir/__/__/__/external/zstd/lib/decompress/huf_decompress_amd64.S.o
[420/604] Building CXX object CMakeFiles/orbsim_core.dir/src/astro/Tdb.cpp.o
[421/604] Building CXX object CMakeFiles/orbsim_core.dir/src/astro/Sun.cpp.o
[422/604] Building CXX object CMakeFiles/orbsim_core.dir/src/astro/EarthOrientation.cpp.o
[423/604] Building CXX object _deps/openexr-build/external/OpenJPH/src/core/CMakeFiles/openjph.dir/codestream/ojph_codeblock.cpp.o
[424/604] Building CXX object _deps/openexr-build/external/OpenJPH/src/core/CMakeFiles/openjph.dir/codestream/ojph_codeblock_fun.cpp.o
[425/604] Building CXX object _deps/openexr-build/external/OpenJPH/src/core/CMakeFiles/openjph.dir/codestream/ojph_codestream.cpp.o
[426/604] Building CXX object _deps/openexr-build/external/OpenJPH/src/core/CMakeFiles/openjph.dir/codestream/ojph_codestream_gen.cpp.o
[427/604] Building CXX object CMakeFiles/orbsim_core.dir/src/orbit/Orbit.cpp.o
[428/604] Building CXX object _deps/openexr-build/external/OpenJPH/src/core/CMakeFiles/openjph.dir/codestream/ojph_codestream_local.cpp.o
[429/604] Building CXX object _deps/openexr-build/external/OpenJPH/src/core/CMakeFiles/openjph.dir/codestream/ojph_precinct.cpp.o
[430/604] Building CXX object _deps/openexr-build/external/OpenJPH/src/core/CMakeFiles/openjph.dir/codestream/ojph_subband.cpp.o
[431/604] Building CXX object _deps/openexr-build/external/OpenJPH/src/core/CMakeFiles/openjph.dir/codestream/ojph_params.cpp.o
[432/604] Building CXX object _deps/openexr-build/external/OpenJPH/src/core/CMakeFiles/openjph.dir/codestream/ojph_resolution.cpp.o
[433/604] Building CXX object _deps/openexr-build/external/OpenJPH/src/core/CMakeFiles/openjph.dir/codestream/ojph_tile.cpp.o
[434/604] Building CXX object _deps/openexr-build/external/OpenJPH/src/core/CMakeFiles/openjph.dir/coding/ojph_block_common.cpp.o
[435/604] Building CXX object _deps/openexr-build/external/OpenJPH/src/core/CMakeFiles/openjph.dir/codestream/ojph_tile_comp.cpp.o
[436/604] Building C object _deps/openexr-build/src/lib/OpenEXRCore/CMakeFiles/OpenEXRCore.dir/__/__/__/external/zstd/lib/compress/zstd_compress_literals.c.o
[437/604] Building C object _deps/openexr-build/src/lib/OpenEXRCore/CMakeFiles/OpenEXRCore.dir/__/__/__/external/zstd/lib/compress/zstd_compress.c.o
[438/604] Building C object _deps/openexr-build/src/lib/OpenEXRCore/CMakeFiles/OpenEXRCore.dir/__/__/__/external/zstd/lib/compress/zstd_compress_sequences.c.o
[439/604] Building C object _deps/openexr-build/external/OpenJPH/src/core/CMakeFiles/openjph.dir/others/ojph_mem_c.c.o
[440/604] Building CXX object _deps/openexr-build/external/OpenJPH/src/core/CMakeFiles/openjph.dir/others/ojph_arch.cpp.o
[441/604] Building C object _deps/openexr-build/src/lib/OpenEXRCore/CMakeFiles/OpenEXRCore.dir/__/__/__/external/zstd/lib/compress/zstd_compress_superblock.c.o
[442/604] Building CXX object _deps/openexr-build/external/OpenJPH/src/core/CMakeFiles/openjph.dir/coding/ojph_block_encoder.cpp.o
[443/604] Building C object _deps/openexr-build/src/lib/OpenEXRCore/CMakeFiles/OpenEXRCore.dir/__/__/__/external/zstd/lib/compress/zstd_double_fast.c.o
[444/604] Building CXX object _deps/openexr-build/external/OpenJPH/src/core/CMakeFiles/openjph.dir/others/ojph_file.cpp.o
[445/604] Building CXX object _deps/openexr-build/external/OpenJPH/src/core/CMakeFiles/openjph.dir/others/ojph_mem.cpp.o
[446/604] Building C object _deps/openexr-build/src/lib/OpenEXRCore/CMakeFiles/OpenEXRCore.dir/__/__/__/external/zstd/lib/compress/zstd_ldm.c.o
[447/604] Building C object _deps/openexr-build/src/lib/OpenEXRCore/CMakeFiles/OpenEXRCore.dir/__/__/__/external/zstd/lib/compress/zstd_preSplit.c.o
[448/604] Building C object _deps/openexr-build/src/lib/OpenEXRCore/CMakeFiles/OpenEXRCore.dir/__/__/__/external/zstd/lib/compress/zstd_fast.c.o
[449/604] Building C object _deps/openexr-build/src/lib/OpenEXRCore/CMakeFiles/OpenEXRCore.dir/__/__/__/external/zstd/lib/compress/zstd_opt.c.o
[450/604] Building C object _deps/openexr-build/src/lib/OpenEXRCore/CMakeFiles/OpenEXRCore.dir/__/__/__/external/zstd/lib/compress/zstdmt_compress.c.o
[451/604] Building C object _deps/openexr-build/src/lib/OpenEXRCore/CMakeFiles/OpenEXRCore.dir/__/__/__/external/zstd/lib/decompress/zstd_ddict.c.o
[452/604] Building C object _deps/openexr-build/src/lib/OpenEXRCore/CMakeFiles/OpenEXRCore.dir/__/__/__/external/zstd/lib/decompress/huf_decompress.c.o
[453/604] Building CXX object _deps/openexr-build/external/OpenJPH/src/core/CMakeFiles/openjph.dir/transform/ojph_colour_sse.cpp.o
[454/604] Building CXX object _deps/openexr-build/external/OpenJPH/src/core/CMakeFiles/openjph.dir/transform/ojph_transform_sse.cpp.o
[455/604] Building CXX object _deps/openexr-build/external/OpenJPH/src/core/CMakeFiles/openjph.dir/transform/ojph_colour.cpp.o
[456/604] Building CXX object _deps/openexr-build/external/OpenJPH/src/core/CMakeFiles/openjph.dir/transform/ojph_transform.cpp.o
[457/604] Building CXX object _deps/openexr-build/external/OpenJPH/src/core/CMakeFiles/openjph.dir/others/ojph_message.cpp.o
[458/604] Building C object _deps/openexr-build/src/lib/OpenEXRCore/CMakeFiles/OpenEXRCore.dir/__/__/__/external/zstd/lib/decompress/zstd_decompress.c.o
[459/604] Building CXX object _deps/openexr-build/external/OpenJPH/src/core/CMakeFiles/openjph.dir/transform/ojph_transform_sse2.cpp.o
[460/604] Building CXX object _deps/openexr-build/external/OpenJPH/src/core/CMakeFiles/openjph.dir/transform/ojph_colour_sse2.cpp.o
[461/604] Building C object _deps/openexr-build/src/lib/OpenEXRCore/CMakeFiles/OpenEXRCore.dir/__/__/__/external/zstd/lib/decompress/zstd_decompress_block.c.o
[462/604] Linking C static library liborbsim_erfa.a
[463/604] Building CXX object _deps/openexr-build/external/OpenJPH/src/core/CMakeFiles/openjph.dir/coding/ojph_block_decoder64.cpp.o
[464/604] Building CXX object _deps/openexr-build/external/OpenJPH/src/core/CMakeFiles/openjph.dir/coding/ojph_block_decoder32.cpp.o
[465/604] Building CXX object _deps/openexr-build/external/OpenJPH/src/core/CMakeFiles/openjph.dir/codestream/ojph_codestream_sse.cpp.o
[466/604] Building CXX object _deps/openexr-build/external/OpenJPH/src/core/CMakeFiles/openjph.dir/codestream/ojph_codestream_sse2.cpp.o
[467/604] Linking CXX static library liborbsim_lodepng.a
[468/604] Building CXX object _deps/openexr-build/external/OpenJPH/src/core/CMakeFiles/openjph.dir/codestream/ojph_codestream_avx.cpp.o
[469/604] Building CXX object _deps/openexr-build/external/OpenJPH/src/core/CMakeFiles/openjph.dir/transform/ojph_colour_avx.cpp.o
[470/604] Building C object _deps/openexr-build/src/lib/OpenEXRCore/CMakeFiles/OpenEXRCore.dir/__/__/__/external/zstd/lib/compress/zstd_lazy.c.o
[471/604] Building CXX object _deps/openexr-build/external/OpenJPH/src/core/CMakeFiles/openjph.dir/transform/ojph_transform_avx.cpp.o
[472/604] Building CXX object _deps/openexr-build/external/OpenJPH/src/core/CMakeFiles/openjph.dir/codestream/ojph_codestream_avx2.cpp.o
[473/604] Building CXX object _deps/openexr-build/external/OpenJPH/src/core/CMakeFiles/openjph.dir/transform/ojph_transform_avx2.cpp.o
[474/604] Building CXX object _deps/openexr-build/external/OpenJPH/src/core/CMakeFiles/openjph.dir/transform/ojph_colour_avx2.cpp.o
[475/604] Building CXX object _deps/openexr-build/external/OpenJPH/src/core/CMakeFiles/openjph.dir/transform/ojph_transform_avx512.cpp.o
[476/604] Building CXX object _deps/openexr-build/external/OpenJPH/src/core/CMakeFiles/openjph.dir/coding/ojph_block_encoder_avx2.cpp.o
[477/604] Building CXX object _deps/openexr-build/external/OpenJPH/src/core/CMakeFiles/openjph.dir/coding/ojph_block_encoder_avx512.cpp.o
[478/604] Building CXX object CMakeFiles/orbsim_test_support.dir/tests/StbImageImpl.cpp.o
[479/604] Building CXX object _deps/openexr-build/external/OpenJPH/src/core/CMakeFiles/openjph.dir/coding/ojph_block_decoder_ssse3.cpp.o
[480/604] Building CXX object _deps/catch2-build/src/CMakeFiles/Catch2WithMain.dir/catch2/internal/catch_main.cpp.o
[481/604] Building CXX object _deps/openexr-build/external/OpenJPH/src/core/CMakeFiles/openjph.dir/coding/ojph_block_decoder_avx2.cpp.o
[482/604] Linking CXX static library liborbsim_core.a
[483/604] Building CXX object CMakeFiles/test_astro_time.dir/tests/AbortBehaviour.cpp.o
[484/604] Building CXX object CMakeFiles/test_camera.dir/tests/AbortBehaviour.cpp.o
[485/604] Building CXX object CMakeFiles/test_double_double.dir/tests/AbortBehaviour.cpp.o
[486/604] Building CXX object CMakeFiles/test_earth_orientation.dir/tests/AbortBehaviour.cpp.o
[487/604] Building CXX object CMakeFiles/orbsim_test_support.dir/tests/HdrDumpFile.cpp.o
[488/604] Building CXX object CMakeFiles/test_exposure.dir/tests/AbortBehaviour.cpp.o
[489/604] Building CXX object CMakeFiles/orbsim_view.dir/src/view/ProbeImage.cpp.o
[490/604] Building CXX object CMakeFiles/test_fixture_file.dir/tests/AbortBehaviour.cpp.o
[491/604] Building CXX object CMakeFiles/orbsim_view.dir/src/view/ImageFiles.cpp.o
[492/604] Building CXX object CMakeFiles/test_double_double.dir/tests/test_double_double.cpp.o
[493/604] Building CXX object CMakeFiles/test_half.dir/tests/test_half.cpp.o
[494/604] Building CXX object CMakeFiles/test_half.dir/tests/AbortBehaviour.cpp.o
[495/604] Building CXX object CMakeFiles/test_hdr_dump.dir/tests/AbortBehaviour.cpp.o
[496/604] Building CXX object CMakeFiles/test_hdr_dump.dir/tests/test_hdr_dump.cpp.o
[497/604] Building CXX object CMakeFiles/test_math.dir/tests/AbortBehaviour.cpp.o
[498/604] Building CXX object CMakeFiles/test_image_files.dir/tests/AbortBehaviour.cpp.o
[499/604] Building CXX object CMakeFiles/test_orbit.dir/tests/AbortBehaviour.cpp.o
[500/604] Building CXX object CMakeFiles/test_orbit_scales.dir/tests/AbortBehaviour.cpp.o
[501/604] Building CXX object CMakeFiles/test_pipeline_inputs.dir/tests/AbortBehaviour.cpp.o
[502/604] Linking CXX static library _deps/openexr-build/src/lib/OpenEXRCore/libOpenEXRCore-3_5_d.a
[503/604] Building CXX object CMakeFiles/test_probe_sidecar.dir/tests/AbortBehaviour.cpp.o
[504/604] Building CXX object CMakeFiles/test_exposure.dir/tests/test_exposure.cpp.o
[505/604] Building CXX object CMakeFiles/orbsim_view.dir/src/view/Camera.cpp.o
[506/604] Building CXX object CMakeFiles/test_projection.dir/tests/AbortBehaviour.cpp.o
[507/604] Building CXX object CMakeFiles/orbsim_test_support.dir/tests/OrbitTestSupport.cpp.o
[508/604] Building CXX object CMakeFiles/test_image_files.dir/tests/test_image_files.cpp.o
[509/604] Building CXX object CMakeFiles/test_camera.dir/tests/test_camera.cpp.o
[510/604] Building CXX object CMakeFiles/test_render_quality.dir/tests/AbortBehaviour.cpp.o
[511/604] Building CXX object CMakeFiles/test_earth_orientation.dir/tests/test_earth_orientation.cpp.o
[512/604] Building CXX object CMakeFiles/test_astro_time.dir/tests/test_astro_time.cpp.o
[513/604] Building CXX object CMakeFiles/orbsim_view.dir/src/view/ProbeSidecar.cpp.o
[514/604] Building CXX object CMakeFiles/test_srgb.dir/tests/AbortBehaviour.cpp.o
[515/604] Building CXX object CMakeFiles/test_srgb.dir/tests/test_srgb.cpp.o
[516/604] Building CXX object CMakeFiles/test_sun.dir/tests/AbortBehaviour.cpp.o
[517/604] Building CXX object CMakeFiles/orbsim_test_support.dir/tests/FixtureFile.cpp.o
[518/604] Building CXX object CMakeFiles/test_time.dir/tests/AbortBehaviour.cpp.o
[519/604] Building CXX object CMakeFiles/test_tonemap.dir/tests/AbortBehaviour.cpp.o
[520/604] Building C object CMakeFiles/t_erfa_c_extra.dir/_deps/erfa-src/src/t_erfa_c_extra.c.o
[521/604] Building CXX object CMakeFiles/test_fixture_file.dir/tests/test_fixture_file.cpp.o
[522/604] Building CXX object CMakeFiles/test_units_validated.dir/tests/AbortBehaviour.cpp.o
[523/604] Building CXX object CMakeFiles/test_tonemap.dir/tests/test_tonemap.cpp.o
[524/604] Building CXX object CMakeFiles/orbsim_header_selfcheck.dir/selfcheck/orbsim_header_selfcheck_core_Contract_hpp.cpp.o
[525/604] Building C object CMakeFiles/t_erfa_c.dir/_deps/erfa-src/src/t_erfa_c.c.o
