[0/2] Re-checking globbed directories...
[1/56] Building CXX object CMakeFiles/orbsim_view.dir/src/view/Camera.cpp.obj
[2/56] Building CXX object CMakeFiles/orbsim_core.dir/src/astro/Sun.cpp.obj
[3/56] Building CXX object CMakeFiles/orbsim_core.dir/src/astro/EarthOrientation.cpp.obj
[4/56] Building CXX object CMakeFiles/test_view_math.dir/tests/test_view_math.cpp.obj
[5/56] Building CXX object CMakeFiles/test_projection.dir/tests/test_projection.cpp.obj
[6/56] Building CXX object CMakeFiles/test_camera.dir/tests/test_camera.cpp.obj
[7/56] Building CXX object CMakeFiles/test_pipeline_inputs.dir/tests/test_pipeline_inputs.cpp.obj
[8/56] Building CXX object CMakeFiles/test_probe_sidecar.dir/tests/test_probe_sidecar.cpp.obj
[9/56] Linking CXX static library orbsim_core.lib
[10/56] Building CXX object CMakeFiles/orbsim_view.dir/src/view/ProbeSidecar.cpp.obj
[11/56] Building CXX object CMakeFiles/test_sun.dir/tests/test_sun.cpp.obj
[12/56] Building CXX object CMakeFiles/orbsim_view_header_selfcheck.dir/selfcheck/orbsim_view_header_selfcheck_view_Frame_hpp.cpp.obj
[13/56] Linking CXX static library orbsim_view_d.lib
[14/56] Building CXX object CMakeFiles/orbsim_view_header_selfcheck.dir/selfcheck/orbsim_view_header_selfcheck_view_Camera_hpp.cpp.obj
[15/56] Building CXX object CMakeFiles/orbsim_header_selfcheck.dir/selfcheck/orbsim_header_selfcheck_astro_Sun_hpp.cpp.obj
[16/56] Building CXX object CMakeFiles/orbsim_view_header_selfcheck.dir/selfcheck/orbsim_view_header_selfcheck_view_Mat4_hpp.cpp.obj
[17/56] Building CXX object CMakeFiles/orbsim_view_header_selfcheck.dir/selfcheck/orbsim_view_header_selfcheck_view_Projection_hpp.cpp.obj
[18/56] Building CXX object CMakeFiles/orbsim.dir/src/render/Pipeline.cpp.obj
[19/56] Building CXX object CMakeFiles/orbsim.dir/src/render/ResolvePass.cpp.obj
[20/56] Building CXX object CMakeFiles/orbsim.dir/src/render/Probes.cpp.obj
[21/56] Building CXX object CMakeFiles/orbsim.dir/src/app/main.cpp.obj
[22/56] Building CXX object CMakeFiles/orbsim.dir/src/render/VulkanContext.cpp.obj
[23/56] Building CXX object CMakeFiles/orbsim.dir/src/app/ProbeMode.cpp.obj
[24/56] Linking CXX executable test_double_double.exe
[25/56] Linking CXX executable test_astro_time.exe
[26/56] Linking CXX executable test_math.exe
[27/56] Linking CXX executable test_earth_orientation.exe
[28/56] Linking CXX executable test_fixture_file.exe
[29/56] Linking CXX executable test_orbit_scales.exe
[30/56] Linking CXX executable count_wraparound_subtraction.exe
[31/56] Linking CXX executable count_wraparound_addition.exe
[32/56] Linking CXX executable test_sun.exe
[33/56] Linking CXX executable count_wraparound_multiplication.exe
[34/56] Linking CXX executable test_units_validated.exe
[35/56] Linking CXX executable test_time.exe
[36/56] Linking CXX executable test_probe_clear.exe
[37/56] Linking CXX executable test_orbit.exe
[38/56] Building CXX object CMakeFiles/orbsim_view_header_selfcheck.dir/selfcheck/orbsim_view_header_selfcheck_view_ProbeSidecar_hpp.cpp.obj
[39/56] Building CXX object CMakeFiles/orbsim_view_header_selfcheck.dir/selfcheck/orbsim_view_header_selfcheck_view_VertexLayout_hpp.cpp.obj
[40/56] Building CXX object CMakeFiles/orbsim_render_header_selfcheck.dir/selfcheck/orbsim_render_header_selfcheck_render_Pipeline_hpp.cpp.obj
[41/56] Building CXX object CMakeFiles/orbsim_render_header_selfcheck.dir/selfcheck/orbsim_render_header_selfcheck_render_Probes_hpp.cpp.obj
[42/56] Building CXX object CMakeFiles/orbsim_render_header_selfcheck.dir/selfcheck/orbsim_render_header_selfcheck_render_ResolvePass_hpp.cpp.obj
[43/56] Linking CXX executable test_render_quality.exe
[44/56] Linking CXX executable test_exposure.exe
[45/56] Linking CXX executable test_projection.exe
[46/56] Linking CXX executable test_srgb.exe
[47/56] Linking CXX executable test_pipeline_inputs.exe
[48/56] Linking CXX executable test_camera.exe
[49/56] Linking CXX executable test_probe_sidecar.exe
[50/56] Linking CXX executable test_half.exe
[51/56] Linking CXX executable test_hdr_dump.exe
[52/56] Linking CXX executable orbsim.exe
[53/56] Linking CXX executable test_tonemap.exe
[54/56] Linking CXX executable test_view_math.exe
[55/56] Linking CXX executable test_image_files.exe
