1790496399.066	INFO: Running with entropic power schedule (0xFF, 100).
1790496399.067	INFO: Seed: 1247966046
1790496399.075	INFO: Loaded 1 modules   (369 inline 8-bit counters): 369 [00007FF7046AAF08, 00007FF7046AB079), 
1790496399.075	INFO: Loaded 1 PC tables (369 PCs): 369 [00007FF70468AE08,00007FF70468C518), 
1790496399.075	INFO: -max_len is not provided; libFuzzer will not generate inputs larger than 4096 bytes
1790496399.075	INFO: A corpus is not provided, starting from an empty corpus
1790496399.076	#2	INITED cov: 2 ft: 2 corp: 1/1b exec/s: 0 rss: 35Mb
1790496400.176		NEW_FUNC[1/76]: 0x7ff704543b10 in std::array<double, 7>::data(void) C:\Program Files\Microsoft Visual Studio\18\Insiders\VC\Tools\MSVC\14.51.36231\include\array:556
1790496400.176		NEW_FUNC[2/76]: 0x7ff704543ba8 in std::get<0, double, 7>(class std::array<double, 7> const &&) C:\Program Files\Microsoft Visual Studio\18\Insiders\VC\Tools\MSVC\14.51.36231\include\array:881
1790496400.176	#5552	NEW    cov: 157 ft: 157 corp: 2/58b lim: 58 exec/s: 5552 rss: 39Mb L: 57/57 MS: 5 ShuffleBytes-InsertRepeatedBytes-ChangeByte-CopyPart-InsertRepeatedBytes-
1790496400.177		NEW_FUNC[1/1]: 0x7ff704544b40 in std::expected<class orb::GravParam, enum orb::UnitError>::operator->(void) const C:\Program Files\Microsoft Visual Studio\18\Insiders\VC\Tools\MSVC\14.51.36231\include\expected:616
1790496400.177	#5567	NEW    cov: 161 ft: 204 corp: 3/115b lim: 58 exec/s: 5567 rss: 39Mb L: 57/57 MS: 5 EraseBytes-CrossOver-ChangeBinInt-ChangeByte-CrossOver-
1790496400.177	#5568	NEW    cov: 161 ft: 205 corp: 4/172b lim: 58 exec/s: 5568 rss: 39Mb L: 57/57 MS: 1 ChangeByte-
1790496400.178	#5588	NEW    cov: 163 ft: 240 corp: 5/229b lim: 58 exec/s: 5588 rss: 39Mb L: 57/57 MS: 5 CrossOver-ChangeByte-ShuffleBytes-InsertByte-InsertRepeatedBytes-
1790496400.179	#5623	NEW    cov: 163 ft: 269 corp: 6/287b lim: 58 exec/s: 5623 rss: 39Mb L: 58/58 MS: 5 ShuffleBytes-ChangeBinInt-InsertByte-ChangeBit-CMP- DE: "\033\000\000\000\000\000\000\000"-
1790496400.179	#5626	NEW    cov: 163 ft: 277 corp: 7/345b lim: 58 exec/s: 5626 rss: 39Mb L: 58/58 MS: 3 ShuffleBytes-CMP-CopyPart- DE: "\377\377\377\377"-
1790496400.179	#5627	NEW    cov: 163 ft: 283 corp: 8/403b lim: 58 exec/s: 5627 rss: 39Mb L: 58/58 MS: 1 PersAutoDict- DE: "\377\377\377\377"-
1790496400.179	#5633	NEW    cov: 163 ft: 314 corp: 9/461b lim: 58 exec/s: 5633 rss: 39Mb L: 58/58 MS: 1 CopyPart-
1790496400.180	#5668	NEW    cov: 165 ft: 320 corp: 10/519b lim: 58 exec/s: 5668 rss: 39Mb L: 58/58 MS: 5 ChangeBit-ChangeBinInt-ChangeByte-ChangeBinInt-CopyPart-
1790496400.180	#5673	NEW    cov: 165 ft: 329 corp: 11/577b lim: 58 exec/s: 5673 rss: 39Mb L: 58/58 MS: 5 ChangeBit-InsertByte-ChangeASCIIInt-CrossOver-CrossOver-
1790496400.180	#5678	NEW    cov: 165 ft: 330 corp: 12/635b lim: 58 exec/s: 5678 rss: 39Mb L: 58/58 MS: 5 ChangeBit-ShuffleBytes-EraseBytes-ChangeBinInt-InsertRepeatedBytes-
1790496400.181	#5682	REDUCE cov: 165 ft: 330 corp: 12/633b lim: 58 exec/s: 5682 rss: 39Mb L: 56/58 MS: 4 ChangeBit-EraseBytes-ShuffleBytes-PersAutoDict- DE: "\377\377\377\377"-
1790496400.182	#5833	NEW    cov: 165 ft: 332 corp: 13/691b lim: 58 exec/s: 5833 rss: 39Mb L: 58/58 MS: 1 CMP- DE: "8\000\000\000\000\000\000\000"-
1790496400.182	#5835	NEW    cov: 165 ft: 333 corp: 14/749b lim: 58 exec/s: 5835 rss: 39Mb L: 58/58 MS: 2 ChangeBit-PersAutoDict- DE: "\033\000\000\000\000\000\000\000"-
1790496400.183	#5851	NEW    cov: 165 ft: 334 corp: 15/807b lim: 58 exec/s: 5851 rss: 39Mb L: 58/58 MS: 1 CopyPart-
1790496400.183	#5865	NEW    cov: 165 ft: 336 corp: 16/865b lim: 58 exec/s: 5865 rss: 39Mb L: 58/58 MS: 4 ShuffleBytes-ChangeByte-ShuffleBytes-ChangeByte-
1790496400.184	#5928	NEW    cov: 165 ft: 338 corp: 17/923b lim: 58 exec/s: 5928 rss: 40Mb L: 58/58 MS: 3 ShuffleBytes-ChangeByte-ShuffleBytes-
1790496400.185	#5985	NEW    cov: 165 ft: 344 corp: 18/981b lim: 58 exec/s: 5985 rss: 40Mb L: 58/58 MS: 2 ChangeBit-CopyPart-
1790496400.187	#6123	NEW    cov: 165 ft: 345 corp: 19/1039b lim: 58 exec/s: 6123 rss: 40Mb L: 58/58 MS: 3 CopyPart-CopyPart-ChangeBinInt-
1790496400.187	#6178	NEW    cov: 165 ft: 347 corp: 20/1097b lim: 58 exec/s: 6178 rss: 40Mb L: 58/58 MS: 5 PersAutoDict-CopyPart-ChangeByte-ChangeByte-PersAutoDict- DE: "8\000\000\000\000\000\000\000"-"\033\000\000\000\000\000\000\000"-
1790496400.188	#6240	NEW    cov: 165 ft: 348 corp: 21/1155b lim: 58 exec/s: 6240 rss: 40Mb L: 58/58 MS: 2 CMP-ChangeByte- DE: "6\000\000\000\000\000\000\000"-
1790496400.189	#6338	NEW    cov: 165 ft: 350 corp: 22/1213b lim: 58 exec/s: 6338 rss: 40Mb L: 58/58 MS: 3 ChangeByte-PersAutoDict-ShuffleBytes- DE: "\033\000\000\000\000\000\000\000"-
1790496400.191	#6448	REDUCE cov: 165 ft: 350 corp: 22/1212b lim: 58 exec/s: 6448 rss: 40Mb L: 57/58 MS: 5 CopyPart-EraseBytes-ChangeBinInt-ShuffleBytes-CrossOver-
1790496400.192	#6476	NEW    cov: 166 ft: 354 corp: 23/1270b lim: 58 exec/s: 6476 rss: 40Mb L: 58/58 MS: 3 ChangeBit-PersAutoDict-ChangeBit- DE: "\033\000\000\000\000\000\000\000"-
1790496400.193	#6539	REDUCE cov: 166 ft: 354 corp: 23/1268b lim: 58 exec/s: 6539 rss: 40Mb L: 56/58 MS: 3 ChangeBit-CrossOver-CopyPart-
1790496400.194	#6582	REDUCE cov: 166 ft: 354 corp: 23/1266b lim: 58 exec/s: 6582 rss: 40Mb L: 56/58 MS: 3 ChangeBit-ChangeByte-EraseBytes-
1790496400.198	#7000	REDUCE cov: 166 ft: 354 corp: 23/1265b lim: 58 exec/s: 7000 rss: 40Mb L: 57/58 MS: 3 ShuffleBytes-ChangeByte-EraseBytes-
1790496400.199	#7019	NEW    cov: 166 ft: 362 corp: 24/1323b lim: 58 exec/s: 7019 rss: 40Mb L: 58/58 MS: 4 ShuffleBytes-ShuffleBytes-InsertByte-CrossOver-
1790496400.203	#7292	REDUCE cov: 166 ft: 362 corp: 24/1322b lim: 58 exec/s: 7292 rss: 40Mb L: 57/58 MS: 3 ChangeBinInt-PersAutoDict-EraseBytes- DE: "\377\377\377\377"-
1790496400.207	#7629	REDUCE cov: 166 ft: 362 corp: 24/1321b lim: 58 exec/s: 7629 rss: 40Mb L: 56/58 MS: 2 EraseBytes-InsertByte-
1790496400.208	#7657	REDUCE cov: 166 ft: 362 corp: 24/1319b lim: 58 exec/s: 7657 rss: 40Mb L: 56/58 MS: 3 ChangeByte-CopyPart-EraseBytes-
1790496400.209	#7716	NEW    cov: 166 ft: 364 corp: 25/1377b lim: 58 exec/s: 7716 rss: 40Mb L: 58/58 MS: 4 CopyPart-ChangeByte-ChangeBinInt-CrossOver-
1790496400.213	#8120	NEW    cov: 166 ft: 365 corp: 26/1435b lim: 58 exec/s: 8120 rss: 40Mb L: 58/58 MS: 4 ChangeBit-ChangeBit-ChangeBit-ChangeBinInt-
1790496400.217	#8455	NEW    cov: 166 ft: 371 corp: 27/1493b lim: 58 exec/s: 8455 rss: 40Mb L: 58/58 MS: 5 ShuffleBytes-CopyPart-ChangeBinInt-ChangeByte-CrossOver-
1790496400.223	#8945	REDUCE cov: 166 ft: 371 corp: 27/1491b lim: 58 exec/s: 8945 rss: 40Mb L: 56/58 MS: 5 ChangeASCIIInt-ChangeByte-ChangeByte-CrossOver-CrossOver-
1790496400.234	#9864	REDUCE cov: 166 ft: 372 corp: 28/1549b lim: 63 exec/s: 9864 rss: 40Mb L: 58/58 MS: 4 ChangeBit-CrossOver-ShuffleBytes-InsertByte-
1790496400.238	#10139	REDUCE cov: 166 ft: 372 corp: 28/1547b lim: 63 exec/s: 10139 rss: 40Mb L: 56/58 MS: 5 EraseBytes-ChangeBinInt-ChangeBit-PersAutoDict-CopyPart- DE: "\033\000\000\000\000\000\000\000"-
1790496400.311	#15585	REDUCE cov: 166 ft: 372 corp: 28/1546b lim: 116 exec/s: 15585 rss: 41Mb L: 57/58 MS: 1 EraseBytes-
1790496400.333	#16908	REDUCE cov: 166 ft: 372 corp: 28/1545b lim: 128 exec/s: 16908 rss: 41Mb L: 56/58 MS: 3 CopyPart-ChangeByte-EraseBytes-
1790496400.337	#17164	REDUCE cov: 166 ft: 372 corp: 28/1544b lim: 128 exec/s: 17164 rss: 41Mb L: 57/58 MS: 1 EraseBytes-
1790496400.355	#18325	REDUCE cov: 166 ft: 372 corp: 28/1543b lim: 135 exec/s: 18325 rss: 41Mb L: 57/58 MS: 1 EraseBytes-
1790496400.368	#19169	REDUCE cov: 166 ft: 372 corp: 28/1541b lim: 142 exec/s: 19169 rss: 42Mb L: 56/58 MS: 4 ShuffleBytes-EraseBytes-CrossOver-CMP- DE: "C\000\000\000\000\000\000\000"-
1790496400.384	#20110	REDUCE cov: 166 ft: 372 corp: 28/1540b lim: 149 exec/s: 20110 rss: 42Mb L: 57/58 MS: 1 EraseBytes-
1790496400.403	#21227	REDUCE cov: 166 ft: 372 corp: 28/1539b lim: 156 exec/s: 21227 rss: 42Mb L: 56/58 MS: 2 CopyPart-EraseBytes-
1790496400.471	#25333	REDUCE cov: 166 ft: 393 corp: 29/1637b lim: 191 exec/s: 25333 rss: 42Mb L: 98/98 MS: 1 InsertRepeatedBytes-
1790496400.473	#25375	NEW    cov: 166 ft: 402 corp: 30/1760b lim: 191 exec/s: 25375 rss: 42Mb L: 123/123 MS: 2 ChangeBinInt-InsertRepeatedBytes-
1790496400.479	#25718	REDUCE cov: 166 ft: 402 corp: 30/1756b lim: 191 exec/s: 25718 rss: 43Mb L: 94/123 MS: 3 ShuffleBytes-ShuffleBytes-EraseBytes-
1790496400.501	#26940	REDUCE cov: 166 ft: 402 corp: 30/1748b lim: 198 exec/s: 26940 rss: 43Mb L: 86/123 MS: 2 ChangeBit-EraseBytes-
1790496400.513	#27659	NEW    cov: 166 ft: 403 corp: 31/1807b lim: 205 exec/s: 27659 rss: 43Mb L: 59/123 MS: 4 ChangeByte-ShuffleBytes-PersAutoDict-InsertByte- DE: "C\000\000\000\000\000\000\000"-
1790496400.516	#27841	REDUCE cov: 166 ft: 403 corp: 31/1803b lim: 205 exec/s: 27841 rss: 43Mb L: 82/123 MS: 2 ChangeByte-EraseBytes-
1790496400.517	#27847	REDUCE cov: 166 ft: 403 corp: 31/1801b lim: 205 exec/s: 27847 rss: 43Mb L: 121/121 MS: 1 EraseBytes-
1790496400.536	#28758	REDUCE cov: 166 ft: 403 corp: 31/1799b lim: 212 exec/s: 28758 rss: 43Mb L: 56/121 MS: 1 EraseBytes-
1790496400.616	#32002	REDUCE cov: 166 ft: 403 corp: 31/1798b lim: 240 exec/s: 32002 rss: 44Mb L: 56/121 MS: 4 ChangeByte-EraseBytes-ChangeBit-PersAutoDict- DE: "\033\000\000\000\000\000\000\000"-
1790496400.620	#32159	REDUCE cov: 166 ft: 403 corp: 31/1763b lim: 240 exec/s: 32159 rss: 44Mb L: 86/86 MS: 2 ChangeBit-EraseBytes-
1790496400.638	#33040	REDUCE cov: 166 ft: 403 corp: 31/1762b lim: 247 exec/s: 33040 rss: 44Mb L: 56/86 MS: 1 EraseBytes-
1790496400.673	#34797	REDUCE cov: 166 ft: 403 corp: 31/1752b lim: 261 exec/s: 34797 rss: 44Mb L: 76/82 MS: 2 CopyPart-EraseBytes-
1790496400.743	#37973	REDUCE cov: 166 ft: 403 corp: 31/1743b lim: 285 exec/s: 37973 rss: 45Mb L: 67/82 MS: 1 EraseBytes-
1790496400.797	#40401	REDUCE cov: 166 ft: 403 corp: 31/1741b lim: 309 exec/s: 40401 rss: 45Mb L: 56/82 MS: 3 CopyPart-ChangeByte-CrossOver-
1790496400.813	#41276	REDUCE cov: 166 ft: 403 corp: 31/1730b lim: 317 exec/s: 41276 rss: 45Mb L: 71/71 MS: 5 ChangeByte-InsertByte-ChangeByte-ChangeBit-EraseBytes-
1790496400.897	#45518	REDUCE cov: 166 ft: 403 corp: 31/1729b lim: 357 exec/s: 45518 rss: 46Mb L: 56/71 MS: 2 EraseBytes-InsertByte-
1790496400.906	#45870	REDUCE cov: 166 ft: 403 corp: 31/1728b lim: 357 exec/s: 45870 rss: 46Mb L: 66/71 MS: 2 ChangeByte-EraseBytes-
1790496401.016	#50727	REDUCE cov: 166 ft: 403 corp: 31/1715b lim: 405 exec/s: 50727 rss: 47Mb L: 58/66 MS: 2 EraseBytes-EraseBytes-
1790496401.023	#51042	REDUCE cov: 166 ft: 403 corp: 31/1713b lim: 405 exec/s: 51042 rss: 47Mb L: 64/64 MS: 5 InsertByte-InsertByte-CrossOver-ShuffleBytes-EraseBytes-
1790496401.083	#53691	REDUCE cov: 166 ft: 403 corp: 31/1712b lim: 429 exec/s: 26845 rss: 47Mb L: 57/64 MS: 4 CrossOver-PersAutoDict-ChangeASCIIInt-EraseBytes- DE: "8\000\000\000\000\000\000\000"-
1790496401.219	#60213	REDUCE cov: 166 ft: 403 corp: 31/1711b lim: 493 exec/s: 30106 rss: 48Mb L: 63/63 MS: 2 ShuffleBytes-EraseBytes-
1790496401.222	#60271	REDUCE cov: 166 ft: 403 corp: 31/1709b lim: 493 exec/s: 30135 rss: 49Mb L: 56/63 MS: 3 EraseBytes-ChangeBit-PersAutoDict- DE: "8\000\000\000\000\000\000\000"-
1790496401.322	#65536	pulse  cov: 166 ft: 403 corp: 31/1709b lim: 544 exec/s: 32768 rss: 49Mb
1790496401.548	#79008	REDUCE cov: 166 ft: 403 corp: 31/1707b lim: 679 exec/s: 39504 rss: 52Mb L: 56/63 MS: 2 ChangeByte-EraseBytes-
1790496401.789	#93791	REDUCE cov: 166 ft: 403 corp: 31/1706b lim: 823 exec/s: 46895 rss: 54Mb L: 56/63 MS: 3 EraseBytes-CrossOver-InsertByte-
1790496402.036	#110080	REDUCE cov: 166 ft: 403 corp: 31/1704b lim: 976 exec/s: 55040 rss: 57Mb L: 56/63 MS: 4 ChangeBinInt-ShuffleBytes-ShuffleBytes-EraseBytes-
1790496402.336	#131072	pulse  cov: 166 ft: 403 corp: 31/1704b lim: 1180 exec/s: 43690 rss: 60Mb
1790496402.733	#159151	REDUCE cov: 166 ft: 403 corp: 31/1703b lim: 1460 exec/s: 53050 rss: 65Mb L: 62/62 MS: 1 EraseBytes-
1790496402.799	#163622	REDUCE cov: 166 ft: 403 corp: 31/1698b lim: 1500 exec/s: 54540 rss: 66Mb L: 57/59 MS: 1 EraseBytes-
1790496403.462	#211743	REDUCE cov: 166 ft: 403 corp: 31/1697b lim: 1970 exec/s: 52935 rss: 74Mb L: 56/59 MS: 1 EraseBytes-
1790496403.519	#215726	REDUCE cov: 166 ft: 403 corp: 31/1695b lim: 2000 exec/s: 53931 rss: 75Mb L: 56/59 MS: 3 ChangeBinInt-ChangeByte-EraseBytes-
1790496403.871	#240883	REDUCE cov: 166 ft: 403 corp: 31/1694b lim: 2248 exec/s: 60220 rss: 79Mb L: 57/59 MS: 2 InsertByte-EraseBytes-
1790496403.981	#248857	REDUCE cov: 166 ft: 403 corp: 31/1693b lim: 2325 exec/s: 62214 rss: 80Mb L: 56/59 MS: 4 ChangeBit-ChangeBinInt-EraseBytes-CMP- DE: "\377\377\377\377"-
1790496404.195	#262144	pulse  cov: 166 ft: 403 corp: 31/1693b lim: 2457 exec/s: 52428 rss: 82Mb
1790496404.642	#290009	REDUCE cov: 166 ft: 403 corp: 31/1692b lim: 2732 exec/s: 58001 rss: 87Mb L: 57/59 MS: 2 PersAutoDict-EraseBytes- DE: "\033\000\000\000\000\000\000\000"-
1790496404.915	#302740	REDUCE cov: 166 ft: 403 corp: 31/1691b lim: 2853 exec/s: 60548 rss: 89Mb L: 56/59 MS: 1 EraseBytes-
1790496406.672	#397451	REDUCE cov: 166 ft: 403 corp: 31/1690b lim: 3788 exec/s: 56778 rss: 105Mb L: 56/59 MS: 1 EraseBytes-
1790496408.661	#524288	pulse  cov: 166 ft: 403 corp: 31/1690b lim: 4096 exec/s: 58254 rss: 126Mb
1790496412.972	#700594	REDUCE cov: 166 ft: 403 corp: 31/1689b lim: 4096 exec/s: 53891 rss: 155Mb L: 56/59 MS: 3 ChangeBit-InsertByte-EraseBytes-
1790496414.101	#745561	REDUCE cov: 166 ft: 409 corp: 32/1747b lim: 4096 exec/s: 49704 rss: 162Mb L: 58/59 MS: 2 CMP-ChangeByte- DE: "\001\000"-
1790496416.573	#854451	REDUCE cov: 166 ft: 409 corp: 32/1746b lim: 4096 exec/s: 50261 rss: 181Mb L: 56/59 MS: 5 ShuffleBytes-CMP-CrossOver-InsertByte-EraseBytes- DE: "7\000\000\000\000\000\000\000"-
1790496418.786	#942173	REDUCE cov: 166 ft: 409 corp: 32/1745b lim: 4096 exec/s: 49588 rss: 195Mb L: 56/59 MS: 2 ChangeByte-EraseBytes-
1790496421.869	#1048576	pulse  cov: 166 ft: 409 corp: 32/1745b lim: 4096 exec/s: 47662 rss: 212Mb
1790496422.992	#1096834	REDUCE cov: 166 ft: 409 corp: 32/1744b lim: 4096 exec/s: 47688 rss: 220Mb L: 57/59 MS: 1 EraseBytes-
1790496427.668	#1273075	REDUCE cov: 166 ft: 409 corp: 32/1742b lim: 4096 exec/s: 45466 rss: 250Mb L: 56/59 MS: 1 EraseBytes-
1790496447.366	#2097152	pulse  cov: 166 ft: 409 corp: 32/1742b lim: 4096 exec/s: 43690 rss: 386Mb
1790496448.856	#2150329	REDUCE cov: 166 ft: 409 corp: 32/1741b lim: 4096 exec/s: 43884 rss: 395Mb L: 56/59 MS: 4 CopyPart-EraseBytes-ChangeBit-CopyPart-
1790496472.095	#2835078	REDUCE cov: 166 ft: 411 corp: 33/1888b lim: 4096 exec/s: 38836 rss: 477Mb L: 147/147 MS: 4 InsertByte-ChangeByte-InsertRepeatedBytes-ChangeBit-
1790496472.649	#2852519	REDUCE cov: 166 ft: 411 corp: 33/1847b lim: 4096 exec/s: 39075 rss: 477Mb L: 106/106 MS: 1 EraseBytes-
1790496476.067	#2982375	REDUCE cov: 166 ft: 411 corp: 33/1816b lim: 4096 exec/s: 39241 rss: 479Mb L: 75/75 MS: 1 EraseBytes-
1790496477.868	#3070787	REDUCE cov: 166 ft: 411 corp: 33/1799b lim: 4096 exec/s: 39369 rss: 479Mb L: 58/59 MS: 2 InsertByte-EraseBytes-
1790496484.097	#3358398	REDUCE cov: 166 ft: 411 corp: 33/1798b lim: 4096 exec/s: 39510 rss: 480Mb L: 58/58 MS: 1 EraseBytes-
1790496489.134	#3610934	REDUCE cov: 166 ft: 411 corp: 33/1797b lim: 4096 exec/s: 40121 rss: 482Mb L: 57/58 MS: 1 EraseBytes-
1790496497.874	#4194304	pulse  cov: 166 ft: 411 corp: 33/1797b lim: 4096 exec/s: 42799 rss: 482Mb
1790496534.424	#5833826	REDUCE cov: 166 ft: 411 corp: 33/1795b lim: 4096 exec/s: 43213 rss: 483Mb L: 56/57 MS: 2 ChangeByte-EraseBytes-
1790496551.423	#6626118	REDUCE cov: 166 ft: 411 corp: 33/1794b lim: 4096 exec/s: 43592 rss: 483Mb L: 56/57 MS: 2 ShuffleBytes-EraseBytes-
1790496577.815	#8388608	pulse  cov: 166 ft: 411 corp: 33/1794b lim: 4096 exec/s: 47127 rss: 483Mb
1790496640.075	#13623583	DONE   cov: 166 ft: 411 corp: 33/1794b lim: 4096 exec/s: 56529 rss: 484Mb
1790496640.076	###### Recommended dictionary. ######
1790496640.076	"\033\000\000\000\000\000\000\000" # Uses: 184195
1790496640.076	"\377\377\377\377" # Uses: 184174
1790496640.076	"8\000\000\000\000\000\000\000" # Uses: 184417
1790496640.076	"6\000\000\000\000\000\000\000" # Uses: 183489
1790496640.076	"C\000\000\000\000\000\000\000" # Uses: 183684
1790496640.076	"\001\000" # Uses: 170332
1790496640.076	"7\000\000\000\000\000\000\000" # Uses: 168643
1790496640.076	###### End of recommended dictionary. ######
1790496640.076	Done 13623583 runs in 241 second(s)
1790496640.076	stat::number_of_executed_units: 13623583
1790496640.076	stat::average_exec_per_sec:     56529
1790496640.076	stat::new_units_added:          93
1790496640.076	stat::slowest_unit_time_sec:    0
1790496640.077	stat::peak_rss_mb:              484
