### 2026-09-27T07:35:09Z msvc /c/Users/U439644/AppData/Local/Programs/CLion/bin/cmake/win/x64/bin/cmake.exe --build build/timing/windows-msvc
'vswhere.exe' is not recognized as an internal or external command,
operable program or batch file.
[0/2] Re-checking globbed directories...
[1/903] Building C object CMakeFiles\orbsim_erfa.dir\_deps\erfa-src\src\apco.c.obj
[2/903] Building C object CMakeFiles\orbsim_erfa.dir\_deps\erfa-src\src\ab.c.obj
[3/903] Building C object CMakeFiles\orbsim_erfa.dir\_deps\erfa-src\src\aper13.c.obj
[4/903] Building C object CMakeFiles\orbsim_erfa.dir\_deps\erfa-src\src\ae2hd.c.obj
[5/903] Building C object CMakeFiles\orbsim_erfa.dir\_deps\erfa-src\src\anpm.c.obj
[6/903] Building C object CMakeFiles\orbsim_erfa.dir\_deps\erfa-src\src\a2af.c.obj
[7/903] Building C object CMakeFiles\orbsim_erfa.dir\_deps\erfa-src\src\apio13.c.obj
[8/903] Building C object CMakeFiles\orbsim_erfa.dir\_deps\erfa-src\src\apco13.c.obj
[9/903] Building C object CMakeFiles\orbsim_erfa.dir\_deps\erfa-src\src\apcs13.c.obj
[10/903] Building C object CMakeFiles\orbsim_erfa.dir\_deps\erfa-src\src\anp.c.obj
[11/903] Building C object CMakeFiles\orbsim_erfa.dir\_deps\erfa-src\src\apcg13.c.obj
[12/903] Building C object CMakeFiles\orbsim_erfa.dir\_deps\erfa-src\src\af2a.c.obj
[13/903] Building C object CMakeFiles\orbsim_erfa.dir\_deps\erfa-src\src\apci.c.obj
[14/903] Building C object CMakeFiles\orbsim_erfa.dir\_deps\erfa-src\src\apio.c.obj
[15/903] Building C object CMakeFiles\orbsim_erfa.dir\_deps\erfa-src\src\atci13.c.obj
[16/903] Building C object CMakeFiles\orbsim_erfa.dir\_deps\erfa-src\src\aper.c.obj
[17/903] Building C object CMakeFiles\orbsim_erfa.dir\_deps\erfa-src\src\apcs.c.obj
[18/903] Building C object CMakeFiles\orbsim_erfa.dir\_deps\erfa-src\src\a2tf.c.obj
[19/903] Building C object CMakeFiles\orbsim_erfa.dir\_deps\erfa-src\src\atcc13.c.obj
[20/903] Building C object CMakeFiles\orbsim_erfa.dir\_deps\erfa-src\src\apcg.c.obj
[21/903] Building C object CMakeFiles\orbsim_erfa.dir\_deps\erfa-src\src\apci13.c.obj
[22/903] Building C object CMakeFiles\orbsim_erfa.dir\_deps\erfa-src\src\atciqz.c.obj
[23/903] Building C object CMakeFiles\orbsim_erfa.dir\_deps\erfa-src\src\atccq.c.obj
[24/903] Building C object CMakeFiles\orbsim_erfa.dir\_deps\erfa-src\src\atciqn.c.obj
[25/903] Building C object CMakeFiles\orbsim_erfa.dir\_deps\erfa-src\src\atciq.c.obj
[26/903] Building C object CMakeFiles\orbsim_erfa.dir\_deps\erfa-src\src\aticqn.c.obj
[27/903] Building C object CMakeFiles\orbsim_erfa.dir\_deps\erfa-src\src\bpn2xy.c.obj
[28/903] Building C object CMakeFiles\orbsim_erfa.dir\_deps\erfa-src\src\c2i00a.c.obj
[29/903] Building C object CMakeFiles\orbsim_erfa.dir\_deps\erfa-src\src\atic13.c.obj
[30/903] Building C object CMakeFiles\orbsim_erfa.dir\_deps\erfa-src\src\aticq.c.obj
[31/903] Building C object CMakeFiles\orbsim_erfa.dir\_deps\erfa-src\src\bp00.c.obj
[32/903] Building C object CMakeFiles\orbsim_erfa.dir\_deps\erfa-src\src\bi00.c.obj
[33/903] Building C object CMakeFiles\orbsim_erfa.dir\_deps\erfa-src\src\bp06.c.obj
[34/903] Building C object CMakeFiles\orbsim_erfa.dir\_deps\erfa-src\src\atoc13.c.obj
[35/903] Building C object CMakeFiles\orbsim_erfa.dir\_deps\erfa-src\src\atco13.c.obj
[36/903] Building C object CMakeFiles\orbsim_erfa.dir\_deps\erfa-src\src\atoi13.c.obj
[37/903] Building C object CMakeFiles\orbsim_erfa.dir\_deps\erfa-src\src\c2ibpn.c.obj
[38/903] Building C object CMakeFiles\orbsim_erfa.dir\_deps\erfa-src\src\c2i06a.c.obj
[39/903] Building C object CMakeFiles\orbsim_erfa.dir\_deps\erfa-src\src\atioq.c.obj
[40/903] Building C object CMakeFiles\orbsim_erfa.dir\_deps\erfa-src\src\c2ixys.c.obj
[41/903] Building C object CMakeFiles\orbsim_erfa.dir\_deps\erfa-src\src\atio13.c.obj
[42/903] Building C object CMakeFiles\orbsim_erfa.dir\_deps\erfa-src\src\c2ixy.c.obj
[43/903] Building C object CMakeFiles\orbsim_erfa.dir\_deps\erfa-src\src\c2i00b.c.obj
[44/903] Building C object CMakeFiles\orbsim_erfa.dir\_deps\erfa-src\src\atoiq.c.obj
[45/903] Building C object CMakeFiles\orbsim_erfa.dir\_deps\erfa-src\src\c2t06a.c.obj
[46/903] Building C object CMakeFiles\orbsim_erfa.dir\_deps\erfa-src\src\c2tcio.c.obj
[47/903] Building C object CMakeFiles\orbsim_erfa.dir\_deps\erfa-src\src\c2t00b.c.obj
[48/903] Building C object CMakeFiles\orbsim_erfa.dir\_deps\erfa-src\src\c2s.c.obj
[49/903] Building C object CMakeFiles\orbsim_erfa.dir\_deps\erfa-src\src\c2t00a.c.obj
[50/903] Building C object CMakeFiles\orbsim_erfa.dir\_deps\erfa-src\src\eceq06.c.obj
[51/903] Building C object CMakeFiles\orbsim_erfa.dir\_deps\erfa-src\src\c2txy.c.obj
[52/903] Building C object CMakeFiles\orbsim_erfa.dir\_deps\erfa-src\src\cr.c.obj
[53/903] Building C object CMakeFiles\orbsim_erfa.dir\_deps\erfa-src\src\ee00b.c.obj
[54/903] Building C object CMakeFiles\orbsim_erfa.dir\_deps\erfa-src\src\cp.c.obj
[55/903] Building C object CMakeFiles\orbsim_erfa.dir\_deps\erfa-src\src\ecm06.c.obj
[56/903] Building C object CMakeFiles\orbsim_erfa.dir\_deps\erfa-src\src\cal2jd.c.obj
[57/903] Building C object CMakeFiles\orbsim_erfa.dir\_deps\erfa-src\src\c2teqx.c.obj
[58/903] Building C object CMakeFiles\orbsim_erfa.dir\_deps\erfa-src\src\ee06a.c.obj
[59/903] Building C object CMakeFiles\orbsim_erfa.dir\_deps\erfa-src\src\ee00.c.obj
[60/903] Building C object CMakeFiles\orbsim_erfa.dir\_deps\erfa-src\src\c2tpe.c.obj
[61/903] Building C object CMakeFiles\orbsim_erfa.dir\_deps\erfa-src\src\d2tf.c.obj
[62/903] Building C object CMakeFiles\orbsim_erfa.dir\_deps\erfa-src\src\dtdb.c.obj
[63/903] Building C object CMakeFiles\orbsim_erfa.dir\_deps\erfa-src\src\cpv.c.obj
[64/903] Building C object CMakeFiles\orbsim_erfa.dir\_deps\erfa-src\src\ee00a.c.obj
[65/903] Building C object CMakeFiles\orbsim_erfa.dir\_deps\erfa-src\src\dtf2d.c.obj
[66/903] Building C object CMakeFiles\orbsim_erfa.dir\_deps\erfa-src\src\d2dtf.c.obj
[67/903] Building C object CMakeFiles\orbsim_erfa.dir\_deps\erfa-src\src\eect00.c.obj
[68/903] Building C object CMakeFiles\orbsim_erfa.dir\_deps\erfa-src\src\dat.c.obj
[69/903] Building C object CMakeFiles\orbsim_erfa.dir\_deps\erfa-src\src\eors.c.obj
[70/903] Building C object CMakeFiles\orbsim_erfa.dir\_deps\erfa-src\src\epb.c.obj
[71/903] Building C object CMakeFiles\orbsim_erfa.dir\_deps\erfa-src\src\epb2jd.c.obj
[72/903] Building C object CMakeFiles\orbsim_erfa.dir\_deps\erfa-src\src\eo06a.c.obj
[73/903] Building C object CMakeFiles\orbsim_erfa.dir\_deps\erfa-src\src\eform.c.obj
[74/903] Building C object CMakeFiles\orbsim_erfa.dir\_deps\erfa-src\src\erfaversion.c.obj
[75/903] Building C object CMakeFiles\orbsim_erfa.dir\_deps\erfa-src\src\era00.c.obj
[76/903] Building C object CMakeFiles\orbsim_erfa.dir\_deps\erfa-src\src\eqec06.c.obj
[77/903] Building C object CMakeFiles\orbsim_erfa.dir\_deps\erfa-src\src\falp03.c.obj
[78/903] Building C object CMakeFiles\orbsim_erfa.dir\_deps\erfa-src\src\faju03.c.obj
[79/903] Building C object CMakeFiles\orbsim_erfa.dir\_deps\erfa-src\src\fama03.c.obj
[80/903] Building C object CMakeFiles\orbsim_erfa.dir\_deps\erfa-src\src\fame03.c.obj
[81/903] Building C object CMakeFiles\orbsim_erfa.dir\_deps\erfa-src\src\erfadatextra.c.obj
[82/903] Building C object CMakeFiles\orbsim_erfa.dir\_deps\erfa-src\src\eqeq94.c.obj
[83/903] Building C object CMakeFiles\orbsim_erfa.dir\_deps\erfa-src\src\epj.c.obj
[84/903] Building C object CMakeFiles\orbsim_erfa.dir\_deps\erfa-src\src\faf03.c.obj
[85/903] Building C object CMakeFiles\orbsim_erfa.dir\_deps\erfa-src\src\fad03.c.obj
[86/903] Building C object CMakeFiles\orbsim_erfa.dir\_deps\erfa-src\src\faom03.c.obj
[87/903] Building C object CMakeFiles\orbsim_erfa.dir\_deps\erfa-src\src\fapa03.c.obj
[88/903] Building C object CMakeFiles\orbsim_erfa.dir\_deps\erfa-src\src\fae03.c.obj
[89/903] Building C object CMakeFiles\orbsim_erfa.dir\_deps\erfa-src\src\epj2jd.c.obj
[90/903] Building C object CMakeFiles\orbsim_erfa.dir\_deps\erfa-src\src\fane03.c.obj
[91/903] Building C object CMakeFiles\orbsim_erfa.dir\_deps\erfa-src\src\fasa03.c.obj
[92/903] Building C object CMakeFiles\orbsim_erfa.dir\_deps\erfa-src\src\fal03.c.obj
[93/903] Building C object CMakeFiles\orbsim_erfa.dir\_deps\erfa-src\src\epv00.c.obj
[94/903] Building C object CMakeFiles\orbsim_erfa.dir\_deps\erfa-src\src\fave03.c.obj
[95/903] Building C object CMakeFiles\orbsim_erfa.dir\_deps\erfa-src\src\fk45z.c.obj
[96/903] Building C object CMakeFiles\orbsim_erfa.dir\_deps\erfa-src\src\faur03.c.obj
[97/903] Building C object CMakeFiles\orbsim_erfa.dir\_deps\erfa-src\src\fk524.c.obj
[98/903] Building C object CMakeFiles\orbsim_erfa.dir\_deps\erfa-src\src\fk425.c.obj
[99/903] Building C object CMakeFiles\orbsim_erfa.dir\_deps\erfa-src\src\gst00b.c.obj
[100/903] Building C object CMakeFiles\orbsim_erfa.dir\_deps\erfa-src\src\gst06.c.obj
[101/903] Building C object CMakeFiles\orbsim_erfa.dir\_deps\erfa-src\src\fw2xy.c.obj
[102/903] Building C object CMakeFiles\orbsim_erfa.dir\_deps\erfa-src\src\g2icrs.c.obj
[103/903] Building C object CMakeFiles\orbsim_erfa.dir\_deps\erfa-src\src\fk5hip.c.obj
[104/903] Building C object CMakeFiles\orbsim_erfa.dir\_deps\erfa-src\src\gst00a.c.obj
[105/903] Building C object CMakeFiles\orbsim_erfa.dir\_deps\erfa-src\src\fk54z.c.obj
[106/903] Building C object CMakeFiles\orbsim_erfa.dir\_deps\erfa-src\src\fk52h.c.obj
[107/903] Building C object CMakeFiles\orbsim_erfa.dir\_deps\erfa-src\src\gd2gce.c.obj
[108/903] Building C object CMakeFiles\orbsim_erfa.dir\_deps\erfa-src\src\gc2gde.c.obj
[109/903] Building C object CMakeFiles\orbsim_erfa.dir\_deps\erfa-src\src\gmst00.c.obj
[110/903] Building C object CMakeFiles\orbsim_erfa.dir\_deps\erfa-src\src\gmst06.c.obj
[111/903] Building C object CMakeFiles\orbsim_erfa.dir\_deps\erfa-src\src\fw2m.c.obj
[112/903] Building C object CMakeFiles\orbsim_erfa.dir\_deps\erfa-src\src\gmst82.c.obj
[113/903] Building C object CMakeFiles\orbsim_erfa.dir\_deps\erfa-src\src\gd2gc.c.obj
[114/903] Building C object CMakeFiles\orbsim_erfa.dir\_deps\erfa-src\src\fk5hz.c.obj
[115/903] Building C object CMakeFiles\orbsim_erfa.dir\_deps\erfa-src\src\gst06a.c.obj
[116/903] Building C object CMakeFiles\orbsim_erfa.dir\_deps\erfa-src\src\gc2gd.c.obj
[117/903] Building C object CMakeFiles\orbsim_erfa.dir\_deps\erfa-src\src\gst94.c.obj
[118/903] Building C object CMakeFiles\orbsim_erfa.dir\_deps\erfa-src\src\h2fk5.c.obj
[119/903] Building C object CMakeFiles\orbsim_erfa.dir\_deps\erfa-src\src\icrs2g.c.obj
[120/903] Building C object CMakeFiles\orbsim_erfa.dir\_deps\erfa-src\src\hd2pa.c.obj
[121/903] Building C object CMakeFiles\orbsim_erfa.dir\_deps\erfa-src\src\hfk5z.c.obj
[122/903] Building C object CMakeFiles\orbsim_erfa.dir\_deps\erfa-src\src\hd2ae.c.obj
[123/903] Building C object CMakeFiles\orbsim_erfa.dir\_deps\erfa-src\src\ir.c.obj
[124/903] Building C object CMakeFiles\orbsim_erfa.dir\_deps\erfa-src\src\ldsun.c.obj
[125/903] Building C object CMakeFiles\orbsim_erfa.dir\_deps\erfa-src\src\jdcalf.c.obj
[126/903] Building C object CMakeFiles\orbsim_erfa.dir\_deps\erfa-src\src\ltpecl.c.obj
[127/903] Building C object CMakeFiles\orbsim_erfa.dir\_deps\erfa-src\src\ltpb.c.obj
[128/903] Building C object CMakeFiles\orbsim_erfa.dir\_deps\erfa-src\src\lteceq.c.obj
[129/903] Building C object CMakeFiles\orbsim_erfa.dir\_deps\erfa-src\src\ltecm.c.obj
[130/903] Building C object CMakeFiles\orbsim_erfa.dir\_deps\erfa-src\src\ldn.c.obj
[131/903] Building C object CMakeFiles\orbsim_erfa.dir\_deps\erfa-src\src\ltp.c.obj
[132/903] Building C object CMakeFiles\orbsim_erfa.dir\_deps\erfa-src\src\ltpequ.c.obj
[133/903] Building C object CMakeFiles\orbsim_erfa.dir\_deps\erfa-src\src\num06a.c.obj
[134/903] Building C object CMakeFiles\orbsim_erfa.dir\_deps\erfa-src\src\num00b.c.obj
[135/903] Building C object CMakeFiles\orbsim_erfa.dir\_deps\erfa-src\src\numat.c.obj
[136/903] Building C object CMakeFiles\orbsim_erfa.dir\_deps\erfa-src\src\ld.c.obj
[137/903] Building C object CMakeFiles\orbsim_erfa.dir\_deps\erfa-src\src\num00a.c.obj
[138/903] Building C object CMakeFiles\orbsim_erfa.dir\_deps\erfa-src\src\lteqec.c.obj
[139/903] Building C object CMakeFiles\orbsim_erfa.dir\_deps\erfa-src\src\jd2cal.c.obj
[140/903] Building C object CMakeFiles\orbsim_erfa.dir\_deps\erfa-src\src\nut00a.c.obj
[141/903] Building C object CMakeFiles\orbsim_erfa.dir\_deps\erfa-src\src\moon98.c.obj
[142/903] Building C object CMakeFiles\orbsim_erfa.dir\_deps\erfa-src\src\nut00b.c.obj
[143/903] Building C object CMakeFiles\orbsim_erfa.dir\_deps\erfa-src\src\obl06.c.obj
[144/903] Building C object CMakeFiles\orbsim_erfa.dir\_deps\erfa-src\src\nut06a.c.obj
[145/903] Building C object CMakeFiles\orbsim_erfa.dir\_deps\erfa-src\src\nut80.c.obj
[146/903] Building C object CMakeFiles\orbsim_erfa.dir\_deps\erfa-src\src\obl80.c.obj
[147/903] Building C object CMakeFiles\orbsim_erfa.dir\_deps\erfa-src\src\nutm80.c.obj
[148/903] Building C object CMakeFiles\orbsim_erfa.dir\_deps\erfa-src\src\pdp.c.obj
[149/903] Building C object CMakeFiles\orbsim_erfa.dir\_deps\erfa-src\src\pap.c.obj
[150/903] Building C object CMakeFiles\orbsim_erfa.dir\_deps\erfa-src\src\pmp.c.obj
[151/903] Building C object CMakeFiles\orbsim_erfa.dir\_deps\erfa-src\src\p2pv.c.obj
[152/903] Building C object CMakeFiles\orbsim_erfa.dir\_deps\erfa-src\src\pmsafe.c.obj
[153/903] Building C object CMakeFiles\orbsim_erfa.dir\_deps\erfa-src\src\pmat06.c.obj
[154/903] Building C object CMakeFiles\orbsim_erfa.dir\_deps\erfa-src\src\p06e.c.obj
[155/903] Building C object CMakeFiles\orbsim_erfa.dir\_deps\erfa-src\src\pm.c.obj
[156/903] Building C object CMakeFiles\orbsim_erfa.dir\_deps\erfa-src\src\pas.c.obj
[157/903] Building C object CMakeFiles\orbsim_erfa.dir\_deps\erfa-src\src\pb06.c.obj
[158/903] Building C object CMakeFiles\orbsim_erfa.dir\_deps\erfa-src\src\pfw06.c.obj
[159/903] Building C object CMakeFiles\orbsim_erfa.dir\_deps\erfa-src\src\plan94.c.obj
[160/903] Building C object CMakeFiles\orbsim_erfa.dir\_deps\erfa-src\src\pmat00.c.obj
[161/903] Building C object CMakeFiles\orbsim_erfa.dir\_deps\erfa-src\src\pmpx.c.obj
[162/903] Building C object CMakeFiles\orbsim_erfa.dir\_deps\erfa-src\src\pmat76.c.obj
[163/903] Building C object CMakeFiles\orbsim_erfa.dir\_deps\erfa-src\src\pn00a.c.obj
[164/903] Building C object CMakeFiles\orbsim_erfa.dir\_deps\erfa-src\src\pn.c.obj
[165/903] Building C object CMakeFiles\orbsim_erfa.dir\_deps\erfa-src\src\pn00.c.obj
[166/903] Building C object CMakeFiles\orbsim_erfa.dir\_deps\erfa-src\src\p2s.c.obj
[167/903] Building C object CMakeFiles\orbsim_erfa.dir\_deps\erfa-src\src\pn06a.c.obj
[168/903] Building C object CMakeFiles\orbsim_erfa.dir\_deps\erfa-src\src\pn06.c.obj
[169/903] Building C object CMakeFiles\orbsim_erfa.dir\_deps\erfa-src\src\pnm00a.c.obj
[170/903] Building C object CMakeFiles\orbsim_erfa.dir\_deps\erfa-src\src\pn00b.c.obj
[171/903] Building C object CMakeFiles\orbsim_erfa.dir\_deps\erfa-src\src\pnm80.c.obj
[172/903] Building C object CMakeFiles\orbsim_erfa.dir\_deps\erfa-src\src\pnm06a.c.obj
[173/903] Building C object CMakeFiles\orbsim_erfa.dir\_deps\erfa-src\src\ppp.c.obj
[174/903] Building C object CMakeFiles\orbsim_erfa.dir\_deps\erfa-src\src\pom00.c.obj
[175/903] Building C object CMakeFiles\orbsim_erfa.dir\_deps\erfa-src\src\pr00.c.obj
[176/903] Building C object CMakeFiles\orbsim_erfa.dir\_deps\erfa-src\src\pnm00b.c.obj
[177/903] Building C object CMakeFiles\orbsim_erfa.dir\_deps\erfa-src\src\pvdpv.c.obj
[178/903] Building C object CMakeFiles\orbsim_erfa.dir\_deps\erfa-src\src\ppsp.c.obj
[179/903] Building C object CMakeFiles\orbsim_erfa.dir\_deps\erfa-src\src\pvmpv.c.obj
[180/903] Building C object CMakeFiles\orbsim_erfa.dir\_deps\erfa-src\src\pvtob.c.obj
[181/903] Building C object CMakeFiles\orbsim_erfa.dir\_deps\erfa-src\src\pvstar.c.obj
[182/903] Building C object CMakeFiles\orbsim_erfa.dir\_deps\erfa-src\src\pv2p.c.obj
[183/903] Building C object CMakeFiles\orbsim_erfa.dir\_deps\erfa-src\src\pv2s.c.obj
[184/903] Building C object CMakeFiles\orbsim_erfa.dir\_deps\erfa-src\src\pvup.c.obj
[185/903] Building C object CMakeFiles\orbsim_erfa.dir\_deps\erfa-src\src\pvxpv.c.obj
[186/903] Building C object CMakeFiles\orbsim_erfa.dir\_deps\erfa-src\src\pvppv.c.obj
[187/903] Building C object CMakeFiles\orbsim_erfa.dir\_deps\erfa-src\src\prec76.c.obj
[188/903] Building C object CMakeFiles\orbsim_erfa.dir\_deps\erfa-src\src\pxp.c.obj
[189/903] Building C object CMakeFiles\orbsim_erfa.dir\_deps\erfa-src\src\pvm.c.obj
[190/903] Building C object CMakeFiles\orbsim_erfa.dir\_deps\erfa-src\src\pvu.c.obj
[191/903] Building C object CMakeFiles\orbsim_erfa.dir\_deps\erfa-src\src\rm2v.c.obj
[192/903] Building C object CMakeFiles\orbsim_erfa.dir\_deps\erfa-src\src\rv2m.c.obj
[193/903] Building C object CMakeFiles\orbsim_erfa.dir\_deps\erfa-src\src\rx.c.obj
[194/903] Building C object CMakeFiles\orbsim_erfa.dir\_deps\erfa-src\src\refco.c.obj
[195/903] Building C object CMakeFiles\orbsim_erfa.dir\_deps\erfa-src\src\s2pv.c.obj
[196/903] Building C object CMakeFiles\orbsim_erfa.dir\_deps\erfa-src\src\rxp.c.obj
[197/903] Building C object CMakeFiles\orbsim_erfa.dir\_deps\erfa-src\src\sepp.c.obj
[198/903] Building C object CMakeFiles\orbsim_erfa.dir\_deps\erfa-src\src\sp00.c.obj
[199/903] Building C object CMakeFiles\orbsim_erfa.dir\_deps\erfa-src\src\s06a.c.obj
[200/903] Building C object CMakeFiles\orbsim_erfa.dir\_deps\erfa-src\src\rz.c.obj
[201/903] Building C object CMakeFiles\orbsim_erfa.dir\_deps\erfa-src\src\rxpv.c.obj
[202/903] Building C object CMakeFiles\orbsim_erfa.dir\_deps\erfa-src\src\s00a.c.obj
[203/903] Building C object CMakeFiles\orbsim_erfa.dir\_deps\erfa-src\src\s2c.c.obj
[204/903] Building C object CMakeFiles\orbsim_erfa.dir\_deps\erfa-src\src\rxr.c.obj
[205/903] Building C object CMakeFiles\orbsim_erfa.dir\_deps\erfa-src\src\s00.c.obj
[206/903] Building C object CMakeFiles\orbsim_erfa.dir\_deps\erfa-src\src\s00b.c.obj
[207/903] Building C object CMakeFiles\orbsim_erfa.dir\_deps\erfa-src\src\starpm.c.obj
[208/903] Building C object CMakeFiles\orbsim_erfa.dir\_deps\erfa-src\src\seps.c.obj
[209/903] Building C object CMakeFiles\orbsim_erfa.dir\_deps\erfa-src\src\s06.c.obj
[210/903] Building C object CMakeFiles\orbsim_erfa.dir\_deps\erfa-src\src\s2p.c.obj
[211/903] Building C object CMakeFiles\orbsim_erfa.dir\_deps\erfa-src\src\sxp.c.obj
[212/903] Building C object CMakeFiles\orbsim_erfa.dir\_deps\erfa-src\src\s2xpv.c.obj
[213/903] Building C object CMakeFiles\orbsim_erfa.dir\_deps\erfa-src\src\starpv.c.obj
[214/903] Building C object CMakeFiles\orbsim_erfa.dir\_deps\erfa-src\src\ry.c.obj
[215/903] Building C object CMakeFiles\orbsim_erfa.dir\_deps\erfa-src\src\taiutc.c.obj
[216/903] Building C object CMakeFiles\orbsim_erfa.dir\_deps\erfa-src\src\taiut1.c.obj
[217/903] Building C object CMakeFiles\orbsim_erfa.dir\_deps\erfa-src\src\sxpv.c.obj
[218/903] Building C object CMakeFiles\orbsim_erfa.dir\_deps\erfa-src\src\tcbtdb.c.obj
[219/903] Building C object CMakeFiles\orbsim_erfa.dir\_deps\erfa-src\src\taitt.c.obj
[220/903] Building C object CMakeFiles\orbsim_erfa.dir\_deps\erfa-src\src\tcgtt.c.obj
[221/903] Building C object CMakeFiles\orbsim_erfa.dir\_deps\erfa-src\src\tr.c.obj
[222/903] Building C object CMakeFiles\orbsim_erfa.dir\_deps\erfa-src\src\tpxev.c.obj
[223/903] Building C object CMakeFiles\orbsim_erfa.dir\_deps\erfa-src\src\trxpv.c.obj
[224/903] Building C object CMakeFiles\orbsim_erfa.dir\_deps\erfa-src\src\tpxes.c.obj
[225/903] Building C object CMakeFiles\orbsim_erfa.dir\_deps\erfa-src\src\tdbtt.c.obj
[226/903] Building C object CMakeFiles\orbsim_erfa.dir\_deps\erfa-src\src\trxp.c.obj
[227/903] Building C object CMakeFiles\orbsim_erfa.dir\_deps\erfa-src\src\tpstv.c.obj
[228/903] Building C object CMakeFiles\orbsim_erfa.dir\_deps\erfa-src\src\tpsts.c.obj
[229/903] Building C object CMakeFiles\orbsim_erfa.dir\_deps\erfa-src\src\tttcg.c.obj
[230/903] Building C object CMakeFiles\orbsim_erfa.dir\_deps\erfa-src\src\tdbtcb.c.obj
[231/903] Building C object CMakeFiles\orbsim_erfa.dir\_deps\erfa-src\src\tporv.c.obj
[232/903] Building C object CMakeFiles\orbsim_erfa.dir\_deps\erfa-src\src\tttai.c.obj
[233/903] Building C object CMakeFiles\orbsim_erfa.dir\_deps\erfa-src\src\tf2a.c.obj
[234/903] Building C object CMakeFiles\orbsim_erfa.dir\_deps\erfa-src\src\tpors.c.obj
[235/903] Building C object CMakeFiles\orbsim_erfa.dir\_deps\erfa-src\src\tttdb.c.obj
[236/903] Building C object CMakeFiles\orbsim_erfa.dir\_deps\erfa-src\src\ttut1.c.obj
[237/903] Building C object CMakeFiles\orbsim_erfa.dir\_deps\erfa-src\src\ut1tai.c.obj
[238/903] Building C object CMakeFiles\orbsim_erfa.dir\_deps\erfa-src\src\tf2d.c.obj
[239/903] Building C object CMakeFiles\orbsim_erfa.dir\_deps\erfa-src\src\ut1tt.c.obj
[240/903] Building C object CMakeFiles\orbsim_erfa.dir\_deps\erfa-src\src\ut1utc.c.obj
[241/903] Building C object CMakeFiles\orbsim_erfa.dir\_deps\erfa-src\src\utctai.c.obj
[242/903] Building C object CMakeFiles\orbsim_erfa.dir\_deps\erfa-src\src\utcut1.c.obj
[243/903] Building C object CMakeFiles\orbsim_erfa.dir\_deps\erfa-src\src\xy06.c.obj
[244/903] Building C object CMakeFiles\orbsim_erfa.dir\_deps\erfa-src\src\zp.c.obj
[245/903] Building C object CMakeFiles\orbsim_erfa.dir\_deps\erfa-src\src\zr.c.obj
[246/903] Building C object CMakeFiles\orbsim_erfa.dir\_deps\erfa-src\src\xys00a.c.obj
[247/903] Building C object CMakeFiles\orbsim_erfa.dir\_deps\erfa-src\src\zpv.c.obj
[248/903] Building CXX object _deps\imath-build\src\Imath\CMakeFiles\Imath.dir\ImathRandom.cpp.obj
[249/903] Building C object CMakeFiles\orbsim_erfa.dir\_deps\erfa-src\src\xys06a.c.obj
[250/903] Building C object CMakeFiles\orbsim_erfa.dir\_deps\erfa-src\src\xys00b.c.obj
[251/903] Building CXX object _deps\catch2-build\src\CMakeFiles\Catch2.dir\catch2\generators\catch_generator_exception.cpp.obj
[252/903] Building CXX object _deps\imath-build\src\Imath\CMakeFiles\Imath.dir\ImathFun.cpp.obj
[253/903] Building CXX object _deps\catch2-build\src\CMakeFiles\Catch2.dir\catch2\generators\catch_generators_throw.cpp.obj
[254/903] Building CXX object _deps\imath-build\src\Imath\CMakeFiles\Imath.dir\half.cpp.obj
[255/903] Building CXX object _deps\imath-build\src\Imath\CMakeFiles\Imath.dir\ImathColorAlgo.cpp.obj
[256/903] Building CXX object _deps\imath-build\src\Imath\CMakeFiles\Imath.dir\ImathMatrixAlgo.cpp.obj
[257/903] Building CXX object _deps\catch2-build\src\CMakeFiles\Catch2.dir\catch2\benchmark\detail\catch_stats.cpp.obj
[258/903] Building CXX object _deps\catch2-build\src\CMakeFiles\Catch2.dir\catch2\benchmark\catch_chronometer.cpp.obj
[259/903] Building CXX object _deps\catch2-build\src\CMakeFiles\Catch2.dir\catch2\reporters\catch_reporter_automake.cpp.obj
[260/903] Building CXX object _deps\catch2-build\src\CMakeFiles\Catch2.dir\catch2\benchmark\detail\catch_analyse.cpp.obj
[261/903] Building CXX object _deps\catch2-build\src\CMakeFiles\Catch2.dir\catch2\benchmark\detail\catch_benchmark_function.cpp.obj
[262/903] Building CXX object _deps\catch2-build\src\CMakeFiles\Catch2.dir\catch2\generators\catch_generators.cpp.obj
[263/903] Building CXX object _deps\catch2-build\src\CMakeFiles\Catch2.dir\catch2\benchmark\detail\catch_run_for_at_least.cpp.obj
[264/903] Building CXX object _deps\catch2-build\src\CMakeFiles\Catch2.dir\catch2\reporters\catch_reporter_registrars.cpp.obj
[265/903] Building CXX object _deps\catch2-build\src\CMakeFiles\Catch2.dir\catch2\reporters\catch_reporter_event_listener.cpp.obj
[266/903] Building CXX object _deps\catch2-build\src\CMakeFiles\Catch2.dir\catch2\reporters\catch_reporter_compact.cpp.obj
[267/903] Building CXX object _deps\catch2-build\src\CMakeFiles\Catch2.dir\catch2\benchmark\catch_benchmark.cpp.obj
[268/903] Building CXX object _deps\catch2-build\src\CMakeFiles\Catch2.dir\catch2\reporters\catch_reporter_common_base.cpp.obj
[269/903] Building CXX object _deps\catch2-build\src\CMakeFiles\Catch2.dir\catch2\reporters\catch_reporter_helpers.cpp.obj
[270/903] Building CXX object _deps\catch2-build\src\CMakeFiles\Catch2.dir\catch2\generators\catch_generators_random.cpp.obj
[271/903] Building CXX object _deps\catch2-build\src\CMakeFiles\Catch2.dir\catch2\reporters\catch_reporter_multi.cpp.obj
[272/903] Building CXX object _deps\catch2-build\src\CMakeFiles\Catch2.dir\catch2\reporters\catch_reporter_junit.cpp.obj
[273/903] Building CXX object _deps\catch2-build\src\CMakeFiles\Catch2.dir\catch2\reporters\catch_reporter_json.cpp.obj
[274/903] Building CXX object _deps\catch2-build\src\CMakeFiles\Catch2.dir\catch2\reporters\catch_reporter_console.cpp.obj
[275/903] Building CXX object _deps\catch2-build\src\CMakeFiles\Catch2.dir\catch2\reporters\catch_reporter_cumulative_base.cpp.obj
[276/903] Building CXX object _deps\catch2-build\src\CMakeFiles\Catch2.dir\catch2\interfaces\catch_interfaces_exception.cpp.obj
[277/903] Building CXX object _deps\catch2-build\src\CMakeFiles\Catch2.dir\catch2\interfaces\catch_interfaces_testcase.cpp.obj
[278/903] Building CXX object _deps\catch2-build\src\CMakeFiles\Catch2.dir\catch2\interfaces\catch_interfaces_registry_hub.cpp.obj
[279/903] Building CXX object _deps\catch2-build\src\CMakeFiles\Catch2.dir\catch2\interfaces\catch_interfaces_reporter_factory.cpp.obj
[280/903] Building CXX object _deps\catch2-build\src\CMakeFiles\Catch2.dir\catch2\catch_totals.cpp.obj
[281/903] Building CXX object _deps\catch2-build\src\CMakeFiles\Catch2.dir\catch2\interfaces\catch_interfaces_capture.cpp.obj
[282/903] Building CXX object _deps\catch2-build\src\CMakeFiles\Catch2.dir\catch2\catch_tag_alias_autoregistrar.cpp.obj
[283/903] Building CXX object _deps\catch2-build\src\CMakeFiles\Catch2.dir\catch2\reporters\catch_reporter_streaming_base.cpp.obj
[284/903] Building CXX object _deps\catch2-build\src\CMakeFiles\Catch2.dir\catch2\reporters\catch_reporter_sonarqube.cpp.obj
[285/903] Building CXX object _deps\catch2-build\src\CMakeFiles\Catch2.dir\catch2\reporters\catch_reporter_tap.cpp.obj
[286/903] Building CXX object _deps\catch2-build\src\CMakeFiles\Catch2.dir\catch2\catch_assertion_result.cpp.obj
[287/903] Building CXX object _deps\catch2-build\src\CMakeFiles\Catch2.dir\catch2\interfaces\catch_interfaces_generatortracker.cpp.obj
[288/903] Building CXX object _deps\catch2-build\src\CMakeFiles\Catch2.dir\catch2\interfaces\catch_interfaces_config.cpp.obj
[289/903] Building CXX object _deps\catch2-build\src\CMakeFiles\Catch2.dir\catch2\catch_translate_exception.cpp.obj
[290/903] Building CXX object _deps\catch2-build\src\CMakeFiles\Catch2.dir\catch2\reporters\catch_reporter_xml.cpp.obj
[291/903] Building CXX object _deps\catch2-build\src\CMakeFiles\Catch2.dir\catch2\internal\catch_context.cpp.obj
[292/903] Building CXX object _deps\catch2-build\src\CMakeFiles\Catch2.dir\catch2\reporters\catch_reporter_teamcity.cpp.obj
[293/903] Building CXX object _deps\catch2-build\src\CMakeFiles\Catch2.dir\catch2\interfaces\catch_interfaces_reporter.cpp.obj
[294/903] Building CXX object _deps\catch2-build\src\CMakeFiles\Catch2.dir\catch2\internal\catch_errno_guard.cpp.obj
[295/903] Building CXX object _deps\catch2-build\src\CMakeFiles\Catch2.dir\catch2\internal\catch_debugger.cpp.obj
[296/903] Building CXX object _deps\catch2-build\src\CMakeFiles\Catch2.dir\catch2\catch_approx.cpp.obj
[297/903] Building CXX object _deps\catch2-build\src\CMakeFiles\Catch2.dir\catch2\catch_get_random_seed.cpp.obj
[298/903] Building CXX object _deps\catch2-build\src\CMakeFiles\Catch2.dir\catch2\catch_registry_hub.cpp.obj
[299/903] Building CXX object _deps\catch2-build\src\CMakeFiles\Catch2.dir\catch2\catch_message.cpp.obj
[300/903] Building CXX object _deps\catch2-build\src\CMakeFiles\Catch2.dir\catch2\internal\catch_case_insensitive_comparisons.cpp.obj
[301/903] Building CXX object _deps\catch2-build\src\CMakeFiles\Catch2.dir\catch2\catch_test_case_info.cpp.obj
[302/903] Building CXX object _deps\catch2-build\src\CMakeFiles\Catch2.dir\catch2\internal\catch_getenv.cpp.obj
[303/903] Building CXX object _deps\catch2-build\src\CMakeFiles\Catch2.dir\catch2\catch_config.cpp.obj
[304/903] Building CXX object _deps\catch2-build\src\CMakeFiles\Catch2.dir\catch2\catch_version.cpp.obj
[305/903] Building CXX object _deps\catch2-build\src\CMakeFiles\Catch2.dir\catch2\internal\catch_floating_point_helpers.cpp.obj
[306/903] Building CXX object _deps\catch2-build\src\CMakeFiles\Catch2.dir\catch2\catch_tostring.cpp.obj
[307/903] Building CXX object _deps\catch2-build\src\CMakeFiles\Catch2.dir\catch2\catch_timer.cpp.obj
[308/903] Building CXX object _deps\catch2-build\src\CMakeFiles\Catch2.dir\catch2\catch_test_spec.cpp.obj
[309/903] Building CXX object _deps\catch2-build\src\CMakeFiles\Catch2.dir\catch2\internal\catch_random_number_generator.cpp.obj
[310/903] Building CXX object _deps\catch2-build\src\CMakeFiles\Catch2.dir\catch2\internal\catch_enum_info.cpp.obj
[311/903] Building CXX object _deps\catch2-build\src\CMakeFiles\Catch2.dir\catch2\internal\catch_polyfills.cpp.obj
[312/903] Building CXX object _deps\catch2-build\src\CMakeFiles\Catch2.dir\catch2\catch_session.cpp.obj
[313/903] Building CXX object _deps\catch2-build\src\CMakeFiles\Catch2.dir\catch2\internal\catch_leak_detector.cpp.obj
[314/903] Building CXX object _deps\catch2-build\src\CMakeFiles\Catch2.dir\catch2\internal\catch_message_info.cpp.obj
[315/903] Building CXX object _deps\catch2-build\src\CMakeFiles\Catch2.dir\catch2\internal\catch_assertion_handler.cpp.obj
[316/903] Building CXX object _deps\catch2-build\src\CMakeFiles\Catch2.dir\catch2\internal\catch_enforce.cpp.obj
[317/903] Building CXX object _deps\catch2-build\src\CMakeFiles\Catch2.dir\catch2\internal\catch_debug_console.cpp.obj
[318/903] Building CXX object _deps\catch2-build\src\CMakeFiles\Catch2.dir\catch2\internal\catch_parse_numbers.cpp.obj
[319/903] Building CXX object _deps\catch2-build\src\CMakeFiles\Catch2.dir\catch2\internal\catch_exception_translator_registry.cpp.obj
[320/903] Building CXX object _deps\catch2-build\src\CMakeFiles\Catch2.dir\catch2\internal\catch_clara.cpp.obj
[321/903] Building CXX object _deps\catch2-build\src\CMakeFiles\Catch2.dir\catch2\internal\catch_jsonwriter.cpp.obj
[322/903] Building CXX object _deps\catch2-build\src\CMakeFiles\Catch2.dir\catch2\internal\catch_istream.cpp.obj
[323/903] Building CXX object _deps\catch2-build\src\CMakeFiles\Catch2.dir\catch2\internal\catch_console_colour.cpp.obj
[324/903] Building CXX object _deps\catch2-build\src\CMakeFiles\Catch2.dir\catch2\internal\catch_commandline.cpp.obj
[325/903] Building CXX object _deps\catch2-build\src\CMakeFiles\Catch2.dir\catch2\internal\catch_decomposer.cpp.obj
[326/903] Building CXX object _deps\catch2-build\src\CMakeFiles\Catch2.dir\catch2\internal\catch_fatal_condition_handler.cpp.obj
[327/903] Building CXX object _deps\catch2-build\src\CMakeFiles\Catch2.dir\catch2\internal\catch_section.cpp.obj
[328/903] Building CXX object _deps\catch2-build\src\CMakeFiles\Catch2.dir\catch2\internal\catch_singletons.cpp.obj
[329/903] Building CXX object _deps\catch2-build\src\CMakeFiles\Catch2.dir\catch2\internal\catch_startup_exception_registry.cpp.obj
[330/903] Building CXX object _deps\catch2-build\src\CMakeFiles\Catch2.dir\catch2\internal\catch_uncaught_exceptions.cpp.obj
[331/903] Building CXX object _deps\catch2-build\src\CMakeFiles\Catch2.dir\catch2\internal\catch_output_redirect.cpp.obj
[332/903] Building CXX object _deps\catch2-build\src\CMakeFiles\Catch2.dir\catch2\internal\catch_lazy_expr.cpp.obj
[333/903] Building CXX object _deps\catch2-build\src\CMakeFiles\Catch2.dir\catch2\internal\catch_random_seed_generation.cpp.obj
[334/903] Building CXX object _deps\catch2-build\src\CMakeFiles\Catch2.dir\catch2\internal\catch_reusable_string_stream.cpp.obj
[335/903] Building CXX object _deps\catch2-build\src\CMakeFiles\Catch2.dir\catch2\internal\catch_test_case_info_hasher.cpp.obj
[336/903] Building CXX object _deps\catch2-build\src\CMakeFiles\Catch2.dir\catch2\internal\catch_source_line_info.cpp.obj
[337/903] Building CXX object _deps\catch2-build\src\CMakeFiles\Catch2.dir\catch2\internal\catch_list.cpp.obj
[338/903] Building CXX object _deps\catch2-build\src\CMakeFiles\Catch2.dir\catch2\internal\catch_test_spec_parser.cpp.obj
[339/903] Building CXX object _deps\catch2-build\src\CMakeFiles\Catch2.dir\catch2\internal\catch_test_registry.cpp.obj
[340/903] Building CXX object _deps\catch2-build\src\CMakeFiles\Catch2.dir\catch2\internal\catch_stdstreams.cpp.obj
[341/903] Building CXX object _deps\catch2-build\src\CMakeFiles\Catch2.dir\catch2\internal\catch_string_manip.cpp.obj
[342/903] Building CXX object _deps\catch2-build\src\CMakeFiles\Catch2.dir\catch2\internal\catch_reporter_spec_parser.cpp.obj
[343/903] Building CXX object _deps\catch2-build\src\CMakeFiles\Catch2.dir\catch2\internal\catch_stringref.cpp.obj
[344/903] Linking C static library orbsim_erfa.lib
[345/903] Building CXX object _deps\catch2-build\src\CMakeFiles\Catch2.dir\catch2\internal\catch_tag_alias_registry.cpp.obj
[346/903] Building CXX object _deps\catch2-build\src\CMakeFiles\Catch2.dir\catch2\internal\catch_test_failure_exception.cpp.obj
[347/903] Building CXX object _deps\catch2-build\src\CMakeFiles\Catch2.dir\catch2\internal\catch_reporter_registry.cpp.obj
[348/903] Building CXX object _deps\catch2-build\src\CMakeFiles\Catch2.dir\catch2\internal\catch_run_context.cpp.obj
[349/903] Linking CXX static library _deps\imath-build\src\Imath\Imath-3_2_d.lib
[350/903] Building CXX object _deps\catch2-build\src\CMakeFiles\Catch2.dir\catch2\internal\catch_wildcard_pattern.cpp.obj
[351/903] Building CXX object _deps\catch2-build\src\CMakeFiles\Catch2.dir\catch2\internal\catch_test_case_tracker.cpp.obj
[352/903] Building CXX object _deps\catch2-build\src\CMakeFiles\Catch2.dir\catch2\internal\catch_textflow.cpp.obj
[353/903] Building CXX object _deps\catch2-build\src\CMakeFiles\Catch2.dir\catch2\internal\catch_xmlwriter.cpp.obj
[354/903] Building C object _deps\openexr-build\src\lib\OpenEXRCore\CMakeFiles\OpenEXRCore.dir\internal_rle.c.obj
[355/903] Building C object _deps\openexr-build\src\lib\OpenEXRCore\CMakeFiles\OpenEXRCore.dir\internal_b44_table.c.obj
[356/903] Building CXX object CMakeFiles\orbsim_core.dir\src\core\LeapSeconds.cpp.obj
[357/903] Building C object _deps\openexr-build\src\lib\OpenEXRCore\CMakeFiles\OpenEXRCore.dir\internal_zip.c.obj
[358/903] Building C object _deps\openexr-build\src\lib\OpenEXRCore\CMakeFiles\OpenEXRCore.dir\internal_pxr24.c.obj
[359/903] Building C object _deps\openexr-build\src\lib\OpenEXRCore\CMakeFiles\OpenEXRCore.dir\internal_b44.c.obj
[360/903] Building C object _deps\openexr-build\src\lib\OpenEXRCore\CMakeFiles\OpenEXRCore.dir\internal_dwa_table.c.obj
[361/903] Building CXX object _deps\catch2-build\src\CMakeFiles\Catch2.dir\catch2\internal\catch_test_case_registry_impl.cpp.obj
[362/903] Building CXX object CMakeFiles\orbsim_lodepng.dir\_deps\lodepng-src\lodepng.cpp.obj
[363/903] Building C object _deps\openexr-build\src\lib\OpenEXRCore\CMakeFiles\OpenEXRCore.dir\internal_b44_table_init.c.obj
[364/903] Building CXX object _deps\catch2-build\src\CMakeFiles\Catch2.dir\catch2\matchers\catch_matchers.cpp.obj
[365/903] Building C object _deps\openexr-build\src\lib\OpenEXRCore\CMakeFiles\OpenEXRCore.dir\internal_zstd_delta.c.obj
[366/903] Building CXX object _deps\catch2-build\src\CMakeFiles\Catch2.dir\catch2\matchers\catch_matchers_exception.cpp.obj
[367/903] Building C object _deps\openexr-build\src\lib\OpenEXRCore\CMakeFiles\OpenEXRCore.dir\internal_piz.c.obj
[368/903] Building C object _deps\openexr-build\src\lib\OpenEXRCore\CMakeFiles\OpenEXRCore.dir\internal_zstd_shuffle.c.obj
[369/903] Building CXX object _deps\catch2-build\src\CMakeFiles\Catch2.dir\catch2\matchers\catch_matchers_container_properties.cpp.obj
[370/903] Building C object _deps\openexr-build\src\lib\OpenEXRCore\CMakeFiles\OpenEXRCore.dir\internal_dwa_table_init.c.obj
[371/903] Building C object _deps\openexr-build\src\lib\OpenEXRCore\CMakeFiles\OpenEXRCore.dir\internal_dwa.c.obj
[372/903] Building CXX object _deps\catch2-build\src\CMakeFiles\Catch2.dir\catch2\matchers\catch_matchers_predicate.cpp.obj
[373/903] Building C object _deps\openexr-build\src\lib\OpenEXRCore\CMakeFiles\OpenEXRCore.dir\internal_zstd.c.obj
[374/903] Building C object _deps\openexr-build\src\lib\OpenEXRCore\CMakeFiles\OpenEXRCore.dir\internal_huf.c.obj
[375/903] Building C object _deps\openexr-build\src\lib\OpenEXRCore\CMakeFiles\OpenEXRCore.dir\attributes.c.obj
[376/903] Building CXX object _deps\catch2-build\src\CMakeFiles\Catch2.dir\catch2\matchers\catch_matchers_quantifiers.cpp.obj
[377/903] Building CXX object _deps\catch2-build\src\CMakeFiles\Catch2.dir\catch2\matchers\internal\catch_matchers_impl.cpp.obj
[378/903] Building C object _deps\openexr-build\src\lib\OpenEXRCore\CMakeFiles\OpenEXRCore.dir\base.c.obj
[379/903] Building CXX object _deps\catch2-build\src\CMakeFiles\Catch2.dir\catch2\matchers\catch_matchers_floating_point.cpp.obj
[380/903] Building C object _deps\openexr-build\src\lib\OpenEXRCore\CMakeFiles\OpenEXRCore.dir\string.c.obj
[381/903] Building C object _deps\openexr-build\src\lib\OpenEXRCore\CMakeFiles\OpenEXRCore.dir\string_vector.c.obj
[382/903] Building C object _deps\openexr-build\src\lib\OpenEXRCore\CMakeFiles\OpenEXRCore.dir\float_vector.c.obj
[383/903] Building C object _deps\openexr-build\src\lib\OpenEXRCore\CMakeFiles\OpenEXRCore.dir\opaque.c.obj
[384/903] Building C object _deps\openexr-build\src\lib\OpenEXRCore\CMakeFiles\OpenEXRCore.dir\std_attr.c.obj
[385/903] Building C object _deps\openexr-build\src\lib\OpenEXRCore\CMakeFiles\OpenEXRCore.dir\color_metadata.c.obj
[386/903] Building CXX object _deps\catch2-build\src\CMakeFiles\Catch2.dir\catch2\matchers\catch_matchers_templated.cpp.obj
[387/903] Building C object _deps\openexr-build\src\lib\OpenEXRCore\CMakeFiles\OpenEXRCore.dir\channel_list.c.obj
[388/903] Building C object _deps\openexr-build\src\lib\OpenEXRCore\CMakeFiles\OpenEXRCore.dir\bytes.c.obj
[389/903] Building CXX object _deps\catch2-build\src\CMakeFiles\Catch2.dir\catch2\matchers\catch_matchers_string.cpp.obj
[390/903] Building C object _deps\openexr-build\src\lib\OpenEXRCore\CMakeFiles\OpenEXRCore.dir\preview.c.obj
[391/903] Building C object _deps\openexr-build\src\lib\OpenEXRCore\CMakeFiles\OpenEXRCore.dir\part.c.obj
[392/903] Building C object _deps\openexr-build\src\lib\OpenEXRCore\CMakeFiles\OpenEXRCore.dir\memory.c.obj
[393/903] Building C object _deps\openexr-build\src\lib\OpenEXRCore\CMakeFiles\OpenEXRCore.dir\context.c.obj
[394/903] Building C object _deps\openexr-build\src\lib\OpenEXRCore\CMakeFiles\OpenEXRCore.dir\internal_structs.c.obj
[395/903] Building C object _deps\openexr-build\src\lib\OpenEXRCore\CMakeFiles\OpenEXRCore.dir\__\__\__\external\zstd\lib\common\debug.c.obj
[396/903] Building C object _deps\openexr-build\src\lib\OpenEXRCore\CMakeFiles\OpenEXRCore.dir\parse_header.c.obj
[397/903] Building C object _deps\openexr-build\src\lib\OpenEXRCore\CMakeFiles\OpenEXRCore.dir\__\__\__\external\zstd\lib\common\error_private.c.obj
[398/903] Building C object _deps\openexr-build\src\lib\OpenEXRCore\CMakeFiles\OpenEXRCore.dir\__\__\__\external\zstd\lib\common\entropy_common.c.obj
[399/903] Building C object _deps\openexr-build\src\lib\OpenEXRCore\CMakeFiles\OpenEXRCore.dir\pack.c.obj
[400/903] Building C object _deps\openexr-build\src\lib\OpenEXRCore\CMakeFiles\OpenEXRCore.dir\encoding.c.obj
[401/903] Building C object _deps\openexr-build\src\lib\OpenEXRCore\CMakeFiles\OpenEXRCore.dir\write_header.c.obj
[402/903] Building C object _deps\openexr-build\src\lib\OpenEXRCore\CMakeFiles\OpenEXRCore.dir\decoding.c.obj
[403/903] Building C object _deps\openexr-build\src\lib\OpenEXRCore\CMakeFiles\OpenEXRCore.dir\__\__\__\external\zstd\lib\common\fse_decompress.c.obj
[404/903] Building C object _deps\openexr-build\src\lib\OpenEXRCore\CMakeFiles\OpenEXRCore.dir\coding.c.obj
[405/903] Building C object _deps\openexr-build\src\lib\OpenEXRCore\CMakeFiles\OpenEXRCore.dir\chunk.c.obj
[406/903] Building C object _deps\openexr-build\src\lib\OpenEXRCore\CMakeFiles\OpenEXRCore.dir\part_attr.c.obj
[407/903] Building C object _deps\openexr-build\src\lib\OpenEXRCore\CMakeFiles\OpenEXRCore.dir\validation.c.obj
[408/903] Building CXX object _deps\openexr-build\src\lib\OpenEXRCore\CMakeFiles\OpenEXRCore.dir\internal_ht.cpp.obj
[409/903] Building C object _deps\openexr-build\src\lib\OpenEXRCore\CMakeFiles\OpenEXRCore.dir\__\__\__\external\zstd\lib\common\threading.c.obj
[410/903] Building CXX object _deps\openexr-build\src\lib\OpenEXRCore\CMakeFiles\OpenEXRCore.dir\internal_ht_common.cpp.obj
[411/903] Building C object _deps\openexr-build\src\lib\OpenEXRCore\CMakeFiles\OpenEXRCore.dir\compression.c.obj
[412/903] Building C object _deps\openexr-build\src\lib\OpenEXRCore\CMakeFiles\OpenEXRCore.dir\__\__\__\external\zstd\lib\common\xxhash.c.obj
[413/903] Building C object _deps\openexr-build\src\lib\OpenEXRCore\CMakeFiles\OpenEXRCore.dir\debug.c.obj
[414/903] Building C object _deps\openexr-build\src\lib\OpenEXRCore\CMakeFiles\OpenEXRCore.dir\__\__\__\external\zstd\lib\common\pool.c.obj
[415/903] Building C object _deps\openexr-build\src\lib\OpenEXRCore\CMakeFiles\OpenEXRCore.dir\unpack.c.obj
[416/903] Building C object _deps\openexr-build\src\lib\OpenEXRCore\CMakeFiles\OpenEXRCore.dir\__\__\__\external\zstd\lib\compress\fse_compress.c.obj
[417/903] Building C object _deps\openexr-build\src\lib\OpenEXRCore\CMakeFiles\OpenEXRCore.dir\__\__\__\external\zstd\lib\compress\hist.c.obj
[418/903] Building C object _deps\openexr-build\src\lib\OpenEXRCore\CMakeFiles\OpenEXRCore.dir\__\__\__\external\zstd\lib\compress\zstd_compress_sequences.c.obj
[419/903] Building C object _deps\openexr-build\src\lib\OpenEXRCore\CMakeFiles\OpenEXRCore.dir\__\__\__\external\zstd\lib\common\zstd_common.c.obj
[420/903] Building C object _deps\openexr-build\src\lib\OpenEXRCore\CMakeFiles\OpenEXRCore.dir\__\__\__\external\zstd\lib\compress\zstd_compress_literals.c.obj
[421/903] Building C object _deps\openexr-build\src\lib\OpenEXRCore\CMakeFiles\OpenEXRCore.dir\__\__\__\external\zstd\lib\compress\huf_compress.c.obj
[422/903] Building C object _deps\openexr-build\src\lib\OpenEXRCore\CMakeFiles\OpenEXRCore.dir\__\__\__\external\zstd\lib\compress\zstd_compress_superblock.c.obj
[423/903] Building C object _deps\openexr-build\src\lib\OpenEXRCore\CMakeFiles\OpenEXRCore.dir\__\__\__\external\zstd\lib\compress\zstd_fast.c.obj
[424/903] Building C object _deps\openexr-build\src\lib\OpenEXRCore\CMakeFiles\OpenEXRCore.dir\__\__\__\external\zstd\lib\compress\zstd_ldm.c.obj
[425/903] Building C object _deps\openexr-build\src\lib\OpenEXRCore\CMakeFiles\OpenEXRCore.dir\__\__\__\external\zstd\lib\compress\zstd_double_fast.c.obj
[426/903] Building C object _deps\openexr-build\src\lib\OpenEXRCore\CMakeFiles\OpenEXRCore.dir\__\__\__\external\zstd\lib\compress\zstd_lazy.c.obj
[427/903] Building C object _deps\openexr-build\src\lib\OpenEXRCore\CMakeFiles\OpenEXRCore.dir\__\__\__\external\zstd\lib\compress\zstd_opt.c.obj
[428/903] Building C object _deps\openexr-build\src\lib\OpenEXRCore\CMakeFiles\OpenEXRCore.dir\__\__\__\external\zstd\lib\compress\zstd_preSplit.c.obj
[429/903] Building C object _deps\openexr-build\src\lib\OpenEXRCore\CMakeFiles\OpenEXRCore.dir\__\__\__\external\zstd\lib\compress\zstdmt_compress.c.obj
[430/903] Building C object _deps\openexr-build\src\lib\OpenEXRCore\CMakeFiles\OpenEXRCore.dir\__\__\__\external\zstd\lib\compress\zstd_compress.c.obj
[431/903] Building C object _deps\openexr-build\src\lib\OpenEXRCore\CMakeFiles\OpenEXRCore.dir\__\__\__\external\zstd\lib\decompress\huf_decompress.c.obj
[432/903] Building C object _deps\openexr-build\src\lib\OpenEXRCore\CMakeFiles\OpenEXRCore.dir\__\__\__\external\zstd\lib\decompress\zstd_ddict.c.obj
[433/903] Building C object _deps\openexr-build\src\lib\OpenEXRCore\CMakeFiles\OpenEXRCore.dir\__\__\__\external\zstd\lib\decompress\zstd_decompress_block.c.obj
[434/903] Building C object _deps\openexr-build\src\lib\OpenEXRCore\CMakeFiles\OpenEXRCore.dir\__\__\__\external\zstd\lib\decompress\zstd_decompress.c.obj
[435/903] Building CXX object _deps\openexr-build\external\OpenJPH\src\core\CMakeFiles\openjph.dir\coding\ojph_block_common.cpp.obj
[436/903] Building CXX object _deps\openexr-build\external\OpenJPH\src\core\CMakeFiles\openjph.dir\codestream\ojph_codeblock_fun.cpp.obj
[437/903] Building CXX object _deps\openexr-build\external\OpenJPH\src\core\CMakeFiles\openjph.dir\codestream\ojph_codeblock.cpp.obj
[438/903] Building CXX object _deps\openexr-build\external\OpenJPH\src\core\CMakeFiles\openjph.dir\codestream\ojph_codestream_gen.cpp.obj
[439/903] Building CXX object _deps\openexr-build\external\OpenJPH\src\core\CMakeFiles\openjph.dir\codestream\ojph_codestream.cpp.obj
[440/903] Building CXX object _deps\openexr-build\external\OpenJPH\src\core\CMakeFiles\openjph.dir\codestream\ojph_tile_comp.cpp.obj
[441/903] Building CXX object _deps\openexr-build\external\OpenJPH\src\core\CMakeFiles\openjph.dir\codestream\ojph_params.cpp.obj
[442/903] Building C object _deps\openexr-build\external\OpenJPH\src\core\CMakeFiles\openjph.dir\others\ojph_mem_c.c.obj
[443/903] Building CXX object _deps\openexr-build\external\OpenJPH\src\core\CMakeFiles\openjph.dir\codestream\ojph_precinct.cpp.obj
[444/903] Building CXX object _deps\openexr-build\external\OpenJPH\src\core\CMakeFiles\openjph.dir\codestream\ojph_subband.cpp.obj
[445/903] Building CXX object _deps\openexr-build\external\OpenJPH\src\core\CMakeFiles\openjph.dir\codestream\ojph_resolution.cpp.obj
[446/903] Building CXX object _deps\openexr-build\external\OpenJPH\src\core\CMakeFiles\openjph.dir\codestream\ojph_tile.cpp.obj
[447/903] Building CXX object _deps\openexr-build\external\OpenJPH\src\core\CMakeFiles\openjph.dir\codestream\ojph_codestream_local.cpp.obj
[448/903] Building CXX object _deps\openexr-build\external\OpenJPH\src\core\CMakeFiles\openjph.dir\others\ojph_arch.cpp.obj
[449/903] Building CXX object _deps\openexr-build\external\OpenJPH\src\core\CMakeFiles\openjph.dir\others\ojph_file.cpp.obj
[450/903] Building CXX object _deps\openexr-build\external\OpenJPH\src\core\CMakeFiles\openjph.dir\others\ojph_mem.cpp.obj
[451/903] Building CXX object _deps\openexr-build\external\OpenJPH\src\core\CMakeFiles\openjph.dir\transform\ojph_colour_sse.cpp.obj
[452/903] Building CXX object _deps\openexr-build\external\OpenJPH\src\core\CMakeFiles\openjph.dir\codestream\ojph_codestream_sse.cpp.obj
[453/903] Building CXX object _deps\openexr-build\external\OpenJPH\src\core\CMakeFiles\openjph.dir\transform\ojph_transform_sse.cpp.obj
[454/903] Building CXX object _deps\openexr-build\external\OpenJPH\src\core\CMakeFiles\openjph.dir\codestream\ojph_codestream_sse2.cpp.obj
[455/903] Building CXX object _deps\openexr-build\external\OpenJPH\src\core\CMakeFiles\openjph.dir\transform\ojph_colour_sse2.cpp.obj
[456/903] Building CXX object _deps\openexr-build\external\OpenJPH\src\core\CMakeFiles\openjph.dir\transform\ojph_transform_sse2.cpp.obj
[457/903] Building CXX object _deps\openexr-build\external\OpenJPH\src\core\CMakeFiles\openjph.dir\codestream\ojph_codestream_avx.cpp.obj
[458/903] Building CXX object _deps\openexr-build\external\OpenJPH\src\core\CMakeFiles\openjph.dir\transform\ojph_colour_avx.cpp.obj
[459/903] Building CXX object _deps\openexr-build\external\OpenJPH\src\core\CMakeFiles\openjph.dir\transform\ojph_transform_avx.cpp.obj
[460/903] Building CXX object _deps\openexr-build\external\OpenJPH\src\core\CMakeFiles\openjph.dir\codestream\ojph_codestream_avx2.cpp.obj
[461/903] Building CXX object _deps\openexr-build\external\OpenJPH\src\core\CMakeFiles\openjph.dir\coding\ojph_block_encoder.cpp.obj
[462/903] Building CXX object _deps\openexr-build\external\OpenJPH\src\core\CMakeFiles\openjph.dir\transform\ojph_colour_avx2.cpp.obj
[463/903] Building CXX object _deps\openexr-build\external\OpenJPH\src\core\CMakeFiles\openjph.dir\others\ojph_message.cpp.obj
[464/903] Building CXX object _deps\openexr-build\external\OpenJPH\src\core\CMakeFiles\openjph.dir\transform\ojph_transform_avx2.cpp.obj
[465/903] Linking CXX static library _deps\catch2-build\src\Catch2d.lib
[466/903] Building CXX object _deps\openexr-build\external\OpenJPH\src\core\CMakeFiles\openjph.dir\transform\ojph_transform_avx512.cpp.obj
[467/903] Building C object _deps\sdl3-build\CMakeFiles\SDL_uclibc.dir\src\libm\e_atan2.c.obj
[468/903] Building C object _deps\sdl3-build\CMakeFiles\SDL_uclibc.dir\src\libm\e_exp.c.obj
[469/903] Building C object _deps\sdl3-build\CMakeFiles\SDL_uclibc.dir\src\libm\e_fmod.c.obj
[470/903] Building C object _deps\sdl3-build\CMakeFiles\SDL_uclibc.dir\src\libm\e_log10.c.obj
[471/903] Building C object _deps\sdl3-build\CMakeFiles\SDL_uclibc.dir\src\libm\e_log.c.obj
[472/903] Building CXX object _deps\openexr-build\external\OpenJPH\src\core\CMakeFiles\openjph.dir\transform\ojph_transform.cpp.obj
[473/903] Building C object _deps\sdl3-build\CMakeFiles\SDL3-shared.dir\cmake_pch.c.obj
[474/903] Building C object _deps\sdl3-build\CMakeFiles\SDL_uclibc.dir\src\libm\e_pow.c.obj
[475/903] Building CXX object _deps\openexr-build\external\OpenJPH\src\core\CMakeFiles\openjph.dir\transform\ojph_colour.cpp.obj
[476/903] Building C object _deps\sdl3-build\CMakeFiles\SDL_uclibc.dir\src\libm\k_cos.c.obj
[477/903] Building C object _deps\sdl3-build\CMakeFiles\SDL_uclibc.dir\src\libm\e_rem_pio2.c.obj
[478/903] Building C object _deps\sdl3-build\CMakeFiles\SDL_uclibc.dir\src\libm\e_sqrt.c.obj
[479/903] Building CXX object _deps\sdl3-build\CMakeFiles\SDL3-shared.dir\cmake_pch.cxx.obj
[480/903] Building CXX object _deps\openexr-build\external\OpenJPH\src\core\CMakeFiles\openjph.dir\coding\ojph_block_decoder32.cpp.obj
[481/903] Building C object _deps\sdl3-build\CMakeFiles\SDL_uclibc.dir\src\libm\k_rem_pio2.c.obj
[482/903] Building C object _deps\sdl3-build\CMakeFiles\SDL_uclibc.dir\src\libm\k_sin.c.obj
[483/903] Building CXX object _deps\openexr-build\external\OpenJPH\src\core\CMakeFiles\openjph.dir\coding\ojph_block_decoder64.cpp.obj
[484/903] Building C object _deps\sdl3-build\CMakeFiles\SDL_uclibc.dir\src\libm\k_tan.c.obj
[485/903] Building C object _deps\sdl3-build\CMakeFiles\SDL_uclibc.dir\src\libm\s_atan.c.obj
[486/903] Building C object _deps\sdl3-build\CMakeFiles\SDL_uclibc.dir\src\libm\s_cos.c.obj
[487/903] Building CXX object _deps\openexr-build\external\OpenJPH\src\core\CMakeFiles\openjph.dir\coding\ojph_block_encoder_avx2.cpp.obj
[488/903] Building C object _deps\sdl3-build\CMakeFiles\SDL_uclibc.dir\src\libm\s_copysign.c.obj
[489/903] Building C object _deps\sdl3-build\CMakeFiles\SDL_uclibc.dir\src\libm\s_fabs.c.obj
[490/903] Building C object _deps\sdl3-build\CMakeFiles\SDL_uclibc.dir\src\libm\s_floor.c.obj
[491/903] Building CXX object _deps\openexr-build\external\OpenJPH\src\core\CMakeFiles\openjph.dir\coding\ojph_block_encoder_avx512.cpp.obj
[492/903] Linking CXX static library orbsim_lodepng.lib
[493/903] Building C object _deps\sdl3-build\CMakeFiles\SDL_uclibc.dir\src\libm\s_isinf.c.obj
[494/903] Building C object _deps\sdl3-build\CMakeFiles\SDL_uclibc.dir\src\libm\s_isnan.c.obj
[495/903] Building C object _deps\sdl3-build\CMakeFiles\SDL_uclibc.dir\src\libm\s_isinff.c.obj
[496/903] Building C object _deps\sdl3-build\CMakeFiles\SDL_uclibc.dir\src\libm\s_isnanf.c.obj
[497/903] Building C object _deps\sdl3-build\CMakeFiles\SDL_uclibc.dir\src\libm\s_modf.c.obj
[498/903] Building CXX object _deps\openexr-build\external\OpenJPH\src\core\CMakeFiles\openjph.dir\coding\ojph_block_decoder_ssse3.cpp.obj
[499/903] Building C object _deps\sdl3-build\CMakeFiles\SDL_uclibc.dir\src\libm\s_scalbn.c.obj
[500/903] Building C object _deps\sdl3-build\CMakeFiles\SDL_uclibc.dir\src\libm\s_tan.c.obj
[501/903] Building C object _deps\sdl3-build\CMakeFiles\SDL_uclibc.dir\src\libm\s_sin.c.obj
[502/903] glslc body.vert
[503/903] Building CXX object CMakeFiles\orbsim_test_support.dir\tests\StbImageImpl.cpp.obj
[504/903] Building CXX object _deps\openexr-build\external\OpenJPH\src\core\CMakeFiles\openjph.dir\coding\ojph_block_decoder_avx2.cpp.obj
[505/903] glslc body.frag
[506/903] glslc fullscreen.vert
[507/903] glslc line.frag
[508/903] glslc line.vert
[509/903] glslc probe_gradient.frag
[510/903] glslc tonemap.frag
[511/903] Building C object _deps\sdl3-build\CMakeFiles\SDL3-shared.dir\src\SDL_error.c.obj
[512/903] Building C object _deps\sdl3-build\CMakeFiles\SDL3-shared.dir\src\SDL_guid.c.obj
[513/903] Linking CXX static library _deps\openexr-build\src\lib\OpenEXRCore\OpenEXRCore-3_5_d.lib
[514/903] Building C object _deps\sdl3-build\CMakeFiles\SDL3-shared.dir\src\SDL_hashtable.c.obj
[515/903] Building C object _deps\sdl3-build\CMakeFiles\SDL3-shared.dir\src\SDL_hints.c.obj
[516/903] Building C object _deps\sdl3-build\CMakeFiles\SDL3-shared.dir\src\SDL_list.c.obj
[517/903] Building C object _deps\sdl3-build\CMakeFiles\SDL3-shared.dir\src\SDL_properties.c.obj
[518/903] Building C object _deps\sdl3-build\CMakeFiles\SDL3-shared.dir\src\SDL_utils.c.obj
[519/903] Building C object _deps\sdl3-build\CMakeFiles\SDL3-shared.dir\src\atomic\SDL_atomic.c.obj
[520/903] Building C object _deps\sdl3-build\CMakeFiles\SDL3-shared.dir\src\SDL.c.obj
[521/903] Building C object _deps\sdl3-build\CMakeFiles\SDL3-shared.dir\src\SDL_assert.c.obj
[522/903] Building C object _deps\sdl3-build\CMakeFiles\SDL3-shared.dir\src\audio\SDL_audiocvt.c.obj
[523/903] Building C object _deps\sdl3-build\CMakeFiles\SDL3-shared.dir\src\audio\SDL_audiodev.c.obj
[524/903] Building C object _deps\sdl3-build\CMakeFiles\SDL3-shared.dir\src\SDL_log.c.obj
[525/903] Building C object _deps\sdl3-build\CMakeFiles\SDL3-shared.dir\src\audio\SDL_audioresample.c.obj
[526/903] Building C object _deps\sdl3-build\CMakeFiles\SDL3-shared.dir\src\audio\SDL_audiotypecvt.c.obj
[527/903] Building C object _deps\sdl3-build\CMakeFiles\SDL3-shared.dir\src\audio\SDL_audioqueue.c.obj
[528/903] Building C object _deps\sdl3-build\CMakeFiles\SDL3-shared.dir\src\atomic\SDL_spinlock.c.obj
[529/903] Building C object _deps\sdl3-build\CMakeFiles\SDL3-shared.dir\src\audio\SDL_mixer.c.obj
[530/903] Building C object _deps\sdl3-build\CMakeFiles\SDL3-shared.dir\src\audio\SDL_wave.c.obj
[531/903] Building C object _deps\sdl3-build\CMakeFiles\SDL3-shared.dir\src\audio\SDL_audio.c.obj
[532/903] Building C object _deps\sdl3-build\CMakeFiles\SDL3-shared.dir\src\core\SDL_core_unsupported.c.obj
[533/903] Building C object _deps\sdl3-build\CMakeFiles\SDL3-shared.dir\src\events\SDL_categories.c.obj
[534/903] Building C object _deps\sdl3-build\CMakeFiles\SDL3-shared.dir\src\events\SDL_clipboardevents.c.obj
[535/903] Building C object _deps\sdl3-build\CMakeFiles\SDL3-shared.dir\src\camera\SDL_camera.c.obj
[536/903] Building C object _deps\sdl3-build\CMakeFiles\SDL3-shared.dir\src\events\SDL_dropevents.c.obj
[537/903] Building C object _deps\sdl3-build\CMakeFiles\SDL3-shared.dir\src\events\SDL_displayevents.c.obj
[538/903] Building C object _deps\sdl3-build\CMakeFiles\SDL3-shared.dir\src\cpuinfo\SDL_cpuinfo.c.obj
[539/903] Building C object _deps\sdl3-build\CMakeFiles\SDL3-shared.dir\src\events\SDL_eventwatch.c.obj
[540/903] Building C object _deps\sdl3-build\CMakeFiles\SDL3-shared.dir\src\events\SDL_keymap.c.obj
[541/903] Building C object _deps\sdl3-build\CMakeFiles\SDL3-shared.dir\src\events\SDL_keyboard.c.obj
[542/903] Building CXX object _deps\catch2-build\src\CMakeFiles\Catch2WithMain.dir\catch2\internal\catch_main.cpp.obj
[543/903] Building C object _deps\sdl3-build\CMakeFiles\SDL3-shared.dir\src\events\SDL_keysym_to_scancode.c.obj
[544/903] Building C object _deps\sdl3-build\CMakeFiles\SDL3-shared.dir\src\events\SDL_events.c.obj
[545/903] Building C object _deps\sdl3-build\CMakeFiles\SDL3-shared.dir\src\events\SDL_keysym_to_keycode.c.obj
[546/903] Building C object _deps\sdl3-build\CMakeFiles\SDL3-shared.dir\src\events\SDL_pen.c.obj
[547/903] Building C object _deps\sdl3-build\CMakeFiles\SDL3-shared.dir\src\events\SDL_quit.c.obj
[548/903] Building C object _deps\sdl3-build\CMakeFiles\SDL3-shared.dir\src\events\SDL_scancode_tables.c.obj
[549/903] Building C object _deps\sdl3-build\CMakeFiles\SDL3-shared.dir\src\events\imKStoUCS.c.obj
[550/903] Building C object _deps\sdl3-build\CMakeFiles\SDL3-shared.dir\src\events\SDL_touch.c.obj
[551/903] Building C object _deps\sdl3-build\CMakeFiles\SDL3-shared.dir\src\events\SDL_windowevents.c.obj
[552/903] Linking CXX static library _deps\catch2-build\src\Catch2Maind.lib
[553/903] Building C object _deps\sdl3-build\CMakeFiles\SDL3-shared.dir\src\filesystem\SDL_filesystem.c.obj
[554/903] Building C object _deps\sdl3-build\CMakeFiles\SDL3-shared.dir\src\events\SDL_mouse.c.obj
[555/903] Building C object _deps\sdl3-build\CMakeFiles\SDL3-shared.dir\src\dynapi\SDL_dynapi.c.obj
[556/903] Building C object _deps\sdl3-build\CMakeFiles\SDL3-shared.dir\src\haptic\SDL_haptic.c.obj
[557/903] Building CXX object CMakeFiles\vma_impl.dir\src\render\VmaImpl.cpp.obj
[558/903] Building C object _deps\sdl3-build\CMakeFiles\SDL3-shared.dir\src\gpu\SDL_gpu.c.obj
[559/903] Building C object _deps\sdl3-build\CMakeFiles\SDL3-shared.dir\src\io\SDL_asyncio.c.obj
[560/903] Building C object _deps\sdl3-build\CMakeFiles\SDL3-shared.dir\src\io\generic\SDL_asyncio_generic.c.obj
[561/903] Building C object _deps\sdl3-build\CMakeFiles\SDL3-shared.dir\src\joystick\controller_type.c.obj
[562/903] Building C object _deps\sdl3-build\CMakeFiles\SDL3-shared.dir\src\locale\SDL_locale.c.obj
[563/903] Building C object _deps\sdl3-build\CMakeFiles\SDL3-shared.dir\src\hidapi\SDL_hidapi.c.obj
[564/903] Building C object _deps\sdl3-build\CMakeFiles\SDL3-shared.dir\src\main\SDL_main_callbacks.c.obj
[565/903] Building C object _deps\sdl3-build\CMakeFiles\SDL3-shared.dir\src\misc\SDL_libusb.c.obj
[566/903] Building C object _deps\sdl3-build\CMakeFiles\SDL3-shared.dir\src\main\SDL_runapp.c.obj
[567/903] Building C object _deps\sdl3-build\CMakeFiles\SDL3-shared.dir\src\joystick\SDL_steam_virtual_gamepad.c.obj
[568/903] Building CXX object CMakeFiles\orbsim_view.dir\src\view\ProbeImage.cpp.obj
[569/903] Building C object _deps\sdl3-build\CMakeFiles\SDL3-shared.dir\src\misc\SDL_url.c.obj
[570/903] Building C object _deps\sdl3-build\CMakeFiles\SDL3-shared.dir\src\power\SDL_power.c.obj
[571/903] Building C object _deps\sdl3-build\CMakeFiles\SDL3-shared.dir\src\render\SDL_render_unsupported.c.obj
[572/903] Building C object _deps\sdl3-build\CMakeFiles\SDL3-shared.dir\src\io\SDL_iostream.c.obj
[573/903] Building C object _deps\sdl3-build\CMakeFiles\SDL3-shared.dir\src\render\SDL_yuv_sw.c.obj
[574/903] Building C object _deps\sdl3-build\CMakeFiles\SDL3-shared.dir\src\joystick\SDL_joystick.c.obj
[575/903] Building C object _deps\sdl3-build\CMakeFiles\SDL3-shared.dir\src\joystick\SDL_gamepad.c.obj
[576/903] Building C object _deps\sdl3-build\CMakeFiles\SDL3-shared.dir\src\render\SDL_render.c.obj
[577/903] Building C object _deps\sdl3-build\CMakeFiles\SDL3-shared.dir\src\render\direct3d\SDL_shaders_d3d.c.obj
[578/903] Building C object _deps\sdl3-build\CMakeFiles\SDL3-shared.dir\src\render\ngage\SDL_render_ngage.c.obj
[579/903] Building C object _deps\sdl3-build\CMakeFiles\SDL3-shared.dir\src\render\gpu\SDL_render_gpu.c.obj
[580/903] Building C object _deps\sdl3-build\CMakeFiles\SDL3-shared.dir\src\render\gpu\SDL_pipeline_gpu.c.obj
[581/903] Building C object _deps\sdl3-build\CMakeFiles\SDL3-shared.dir\src\render\direct3d\SDL_render_d3d.c.obj
[582/903] Building C object _deps\sdl3-build\CMakeFiles\SDL3-shared.dir\src\render\direct3d12\SDL_shaders_d3d12.c.obj
[583/903] Building C object _deps\sdl3-build\CMakeFiles\SDL3-shared.dir\src\render\direct3d11\SDL_render_d3d11.c.obj
[584/903] Building C object _deps\sdl3-build\CMakeFiles\SDL3-shared.dir\src\render\direct3d11\SDL_shaders_d3d11.c.obj
[585/903] Building C object _deps\sdl3-build\CMakeFiles\SDL3-shared.dir\src\render\gpu\SDL_shaders_gpu.c.obj
[586/903] Building C object _deps\sdl3-build\CMakeFiles\SDL3-shared.dir\src\render\direct3d12\SDL_render_d3d12.c.obj
[587/903] Building C object _deps\sdl3-build\CMakeFiles\SDL3-shared.dir\src\render\opengles2\SDL_shaders_gles2.c.obj
[588/903] Building C object _deps\sdl3-build\CMakeFiles\SDL3-shared.dir\src\render\opengles2\SDL_render_gles2.c.obj
[589/903] Building C object _deps\sdl3-build\CMakeFiles\SDL3-shared.dir\src\render\ps2\SDL_render_ps2.c.obj
[590/903] Building C object _deps\sdl3-build\CMakeFiles\SDL3-shared.dir\src\render\psp\SDL_render_psp.c.obj
[591/903] Building C object _deps\sdl3-build\CMakeFiles\SDL3-shared.dir\src\render\software\SDL_drawpoint.c.obj
[592/903] Building C object _deps\sdl3-build\CMakeFiles\SDL3-shared.dir\src\render\software\SDL_drawline.c.obj
[593/903] Building C object _deps\sdl3-build\CMakeFiles\SDL3-shared.dir\src\render\software\SDL_blendpoint.c.obj
[594/903] Building C object _deps\sdl3-build\CMakeFiles\SDL3-shared.dir\src\render\opengl\SDL_render_gl.c.obj
[595/903] Building C object _deps\sdl3-build\CMakeFiles\SDL3-shared.dir\src\render\software\SDL_blendfillrect.c.obj
[596/903] Building C object _deps\sdl3-build\CMakeFiles\SDL3-shared.dir\src\render\vitagxm\SDL_render_vita_gxm.c.obj
[597/903] Building C object _deps\sdl3-build\CMakeFiles\SDL3-shared.dir\src\render\software\SDL_blendline.c.obj
[598/903] Building C object _deps\sdl3-build\CMakeFiles\SDL3-shared.dir\src\render\vitagxm\SDL_render_vita_gxm_memory.c.obj
[599/903] Building C object _deps\sdl3-build\CMakeFiles\SDL3-shared.dir\src\render\vitagxm\SDL_render_vita_gxm_tools.c.obj
[600/903] Building C object _deps\sdl3-build\CMakeFiles\SDL3-shared.dir\src\render\vulkan\SDL_shaders_vulkan.c.obj
[601/903] Building C object _deps\sdl3-build\CMakeFiles\SDL3-shared.dir\src\render\software\SDL_render_sw.c.obj
[602/903] Building C object _deps\sdl3-build\CMakeFiles\SDL3-shared.dir\src\render\opengl\SDL_shaders_gl.c.obj
[603/903] Building C object _deps\sdl3-build\CMakeFiles\SDL3-shared.dir\src\render\software\SDL_triangle.c.obj
[604/903] Building C object _deps\sdl3-build\CMakeFiles\SDL3-shared.dir\src\stdlib\SDL_crc16.c.obj
[605/903] Building C object _deps\sdl3-build\CMakeFiles\SDL3-shared.dir\src\stdlib\SDL_crc32.c.obj
[606/903] Building C object _deps\sdl3-build\CMakeFiles\SDL3-shared.dir\src\stdlib\SDL_iconv.c.obj
[607/903] Building C object _deps\sdl3-build\CMakeFiles\SDL3-shared.dir\src\stdlib\SDL_memmove.c.obj
[608/903] Building C object _deps\sdl3-build\CMakeFiles\SDL3-shared.dir\src\stdlib\SDL_malloc.c.obj
[609/903] Building C object _deps\sdl3-build\CMakeFiles\SDL3-shared.dir\src\stdlib\SDL_memcpy.c.obj
[610/903] Building C object _deps\sdl3-build\CMakeFiles\SDL3-shared.dir\src\stdlib\SDL_memset.c.obj
[611/903] Building C object _deps\sdl3-build\CMakeFiles\SDL3-shared.dir\src\stdlib\SDL_mslibc.c.obj
[612/903] Building C object _deps\sdl3-build\CMakeFiles\SDL3-shared.dir\src\stdlib\SDL_murmur3.c.obj
[613/903] Building C object _deps\sdl3-build\CMakeFiles\SDL3-shared.dir\src\stdlib\SDL_random.c.obj
[614/903] Building C object _deps\sdl3-build\CMakeFiles\SDL3-shared.dir\src\stdlib\SDL_qsort.c.obj
[615/903] Building C object _deps\sdl3-build\CMakeFiles\SDL3-shared.dir\src\stdlib\SDL_stdlib.c.obj
[616/903] Building C object _deps\sdl3-build\CMakeFiles\SDL3-shared.dir\src\stdlib\SDL_strtokr.c.obj
[617/903] Building C object _deps\sdl3-build\CMakeFiles\SDL3-shared.dir\src\stdlib\SDL_string.c.obj
[618/903] Building C object _deps\sdl3-build\CMakeFiles\SDL3-shared.dir\src\time\SDL_time.c.obj
[619/903] Building C object _deps\sdl3-build\CMakeFiles\SDL3-shared.dir\src\storage\SDL_storage.c.obj
[620/903] Building C object _deps\sdl3-build\CMakeFiles\SDL3-shared.dir\src\sensor\SDL_sensor.c.obj
[621/903] Building CXX object CMakeFiles\orbsim_view.dir\src\view\ImageFiles.cpp.obj
[622/903] Building C object _deps\sdl3-build\CMakeFiles\SDL3-shared.dir\src\video\SDL_blit.c.obj
[623/903] Building C object _deps\sdl3-build\CMakeFiles\SDL3-shared.dir\src\video\SDL_blit_0.c.obj
[624/903] Building C object _deps\sdl3-build\CMakeFiles\SDL3-shared.dir\src\video\SDL_RLEaccel.c.obj
[625/903] Building C object _deps\sdl3-build\CMakeFiles\SDL3-shared.dir\src\video\SDL_blit_1.c.obj
[626/903] Building C object _deps\sdl3-build\CMakeFiles\SDL3-shared.dir\src\stdlib\SDL_getenv.c.obj
[627/903] Building C object _deps\sdl3-build\CMakeFiles\SDL3-shared.dir\src\video\SDL_blit_A.c.obj
[628/903] Building C object _deps\sdl3-build\CMakeFiles\SDL3-shared.dir\src\thread\SDL_thread.c.obj
[629/903] Building C object _deps\sdl3-build\CMakeFiles\SDL3-shared.dir\src\video\SDL_blit_N.c.obj
[630/903] Building C object _deps\sdl3-build\CMakeFiles\SDL3-shared.dir\src\render\vulkan\SDL_render_vulkan.c.obj
[631/903] Building C object _deps\sdl3-build\CMakeFiles\SDL3-shared.dir\src\video\SDL_bmp.c.obj
[632/903] Building C object _deps\sdl3-build\CMakeFiles\SDL3-shared.dir\src\video\SDL_blit_slow.c.obj
[633/903] Building C object _deps\sdl3-build\CMakeFiles\SDL3-shared.dir\src\video\SDL_blit_auto.c.obj
[634/903] Building C object _deps\sdl3-build\CMakeFiles\SDL3-shared.dir\src\video\SDL_clipboard.c.obj
[635/903] Building C object _deps\sdl3-build\CMakeFiles\SDL3-shared.dir\src\video\SDL_fillrect.c.obj
[636/903] Building C object _deps\sdl3-build\CMakeFiles\SDL3-shared.dir\src\video\SDL_blit_copy.c.obj
[637/903] Building C object _deps\sdl3-build\CMakeFiles\SDL3-shared.dir\src\timer\SDL_timer.c.obj
[638/903] Building CXX object _deps\vk_bootstrap-build\CMakeFiles\vk-bootstrap.dir\src\VkBootstrap.cpp.obj
[639/903] Building C object _deps\sdl3-build\CMakeFiles\SDL3-shared.dir\src\video\SDL_rect.c.obj
[640/903] Building C object _deps\sdl3-build\CMakeFiles\SDL3-shared.dir\src\video\SDL_pixels.c.obj
[641/903] Building C object _deps\sdl3-build\CMakeFiles\SDL3-shared.dir\src\video\SDL_stretch.c.obj
[642/903] Building C object _deps\sdl3-build\CMakeFiles\SDL3-shared.dir\src\video\SDL_rotate.c.obj
[643/903] Building C object _deps\sdl3-build\CMakeFiles\SDL3-shared.dir\src\video\SDL_video_unsupported.c.obj
[644/903] Building CXX object CMakeFiles\orbsim_test_support.dir\tests\HdrDumpFile.cpp.obj
[645/903] Building C object _deps\sdl3-build\CMakeFiles\SDL3-shared.dir\src\video\SDL_surface.c.obj
[646/903] Building C object _deps\sdl3-build\CMakeFiles\SDL3-shared.dir\src\video\SDL_stb.c.obj
[647/903] Building C object _deps\sdl3-build\CMakeFiles\SDL3-shared.dir\src\video\yuv2rgb\yuv_rgb_lsx.c.obj
[648/903] Building C object _deps\sdl3-build\CMakeFiles\SDL3-shared.dir\src\video\yuv2rgb\yuv_rgb_sse.c.obj
[649/903] Building C object _deps\sdl3-build\CMakeFiles\SDL3-shared.dir\src\video\yuv2rgb\yuv_rgb_std.c.obj
[650/903] Building C object _deps\sdl3-build\CMakeFiles\SDL3-shared.dir\src\video\SDL_yuv.c.obj
[651/903] Building C object _deps\sdl3-build\CMakeFiles\SDL3-shared.dir\src\video\SDL_egl.c.obj
[652/903] Building C object _deps\sdl3-build\CMakeFiles\SDL3-shared.dir\src\audio\disk\SDL_diskaudio.c.obj
[653/903] Building C object _deps\sdl3-build\CMakeFiles\SDL3-shared.dir\src\audio\dummy\SDL_dummyaudio.c.obj
[654/903] Building C object _deps\sdl3-build\CMakeFiles\SDL3-shared.dir\src\camera\dummy\SDL_camera_dummy.c.obj
[655/903] Building C object _deps\sdl3-build\CMakeFiles\SDL3-shared.dir\src\video\SDL_video.c.obj
[656/903] Building C object _deps\sdl3-build\CMakeFiles\SDL3-shared.dir\src\video\dummy\SDL_nullvideo.c.obj
[657/903] Building C object _deps\sdl3-build\CMakeFiles\SDL3-shared.dir\src\video\dummy\SDL_nullevents.c.obj
[658/903] Building C object _deps\sdl3-build\CMakeFiles\SDL3-shared.dir\src\joystick\virtual\SDL_virtualjoystick.c.obj
[659/903] Building C object _deps\sdl3-build\CMakeFiles\SDL3-shared.dir\src\video\dummy\SDL_nullframebuffer.c.obj
[660/903] Building C object _deps\sdl3-build\CMakeFiles\SDL3-shared.dir\src\core\windows\pch.c.obj
[661/903] Building CXX object _deps\sdl3-build\CMakeFiles\SDL3-shared.dir\src\core\windows\pch_cpp.cpp.obj
[662/903] Building C object _deps\sdl3-build\CMakeFiles\SDL3-shared.dir\src\io\windows\SDL_asyncio_windows_ioring.c.obj
[663/903] Building CXX object CMakeFiles\orbsim_core.dir\src\astro\EarthOrientation.cpp.obj
[664/903] Building C object _deps\sdl3-build\CMakeFiles\SDL3-shared.dir\src\video\SDL_vulkan_utils.c.obj
[665/903] Building C object _deps\sdl3-build\CMakeFiles\SDL3-shared.dir\src\core\windows\SDL_hid.c.obj
[666/903] Building C object _deps\sdl3-build\CMakeFiles\SDL3-shared.dir\src\main\windows\SDL_sysmain_runapp.c.obj
[667/903] Building C object _deps\sdl3-build\CMakeFiles\SDL3-shared.dir\src\misc\windows\SDL_sysurl.c.obj
[668/903] Building C object _deps\sdl3-build\CMakeFiles\SDL3-shared.dir\src\core\windows\SDL_xinput.c.obj
[669/903] Building C object _deps\sdl3-build\CMakeFiles\SDL3-shared.dir\src\core\windows\SDL_immdevice.c.obj
[670/903] Building C object _deps\sdl3-build\CMakeFiles\SDL3-shared.dir\src\core\windows\SDL_windows.c.obj
[671/903] Building CXX object CMakeFiles\orbsim_core.dir\src\astro\Tdb.cpp.obj
[672/903] Building C object _deps\sdl3-build\CMakeFiles\SDL3-shared.dir\src\audio\wasapi\SDL_wasapi.c.obj
[673/903] Building C object _deps\sdl3-build\CMakeFiles\SDL3-shared.dir\src\audio\directsound\SDL_directsound.c.obj
[674/903] Building CXX object _deps\sdl3-build\CMakeFiles\SDL3-shared.dir\src\core\windows\SDL_gameinput.cpp.obj
[675/903] Building C object _deps\sdl3-build\CMakeFiles\SDL3-shared.dir\src\video\windows\SDL_windowsclipboard.c.obj
[676/903] Building C object _deps\sdl3-build\CMakeFiles\SDL3-shared.dir\src\video\windows\SDL_windowsevents.c.obj
[677/903] Building C object _deps\sdl3-build\CMakeFiles\SDL3-shared.dir\src\video\windows\SDL_windowsframebuffer.c.obj
[678/903] Building C object _deps\sdl3-build\CMakeFiles\SDL3-shared.dir\src\video\windows\SDL_windowsmessagebox.c.obj
[679/903] Building C object _deps\sdl3-build\CMakeFiles\SDL3-shared.dir\src\video\windows\SDL_windowskeyboard.c.obj
[680/903] Building C object _deps\sdl3-build\CMakeFiles\SDL3-shared.dir\src\video\windows\SDL_windowsmodes.c.obj
[681/903] Building C object _deps\sdl3-build\CMakeFiles\SDL3-shared.dir\src\thread\generic\SDL_syscond.c.obj
[682/903] Building C object _deps\sdl3-build\CMakeFiles\SDL3-shared.dir\src\thread\generic\SDL_sysrwlock.c.obj
[683/903] Building C object _deps\sdl3-build\CMakeFiles\SDL3-shared.dir\src\video\windows\SDL_windowsopengles.c.obj
[684/903] Building CXX object CMakeFiles\orbsim_core.dir\src\astro\Sun.cpp.obj
[685/903] Building C object _deps\sdl3-build\CMakeFiles\SDL3-shared.dir\src\video\windows\SDL_windowsmouse.c.obj
[686/903] Building C object _deps\sdl3-build\CMakeFiles\SDL3-shared.dir\src\video\windows\SDL_windowsrawinput.c.obj
[687/903] Building C object _deps\sdl3-build\CMakeFiles\SDL3-shared.dir\src\video\windows\SDL_windowsopengl.c.obj
[688/903] Building C object _deps\sdl3-build\CMakeFiles\SDL3-shared.dir\src\thread\windows\SDL_sysrwlock_srw.c.obj
[689/903] Building C object _deps\sdl3-build\CMakeFiles\SDL3-shared.dir\src\thread\windows\SDL_syscond_cv.c.obj
[690/903] Building C object _deps\sdl3-build\CMakeFiles\SDL3-shared.dir\src\thread\windows\SDL_sysmutex.c.obj
[691/903] Building C object _deps\sdl3-build\CMakeFiles\SDL3-shared.dir\src\video\windows\SDL_windowsshape.c.obj
[692/903] Building C object _deps\sdl3-build\CMakeFiles\SDL3-shared.dir\src\storage\generic\SDL_genericstorage.c.obj
[693/903] Building C object _deps\sdl3-build\CMakeFiles\SDL3-shared.dir\src\thread\windows\SDL_systls.c.obj
[694/903] Building C object _deps\sdl3-build\CMakeFiles\SDL3-shared.dir\src\thread\windows\SDL_syssem.c.obj
[695/903] Building C object _deps\sdl3-build\CMakeFiles\SDL3-shared.dir\src\storage\steam\SDL_steamstorage.c.obj
[696/903] Building C object _deps\sdl3-build\CMakeFiles\SDL3-shared.dir\src\thread\windows\SDL_systhread.c.obj
[697/903] Building C object _deps\sdl3-build\CMakeFiles\SDL3-shared.dir\src\video\windows\SDL_windowsvulkan.c.obj
[698/903] Building C object _deps\sdl3-build\CMakeFiles\SDL3-shared.dir\src\power\windows\SDL_syspower.c.obj
[699/903] Building C object _deps\sdl3-build\CMakeFiles\SDL3-shared.dir\src\video\windows\SDL_windowsvideo.c.obj
[700/903] Building CXX object CMakeFiles\orbsim_core.dir\src\orbit\Orbit.cpp.obj
[701/903] Building C object _deps\sdl3-build\CMakeFiles\SDL3-shared.dir\src\filesystem\windows\SDL_sysfsops.c.obj
[702/903] Building C object _deps\sdl3-build\CMakeFiles\SDL3-shared.dir\src\locale\windows\SDL_syslocale.c.obj
[703/903] Building CXX object _deps\sdl3-build\CMakeFiles\SDL3-shared.dir\src\video\windows\SDL_windowsgameinput.cpp.obj
[704/903] Building C object _deps\sdl3-build\CMakeFiles\SDL3-shared.dir\src\sensor\windows\SDL_windowssensor.c.obj
[705/903] Building C object _deps\sdl3-build\CMakeFiles\SDL3-shared.dir\src\video\windows\SDL_windowswindow.c.obj
[706/903] Building C object _deps\sdl3-build\CMakeFiles\SDL3-shared.dir\src\joystick\hidapi\SDL_hidapi_combined.c.obj
[707/903] Building C object _deps\sdl3-build\CMakeFiles\SDL3-shared.dir\src\joystick\hidapi\SDL_hidapi_8bitdo.c.obj
[708/903] Linking CXX static library orbsim_core.lib
[709/903] Building C object _deps\sdl3-build\CMakeFiles\SDL3-shared.dir\src\joystick\hidapi\SDL_hidapi_lg4ff.c.obj
[710/903] Building C object _deps\sdl3-build\CMakeFiles\SDL3-shared.dir\src\joystick\hidapi\SDL_hidapi_gamecube.c.obj
[711/903] Building C object _deps\sdl3-build\CMakeFiles\SDL3-shared.dir\src\joystick\hidapi\SDL_hidapi_luna.c.obj
[712/903] Building C object _deps\sdl3-build\CMakeFiles\SDL3-shared.dir\src\joystick\hidapi\SDL_hidapi_flydigi.c.obj
[713/903] Building C object _deps\sdl3-build\CMakeFiles\SDL3-shared.dir\src\time\windows\SDL_systime.c.obj
[714/903] Building C object _deps\sdl3-build\CMakeFiles\SDL3-shared.dir\src\loadso\windows\SDL_sysloadso.c.obj
[715/903] Building C object _deps\sdl3-build\CMakeFiles\SDL3-shared.dir\src\timer\windows\SDL_systimer.c.obj
[716/903] Building C object _deps\sdl3-build\CMakeFiles\SDL3-shared.dir\src\joystick\hidapi\SDL_hidapi_gip.c.obj
[717/903] Building C object _deps\sdl3-build\CMakeFiles\SDL3-shared.dir\src\joystick\hidapi\SDL_hidapi_shield.c.obj
[718/903] Building C object _deps\sdl3-build\CMakeFiles\SDL3-shared.dir\src\joystick\hidapi\SDL_hidapi_stadia.c.obj
[719/903] Building C object _deps\sdl3-build\CMakeFiles\SDL3-shared.dir\src\joystick\hidapi\SDL_hidapi_ps4.c.obj
[720/903] Building C object _deps\sdl3-build\CMakeFiles\SDL3-shared.dir\src\joystick\hidapi\SDL_hidapi_ps3.c.obj
[721/903] Building C object _deps\sdl3-build\CMakeFiles\SDL3-shared.dir\src\joystick\hidapi\SDL_hidapi_ps5.c.obj
[722/903] Building C object _deps\sdl3-build\CMakeFiles\SDL3-shared.dir\src\joystick\hidapi\SDL_hidapi_sinput.c.obj
[723/903] Building C object _deps\sdl3-build\CMakeFiles\SDL3-shared.dir\src\joystick\hidapi\SDL_hidapi_steam_triton.c.obj
[724/903] Building C object _deps\sdl3-build\CMakeFiles\SDL3-shared.dir\src\joystick\hidapi\SDL_hidapi_xbox360w.c.obj
[725/903] Building C object _deps\sdl3-build\CMakeFiles\SDL3-shared.dir\src\joystick\hidapi\SDL_hidapi_steam_hori.c.obj
[726/903] Building C object _deps\sdl3-build\CMakeFiles\SDL3-shared.dir\src\joystick\hidapi\SDL_hidapi_xbox360.c.obj
[727/903] Building C object _deps\sdl3-build\CMakeFiles\SDL3-shared.dir\src\joystick\hidapi\SDL_hidapi_switch2.c.obj
[728/903] Building C object _deps\sdl3-build\CMakeFiles\SDL3-shared.dir\src\joystick\hidapi\SDL_hidapi_steam.c.obj
[729/903] Building C object _deps\sdl3-build\CMakeFiles\SDL3-shared.dir\src\joystick\hidapi\SDL_hidapi_wii.c.obj
[730/903] Building C object _deps\sdl3-build\CMakeFiles\SDL3-shared.dir\src\joystick\hidapi\SDL_hidapi_steamdeck.c.obj
[731/903] Building C object _deps\sdl3-build\CMakeFiles\SDL3-shared.dir\src\joystick\hidapi\SDL_hidapi_switch.c.obj
[732/903] Building C object _deps\sdl3-build\CMakeFiles\SDL3-shared.dir\src\joystick\hidapi\SDL_hidapi_zuiki.c.obj
[733/903] Building C object _deps\sdl3-build\CMakeFiles\SDL3-shared.dir\src\joystick\hidapi\SDL_report_descriptor.c.obj
[734/903] Building C object _deps\sdl3-build\CMakeFiles\SDL3-shared.dir\src\joystick\hidapi\SDL_hidapi_xboxone.c.obj
[735/903] Building C object _deps\sdl3-build\CMakeFiles\SDL3-shared.dir\src\tray\windows\SDL_tray.c.obj
[736/903] Building C object _deps\sdl3-build\CMakeFiles\SDL3-shared.dir\src\haptic\hidapi\SDL_hidapihaptic.c.obj
[737/903] Building C object _deps\sdl3-build\CMakeFiles\SDL3-shared.dir\src\filesystem\windows\SDL_sysfilesystem.c.obj
[738/903] Building C object _deps\sdl3-build\CMakeFiles\SDL3-shared.dir\src\haptic\hidapi\SDL_hidapihaptic_lg4ff.c.obj
[739/903] Building C object _deps\sdl3-build\CMakeFiles\SDL3-shared.dir\src\joystick\hidapi\SDL_hidapi_rumble.c.obj
[740/903] Building C object _deps\sdl3-build\CMakeFiles\SDL3-shared.dir\src\dialog\SDL_dialog.c.obj
[741/903] Building C object _deps\sdl3-build\CMakeFiles\SDL3-shared.dir\src\dialog\SDL_dialog_utils.c.obj
[742/903] Building C object _deps\sdl3-build\CMakeFiles\SDL3-shared.dir\src\process\SDL_process.c.obj
[743/903] Building C object _deps\sdl3-build\CMakeFiles\SDL3-shared.dir\src\joystick\hidapi\SDL_hidapijoystick.c.obj
[744/903] Building C object _deps\sdl3-build\CMakeFiles\SDL3-shared.dir\src\process\windows\SDL_windowsprocess.c.obj
[745/903] Building C object _deps\sdl3-build\CMakeFiles\SDL3-shared.dir\src\joystick\windows\SDL_windowsjoystick.c.obj
[746/903] Building C object _deps\sdl3-build\CMakeFiles\SDL3-shared.dir\src\video\offscreen\SDL_offscreenframebuffer.c.obj
[747/903] Building C object _deps\sdl3-build\CMakeFiles\SDL3-shared.dir\src\haptic\windows\SDL_windowshaptic.c.obj
[748/903] Building C object _deps\sdl3-build\CMakeFiles\SDL3-shared.dir\src\video\offscreen\SDL_offscreenevents.c.obj
[749/903] Building RC object _deps\sdl3-build\CMakeFiles\SDL3-shared.dir\src\core\windows\version.rc.res
[750/903] Building C object _deps\sdl3-build\CMakeFiles\SDL3-shared.dir\src\haptic\windows\SDL_dinputhaptic.c.obj
[751/903] Building C object _deps\sdl3-build\CMakeFiles\SDL3-shared.dir\src\tray\SDL_tray_utils.c.obj
[752/903] Building C object _deps\sdl3-build\CMakeFiles\SDL3-shared.dir\src\video\offscreen\SDL_offscreenopengles.c.obj
[753/903] Building C object _deps\sdl3-build\CMakeFiles\SDL3-shared.dir\src\joystick\windows\SDL_dinputjoystick.c.obj
[754/903] Building C object _deps\sdl3-build\CMakeFiles\SDL3-shared.dir\src\video\offscreen\SDL_offscreenvideo.c.obj
[755/903] Building C object _deps\sdl3-build\CMakeFiles\SDL3-shared.dir\src\joystick\windows\SDL_xinputjoystick.c.obj
[756/903] Linking C static library _deps\sdl3-build\SDL_uclibc_d.lib
[757/903] Building C object _deps\sdl3-build\CMakeFiles\SDL3-shared.dir\src\main\generic\SDL_sysmain_callbacks.c.obj
[758/903] Building C object _deps\sdl3-build\CMakeFiles\SDL3-shared.dir\src\dialog\windows\SDL_windowsdialog.c.obj
[759/903] Building C object _deps\sdl3-build\CMakeFiles\SDL3-shared.dir\src\camera\mediafoundation\SDL_camera_mediafoundation.c.obj
[760/903] Building C object _deps\sdl3-build\CMakeFiles\SDL3-shared.dir\src\video\offscreen\SDL_offscreenwindow.c.obj
[761/903] Building CXX object _deps\sdl3-build\CMakeFiles\SDL3-shared.dir\src\joystick\gdk\SDL_gameinputjoystick.cpp.obj
[762/903] Building C object _deps\sdl3-build\CMakeFiles\SDL3-shared.dir\src\video\offscreen\SDL_offscreenvulkan.c.obj
[763/903] Building C object _deps\sdl3-build\CMakeFiles\SDL3-shared.dir\src\gpu\vulkan\SDL_gpu_vulkan.c.obj
[764/903] Building C object _deps\sdl3-build\CMakeFiles\SDL3-shared.dir\src\gpu\d3d12\SDL_gpu_d3d12.c.obj
[765/903] Building C object _deps\sdl3-build\CMakeFiles\SDL3-shared.dir\src\joystick\windows\SDL_rawinputjoystick.c.obj
[766/903] Building C object _deps\sdl3-build\CMakeFiles\SDL3-shared.dir\src\joystick\windows\SDL_windows_gaming_input.c.obj
[767/903] Building CXX object CMakeFiles\test_exposure.dir\tests\AbortBehaviour.cpp.obj
[768/903] Building CXX object CMakeFiles\test_double_double.dir\tests\AbortBehaviour.cpp.obj
[769/903] Building CXX object CMakeFiles\test_camera.dir\tests\AbortBehaviour.cpp.obj
[770/903] Building CXX object CMakeFiles\test_astro_time.dir\tests\AbortBehaviour.cpp.obj
[771/903] Building CXX object CMakeFiles\test_earth_orientation.dir\tests\AbortBehaviour.cpp.obj
[772/903] Building CXX object CMakeFiles\test_half.dir\tests\AbortBehaviour.cpp.obj
[773/903] Building CXX object CMakeFiles\test_fixture_file.dir\tests\AbortBehaviour.cpp.obj
[774/903] Building CXX object CMakeFiles\test_half.dir\tests\test_half.cpp.obj
[775/903] Building CXX object CMakeFiles\test_hdr_dump.dir\tests\AbortBehaviour.cpp.obj
[776/903] Building CXX object CMakeFiles\test_double_double.dir\tests\test_double_double.cpp.obj
[777/903] Building CXX object CMakeFiles\test_image_files.dir\tests\AbortBehaviour.cpp.obj
[778/903] Building CXX object CMakeFiles\orbsim_view.dir\src\view\Camera.cpp.obj
[779/903] Building CXX object CMakeFiles\test_hdr_dump.dir\tests\test_hdr_dump.cpp.obj
[780/903] Building CXX object CMakeFiles\orbsim_test_support.dir\tests\OrbitTestSupport.cpp.obj
[781/903] Building CXX object CMakeFiles\orbsim_test_support.dir\tests\FixtureFile.cpp.obj
[782/903] Building CXX object CMakeFiles\test_image_files.dir\tests\test_image_files.cpp.obj
[783/903] Linking CXX static library orbsim_test_support_d.lib
[784/903] Building CXX object CMakeFiles\test_orbit_scales.dir\tests\AbortBehaviour.cpp.obj
[785/903] Building CXX object CMakeFiles\test_math.dir\tests\AbortBehaviour.cpp.obj
[786/903] Building CXX object CMakeFiles\orbsim_view.dir\src\view\ProbeSidecar.cpp.obj
[787/903] Building CXX object CMakeFiles\test_pipeline_inputs.dir\tests\AbortBehaviour.cpp.obj
[788/903] Linking CXX static library orbsim_view_d.lib
[789/903] Building CXX object CMakeFiles\test_orbit.dir\tests\AbortBehaviour.cpp.obj
[790/903] Building CXX object CMakeFiles\test_probe_sidecar.dir\tests\AbortBehaviour.cpp.obj
[791/903] Building CXX object CMakeFiles\test_projection.dir\tests\AbortBehaviour.cpp.obj
[792/903] Building CXX object CMakeFiles\test_render_quality.dir\tests\AbortBehaviour.cpp.obj
[793/903] Building CXX object CMakeFiles\test_srgb.dir\tests\AbortBehaviour.cpp.obj
[794/903] Building CXX object CMakeFiles\test_sun.dir\tests\AbortBehaviour.cpp.obj
[795/903] Building CXX object CMakeFiles\test_srgb.dir\tests\test_srgb.cpp.obj
[796/903] Building CXX object CMakeFiles\test_time.dir\tests\AbortBehaviour.cpp.obj
[797/903] Building CXX object CMakeFiles\test_tonemap.dir\tests\AbortBehaviour.cpp.obj
[798/903] Building CXX object CMakeFiles\test_tonemap.dir\tests\test_tonemap.cpp.obj
[799/903] Building CXX object CMakeFiles\test_units_validated.dir\tests\AbortBehaviour.cpp.obj
[800/903] Building C object CMakeFiles\t_erfa_c.dir\_deps\erfa-src\src\t_erfa_c.c.obj
[801/903] Building C object CMakeFiles\t_erfa_c_extra.dir\_deps\erfa-src\src\t_erfa_c_extra.c.obj
[802/903] Linking CXX static library vma_impl_d.lib
[803/903] Building CXX object CMakeFiles\test_exposure.dir\tests\test_exposure.cpp.obj
[804/903] Building CXX object CMakeFiles\count_wraparound_subtraction.dir\tests\count_wraparound_subtraction.cpp.obj
[805/903] Building CXX object CMakeFiles\count_wraparound_addition.dir\tests\count_wraparound_addition.cpp.obj
[806/903] Building CXX object CMakeFiles\count_wraparound_multiplication.dir\tests\count_wraparound_multiplication.cpp.obj
[807/903] Building CXX object CMakeFiles\orbsim_header_selfcheck.dir\selfcheck\orbsim_header_selfcheck_core_Contract_hpp.cpp.obj
[808/903] Building CXX object CMakeFiles\test_view_math.dir\tests\AbortBehaviour.cpp.obj
[809/903] Building CXX object CMakeFiles\orbsim_header_selfcheck.dir\selfcheck\orbsim_header_selfcheck_core_Scalar_hpp.cpp.obj
[810/903] Building CXX object CMakeFiles\test_camera.dir\tests\test_camera.cpp.obj
[811/903] Building CXX object CMakeFiles\test_probe_clear.dir\tests\AbortBehaviour.cpp.obj
[812/903] Building CXX object CMakeFiles\orbsim_header_selfcheck.dir\selfcheck\orbsim_header_selfcheck_core_DoubleDouble_hpp.cpp.obj
[813/903] Building CXX object CMakeFiles\test_astro_time.dir\tests\test_astro_time.cpp.obj
[814/903] Building CXX object CMakeFiles\test_earth_orientation.dir\tests\test_earth_orientation.cpp.obj
[815/903] Building CXX object CMakeFiles\orbsim_header_selfcheck.dir\selfcheck\orbsim_header_selfcheck_core_LeapSeconds_hpp.cpp.obj
[816/903] Building CXX object CMakeFiles\test_probe_clear.dir\tests\test_probe_clear.cpp.obj
[817/903] Building CXX object CMakeFiles\test_fixture_file.dir\tests\test_fixture_file.cpp.obj
[818/903] Building CXX object CMakeFiles\test_math.dir\tests\test_math.cpp.obj
[819/903] Building CXX object CMakeFiles\orbsim_view_header_selfcheck.dir\selfcheck\orbsim_view_header_selfcheck_view_Frame_hpp.cpp.obj
[820/903] Building CXX object CMakeFiles\test_pipeline_inputs.dir\tests\test_pipeline_inputs.cpp.obj
[821/903] Building CXX object CMakeFiles\orbsim_view_header_selfcheck.dir\selfcheck\orbsim_view_header_selfcheck_view_Half_hpp.cpp.obj
[822/903] Building CXX object CMakeFiles\test_render_quality.dir\tests\test_render_quality.cpp.obj
[823/903] Building CXX object CMakeFiles\test_orbit.dir\tests\test_orbit.cpp.obj
[824/903] Building CXX object CMakeFiles\test_projection.dir\tests\test_projection.cpp.obj
[825/903] Building CXX object CMakeFiles\orbsim_view_header_selfcheck.dir\selfcheck\orbsim_view_header_selfcheck_view_ProbeImage_hpp.cpp.obj
[826/903] Building CXX object CMakeFiles\test_probe_sidecar.dir\tests\test_probe_sidecar.cpp.obj
[827/903] Building CXX object CMakeFiles\test_orbit_scales.dir\tests\test_orbit_scales.cpp.obj
[828/903] Building CXX object CMakeFiles\orbsim_view_header_selfcheck.dir\selfcheck\orbsim_view_header_selfcheck_view_PushConstants_hpp.cpp.obj
[829/903] Building CXX object CMakeFiles\orbsim_view_header_selfcheck.dir\selfcheck\orbsim_view_header_selfcheck_view_RenderQuality_hpp.cpp.obj
[830/903] Building CXX object CMakeFiles\orbsim_view_header_selfcheck.dir\selfcheck\orbsim_view_header_selfcheck_view_SceneClear_hpp.cpp.obj
[831/903] Building CXX object CMakeFiles\orbsim_view_header_selfcheck.dir\selfcheck\orbsim_view_header_selfcheck_view_ImageFiles_hpp.cpp.obj
[832/903] Building CXX object CMakeFiles\orbsim_view_header_selfcheck.dir\selfcheck\orbsim_view_header_selfcheck_view_Srgb_hpp.cpp.obj
[833/903] Building CXX object CMakeFiles\orbsim_view_header_selfcheck.dir\selfcheck\orbsim_view_header_selfcheck_view_Tonemap_hpp.cpp.obj
[834/903] Building CXX object CMakeFiles\test_units_validated.dir\tests\test_units_validated.cpp.obj
[835/903] Building CXX object CMakeFiles\test_sun.dir\tests\test_sun.cpp.obj
[836/903] Building CXX object CMakeFiles\orbsim_test_header_selfcheck.dir\selfcheck\orbsim_test_header_selfcheck_tests_CountWraparound_hpp.cpp.obj
[837/903] Building CXX object CMakeFiles\test_time.dir\tests\test_time.cpp.obj
[838/903] Building CXX object CMakeFiles\test_view_math.dir\tests\test_view_math.cpp.obj
[839/903] Building CXX object CMakeFiles\orbsim_render_header_selfcheck.dir\selfcheck\orbsim_render_header_selfcheck_render_VulkanHandle_hpp.cpp.obj
[840/903] Building CXX object CMakeFiles\orbsim_render_header_selfcheck.dir\selfcheck\orbsim_render_header_selfcheck_app_ExitCodes_hpp.cpp.obj
[841/903] Building CXX object CMakeFiles\orbsim_test_header_selfcheck.dir\selfcheck\orbsim_test_header_selfcheck_tests_HdrDumpFile_hpp.cpp.obj
[842/903] Building CXX object CMakeFiles\orbsim_header_selfcheck.dir\selfcheck\orbsim_header_selfcheck_core_Units_hpp.cpp.obj
[843/903] Building CXX object CMakeFiles\orbsim_header_selfcheck.dir\selfcheck\orbsim_header_selfcheck_astro_Tdb_hpp.cpp.obj
[844/903] Building CXX object CMakeFiles\orbsim_render_header_selfcheck.dir\selfcheck\orbsim_render_header_selfcheck_app_SdlHandle_hpp.cpp.obj
[845/903] Building CXX object CMakeFiles\orbsim_header_selfcheck.dir\selfcheck\orbsim_header_selfcheck_astro_Sun_hpp.cpp.obj
[846/903] Building CXX object CMakeFiles\orbsim_header_selfcheck.dir\selfcheck\orbsim_header_selfcheck_astro_EarthOrientation_hpp.cpp.obj
[847/903] Building CXX object CMakeFiles\orbsim_header_selfcheck.dir\selfcheck\orbsim_header_selfcheck_core_Math_hpp.cpp.obj
[848/903] Building CXX object CMakeFiles\orbsim_render_header_selfcheck.dir\selfcheck\orbsim_render_header_selfcheck_render_VulkanContext_hpp.cpp.obj
[849/903] Building CXX object CMakeFiles\orbsim_view_header_selfcheck.dir\selfcheck\orbsim_view_header_selfcheck_view_Exposure_hpp.cpp.obj
[850/903] Linking CXX static library _deps\vk_bootstrap-build\vk-bootstrap_d.lib
[851/903] Building CXX object CMakeFiles\orbsim_header_selfcheck.dir\selfcheck\orbsim_header_selfcheck_core_Time_hpp.cpp.obj
[852/903] Building CXX object CMakeFiles\orbsim_render_header_selfcheck.dir\selfcheck\orbsim_render_header_selfcheck_app_ProbeMode_hpp.cpp.obj
[853/903] Building CXX object CMakeFiles\orbsim_header_selfcheck.dir\selfcheck\orbsim_header_selfcheck_orbit_Orbit_hpp.cpp.obj
[854/903] Building CXX object CMakeFiles\orbsim_view_header_selfcheck.dir\selfcheck\orbsim_view_header_selfcheck_view_Mat4_hpp.cpp.obj
[855/903] Building CXX object CMakeFiles\orbsim_view_header_selfcheck.dir\selfcheck\orbsim_view_header_selfcheck_view_ProbeGradient_hpp.cpp.obj
[856/903] Building CXX object CMakeFiles\orbsim_view_header_selfcheck.dir\selfcheck\orbsim_view_header_selfcheck_view_Camera_hpp.cpp.obj
[857/903] Building CXX object CMakeFiles\orbsim_view_header_selfcheck.dir\selfcheck\orbsim_view_header_selfcheck_view_Projection_hpp.cpp.obj
[858/903] Linking CXX executable test_double_double.exe
[859/903] Linking CXX executable test_astro_time.exe
[860/903] Building CXX object CMakeFiles\orbsim_view_header_selfcheck.dir\selfcheck\orbsim_view_header_selfcheck_view_ProbeSidecar_hpp.cpp.obj
[861/903] Linking CXX executable test_earth_orientation.exe
[862/903] Linking CXX executable count_wraparound_subtraction.exe
[863/903] Linking CXX executable count_wraparound_addition.exe
[864/903] Linking CXX executable count_wraparound_multiplication.exe
[865/903] Linking CXX executable test_math.exe
[866/903] Building CXX object CMakeFiles\orbsim_view_header_selfcheck.dir\selfcheck\orbsim_view_header_selfcheck_view_VertexLayout_hpp.cpp.obj
[867/903] Linking CXX executable test_fixture_file.exe
[868/903] Linking CXX executable test_orbit_scales.exe
[869/903] Linking CXX shared library _deps\sdl3-build\SDL3_d.dll
[870/903] Linking C executable t_erfa_c_extra.exe
[871/903] Linking C executable t_erfa_c.exe
[872/903] Building CXX object CMakeFiles\orbsim_test_header_selfcheck.dir\selfcheck\orbsim_test_header_selfcheck_tests_FixtureFile_hpp.cpp.obj
[873/903] Building CXX object CMakeFiles\orbsim_test_header_selfcheck.dir\selfcheck\orbsim_test_header_selfcheck_tests_OrbitTestSupport_hpp.cpp.obj
[874/903] Building CXX object CMakeFiles\orbsim_render_header_selfcheck.dir\selfcheck\orbsim_render_header_selfcheck_render_Probes_hpp.cpp.obj
[875/903] Building CXX object CMakeFiles\orbsim_render_header_selfcheck.dir\selfcheck\orbsim_render_header_selfcheck_render_Pipeline_hpp.cpp.obj
[876/903] Linking CXX executable test_sun.exe
[877/903] Linking CXX executable test_units_validated.exe
[878/903] Linking CXX executable test_time.exe
[879/903] Linking CXX executable test_probe_clear.exe
[880/903] Linking CXX executable test_camera.exe
[881/903] Linking CXX executable test_half.exe
[882/903] Building CXX object CMakeFiles\orbsim_render_header_selfcheck.dir\selfcheck\orbsim_render_header_selfcheck_render_ResolvePass_hpp.cpp.obj
[883/903] Linking CXX executable test_hdr_dump.exe
[884/903] Linking CXX executable test_pipeline_inputs.exe
[885/903] Linking CXX executable test_exposure.exe
[886/903] Linking CXX executable test_probe_sidecar.exe
[887/903] Linking CXX executable test_image_files.exe
[888/903] Linking CXX executable test_projection.exe
[889/903] Linking CXX executable test_tonemap.exe
[890/903] Linking CXX executable test_render_quality.exe
[891/903] Linking CXX executable test_srgb.exe
[892/903] Linking CXX executable test_view_math.exe
[893/903] Linking CXX executable test_orbit.exe
[894/903] Building CXX object CMakeFiles\orbsim.dir\src\render\ResolvePass.cpp.obj
[895/903] Building CXX object CMakeFiles\orbsim.dir\src\render\Pipeline.cpp.obj
[896/903] Building CXX object CMakeFiles\orbsim.dir\src\render\Probes.cpp.obj
[897/903] Building CXX object CMakeFiles\orbsim.dir\src\app\main.cpp.obj
[898/903] Building CXX object CMakeFiles\orbsim.dir\src\app\ProbeMode.cpp.obj
[899/903] Building CXX object CMakeFiles\orbsim.dir\src\render\VulkanContext.cpp.obj
[900/903] Linking CXX executable orbsim.exe
[901/903] Building CXX object CMakeFiles\orbsim_fuzz_objects.dir\tests\fuzz_time.cpp.obj
[902/903] Building CXX object CMakeFiles\orbsim_fuzz_objects.dir\tests\fuzz_orbit.cpp.obj
